      Step          Pe(mixed)          E_total                Temp                  Pe                  Ke   Speed(ns/day)
         0        4.4706424297        4.4706424297        0.0000000000        4.4706424297        0.0000000000      0.00000000
         1        4.4702291781        4.4706424420        1.5985745900        4.4702291781        0.0004132640      0.01916235
         2        4.4689897324        4.4706424918        6.3931514829        4.4689897324        0.0016527594      0.01992324
         3        4.4669246904        4.4706422874       14.3802909115        4.4669246904        0.0037175970      0.02015825
         4        4.4640359284        4.4706422238       25.5542629522        4.4640359284        0.0066062955      0.02005300
         5        4.4603256088        4.4706423915       39.9070521922        4.4603256088        0.0103167827      0.02014223
         6        4.4557961790        4.4706425764       57.4283640152        4.4557961790        0.0148463973      0.02017958
         7        4.4504513601        4.4706432510       78.1056328631        4.4504513601        0.0201918909      0.02009415
         8        4.4442931750        4.4706426053      101.9240317166        4.4442931750        0.0263494302      0.02014592
         9        4.4373265038        4.4706411045      128.8664835159        4.4373265038        0.0333146007      0.02017379
        10        4.4295581999        4.4706406095      158.9136760545        4.4295581999        0.0410824096      0.02001104
        11        4.4209934169        4.4706407075      192.0440773431        4.4209934169        0.0496472906      0.02010964
        12        4.4116383702        4.4706414777      228.2339520009        4.4116383702        0.0590031075      0.02012779
        13        4.4014961300        4.4706392890      267.4573781673        4.4014961300        0.0691431590      0.02014463
        14        4.3905786879        4.4706388723      309.6862701038        4.3905786879        0.0800601844      0.02011657
        15        4.3788935515        4.4706399213      354.8904027588        4.3788935515        0.0917463698      0.01801549
        16        4.3664445309        4.4706378842      403.0374300707        4.3664445309        0.1041933533      0.01994089
        17        4.3532451581        4.4706373897      454.0929131814        4.3532451581        0.1173922316      0.01933081
        18        4.3393040275        4.4706375958      508.0203504201        4.3393040275        0.1313335683      0.01939692
        19        4.3246283743        4.4706357742      564.7812008680        4.3246283743        0.1460073998      0.01997051
        20        4.3092335565        4.4706368008      624.3349188528        4.3092335565        0.1614032443      0.01924289
        21        4.2931240636        4.4706341725      686.6389827406        4.2931240636        0.1775101089      0.01989677
        22        4.2763187003        4.4706351997      751.6489305027        4.2763187003        0.1943164995      0.01958483
        23        4.2588223339        4.4706327627      819.3183939441        4.2588223339        0.2118104288      0.01975000
        24        4.2406543604        4.4706337866      889.5991342302        4.2406543604        0.2299794262      0.01863680
        25        4.2218207574        4.4706313047      962.4410807789        4.2218207574        0.2488105473      0.01930126
        26        4.2023409615        4.4706313457     1037.7923691958        4.2023409615        0.2682903842      0.01921254
        27        4.1822249448        4.4706300211     1115.5993843516        4.1822249448        0.2884050764      0.01887742
        28        4.1614885229        4.4706288430     1195.8067976246        4.1614885229        0.3091403201      0.01916701
        29        4.1401481833        4.4706295649     1278.3576163219        4.1401481833        0.3304813817      0.01929730
        30        4.1182138865        4.4706269931     1363.1932200672        4.1182138865        0.3524131066      0.01927903
        31        4.0957057046        4.4706256365     1450.2534092407        4.0957057046        0.3749199319      0.02007172
        32        4.0726394186        4.4706253190     1539.4764582817        4.0726394186        0.3979859004      0.02018267
        33        4.0490295214        4.4706241920     1630.7991554272        4.0490295214        0.4215946706      0.01956373
        34        4.0248927647        4.4706222939     1724.1568513917        4.0248927647        0.4457295292      0.02008462
        35        4.0002477489        4.4706211545     1819.4835136473        4.0002477489        0.4703734056      0.02009403
        36        3.9751121180        4.4706210025     1916.7117773603        3.9751121180        0.4955088845      0.01938105
        37        3.9495026429        4.4706208620     2015.7729945289        3.9495026429        0.5211182191      0.01995292
        38        3.9234360144        4.4706193580     2116.5972836771        3.9234360144        0.5471833436      0.01932514
        39        3.8969317865        4.4706176743     2219.1135856787        3.8969317865        0.5736858877      0.01911812
        40        3.8700088043        4.4706159959     2323.2497209960        3.8700088043        0.6006071916      0.01942187
        41        3.8426862533        4.4706145729     2428.9324430234        3.8426862533        0.6279283196      0.01926084
        42        3.8149830983        4.4706131725     2536.0874933017        3.8149830983        0.6556300742      0.01922038
        43        3.7869189046        4.4706119158     2644.6396575178        3.7869189046        0.6836930112      0.01929946
        44        3.7585131770        4.4706106307     2754.5128224870        3.7585131770        0.7120974537      0.01923640
        45        3.7297861483        4.4706096555     2865.6300332691        3.7297861483        0.7408235072      0.01929032
        46        3.7007573140        4.4706083890     2977.9135516683        3.7007573140        0.7698510750      0.01934887
        47        3.6714472012        4.4706070738     3091.2849144025        3.6714472012        0.7991598725      0.01478703
        48        3.6418767876        4.4706062312     3205.6649929229        3.6418767876        0.8287294436      0.01925265
        49        3.6120661223        4.4706052972     3320.9740515072        3.6120661223        0.8585391749      0.01992456
        50        3.5820366291        4.4706049407     3437.1318071117        3.5820366291        0.8885683115      0.01920541
        51        3.5518065047        4.4706024763     3554.0574845785        3.5518065047        0.9187959716      0.01930887
        52        3.5213996849        4.4706008471     3671.6698803653        3.5213996849        0.9492011623      0.01926647
        53        3.4908365568        4.4705993540     3789.8874287679        3.4908365568        0.9797627972      0.02010005
        54        3.4601386177        4.4705983281     3908.6282564401        3.4601386177        1.0104597104      0.02005223
        55        3.4293278526        4.4705985252     4027.8102447450        3.4293278526        1.0412706725      0.02000446
        56        3.3984210618        4.4705954656     4147.3510795352        3.3984210618        1.0721744038      0.02013199
        57        3.3674443040        4.4705938957     4267.1683205377        3.3674443040        1.1031495917      0.02010345
        58        3.3364183464        4.4705932555     4387.1794709666        3.3364183464        1.1341749091      0.01998681
        59        3.3053628957        4.4705919214     4507.3020216523        3.3053628957        1.1652290258      0.02011556
        60        3.2742992598        4.4705898843     4627.4535143860        3.2742992598        1.1962906245      0.02012807
        61        3.2432511955        4.4705896149     4747.5516113173        3.2432511955        1.2273384193      0.01966608
        62        3.2122363049        4.4705874729     4867.5141438476        3.2122363049        1.2583511680      0.01873638
        63        3.1812784049        4.4705860927     4987.2591732539        3.1812784049        1.2893076878      0.01920658
        64        3.1503985338        4.4705854065     5106.7050585660        3.1503985338        1.3201868727      0.01994397
        65        3.1196155749        4.4705832809     5225.7705031262        3.1196155749        1.3509677059      0.02011389
        66        3.0889542739        4.4705835510     5344.3746217544        3.0889542739        1.3816292771      0.01957219
        67        3.0584299988        4.4705807940     5462.4369915651        3.0584299988        1.4121507952      0.02000441
        68        3.0280687084        4.4705803130     5579.8777131262        3.0280687084        1.4425116046      0.01900842
        69        2.9978867998        4.4705780000     5696.6174692006        2.9978867998        1.4726912002      0.01927534
        70        2.9679079641        4.4705772048     5812.5775763053        2.9679079641        1.5026692407      0.01883998
        71        2.9381504948        4.4705760594     5927.6800463540        2.9381504948        1.5324255646      0.01921244
        72        2.9086346194        4.4705748214     6041.8476319745        2.9086346194        1.5619402020      0.01992171
        73        2.8793816081        4.4705749991     6155.0038918574        2.8793816081        1.5911933911      0.01915369
        74        2.8504063226        4.4705719116     6267.0732305821        2.8504063226        1.6201655890      0.01920256
        75        2.8217335248        4.4705710124     6377.9809609132        2.8217335248        1.6488374876      0.01874457
        76        2.7933810071        4.4705710369     6487.6533666266        2.7933810071        1.6771900298      0.01921106
        77        2.7653641838        4.4705685995     6596.0177276287        2.7653641838        1.7052044158      0.01912655
        78        2.7377055293        4.4705676497     6703.0023846779        2.7377055293        1.7328621204      0.01916864
        79        2.7104222483        4.4705671558     6808.5367979575        2.7104222483        1.7601449075      0.01994677
        80        2.6835312048        4.4705660441     6912.5515809428        2.6835312048        1.7870348393      0.02002984
        81        2.6570499792        4.4705642680     7014.9785489553        2.6570499792        1.8135142888      0.02012494
        82        2.6309969505        4.4705629039     7115.7507730321        2.6309969505        1.8395659534      0.02006050
        83        2.6053897004        4.4705625678     7214.8026269503        2.6053897004        1.8651728674      0.02006277
        84        2.5802436952        4.4705621075     7312.0698274066        2.5802436952        1.8903184123      0.02003709
        85        2.5555747530        4.4705610800     7407.4894740117        2.5555747530        1.9149863270      0.02010992
        86        2.5313990149        4.4705597348     7501.0000949135        2.5313990149        1.9391607198      0.02013221
        87        2.5077321044        4.4705581841     7592.5416905641        2.5077321044        1.9628260797      0.02015012
        88        2.4845899366        4.4705572236     7682.0557760150        2.4845899366        1.9859672870      0.02009225
        89        2.4619870771        4.4705567008     7769.4854188720        2.4619870771        2.0085696236      0.01867093
        90        2.4399367991        4.4705555805     7854.7752730478        2.4399367991        2.0306187815      0.01874229
        91        2.4184539609        4.4705548341     7937.8716202255        2.4184539609        2.0521008732      0.01996754
        92        2.3975515215        4.4705539631     8018.7224051366        2.3975515215        2.0730024416      0.02008429
        93        2.3772427969        4.4705532647     8097.2772689462        2.3772427969        2.0933104678      0.01994342
        94        2.3575399360        4.4705523163     8173.4875830043        2.3575399360        2.1130123803      0.01993157
        95        2.3384559042        4.4705519677     8247.3064819160        2.3384559042        2.1320960634      0.01957763
        96        2.3200011681        4.4705510334     8318.6888942438        2.3200011681        2.1505498654      0.01998246
        97        2.3021876077        4.4705502132     8387.5915716145        2.3021876077        2.1683626055      0.01921835
        98        2.2850260833        4.4705496659     8453.9731198365        2.2850260833        2.1855235826      0.01940825
        99        2.2685263337        4.4705489146     8517.7940226237        2.2685263337        2.2020225809      0.01991569
       100        2.2526987233        4.4705486006     8579.0166694251        2.2526987233        2.2178498773      0.02006044
       101        2.2375522608        4.4705485084     8637.6053795748        2.2375522608        2.2329962476      0.02011841
       102        2.2230954378        4.4705484102     8693.5264247391        2.2230954378        2.2474529724      0.02012064
       103        2.2093363521        4.4705481949     8746.7480512636        2.2093363521        2.2612118428      0.00844959
       104        2.1962820159        4.4705471803     8797.2404967497        2.1962820159        2.2742651644      0.02009487
       105        2.1839407081        4.4705464725     8844.9760147036        2.1839407081        2.2866057644      0.02013383
       106        2.1723188164        4.4705458120     8889.9288930995        2.1723188164        2.2982269955      0.01922283
       107        2.1614230414        4.4705457817     8932.0754680158        2.1614230414        2.3091227403      0.02010356
       108        2.1512584368        4.4705458517     8971.3941404005        2.1512584368        2.3192874149      0.01858137
       109        2.1418303109        4.4705462834     9007.8653883689        2.1418303109        2.3287159725      0.02001839
       110        2.1331411161        4.4705450204     9041.4717712014        2.1331411161        2.3374039043      0.02002226
       111        2.1251974765        4.4705447216     9072.1979502881        2.1251974765        2.3453472450      0.02008106
       112        2.1180017690        4.4705443449     9100.0307013724        2.1180017690        2.3525425759      0.01941672
       113        2.1115577985        4.4705448239     9124.9589165108        2.1115577985        2.3589870253      0.01990907
       114        2.1058666872        4.4705449574     9146.9736093981        2.1058666872        2.3646782701      0.01936055
       115        2.1009296592        4.4705441952     9166.0679168125        2.1009296592        2.3696145360      0.01894804
       116        2.0967496488        4.4705442501     9182.2371129345        2.0967496488        2.3737946013      0.01888160
       117        2.0933269007        4.4705446975     9195.4786091920        2.0933269007        2.3772177967      0.01941995
       118        2.0906606889        4.4705446928     9205.7919476421        2.0906606889        2.3798840040      0.01935197
       119        2.0887504484        4.4705441038     9213.1788009186        2.0887504484        2.3817936554      0.01889380
       120        2.0875965324        4.4705442680     9217.6429774752        2.0875965324        2.3829477357      0.01931031
       121        2.0871977436        4.4705455244     9219.1904193830        2.0871977436        2.3833477808      0.02008696
       122        2.0875489738        4.4705448476     9217.8291838766        2.0875489738        2.3829958738      0.01888027
       123        2.0886505163        4.4705451614     9213.5694459978        2.0886505163        2.3818946451      0.01927431
       124        2.0904986755        4.4705459477     9206.4234967681        2.0904986755        2.3800472722      0.01997018
       125        2.0930884522        4.4705459261     9196.4057208372        2.0930884522        2.3774574739      0.01945258
       126        2.0964162038        4.4705457121     9183.5325896208        2.0964162038        2.3741295083      0.02002132
       127        2.1004784437        4.4705466160     9167.8226581477        2.1004784437        2.3700681723      0.01931808
       128        2.1052681655        4.4705469613     9149.2965438563        2.1052681655        2.3652787958      0.01938090
       129        2.1107797010        4.4705469382     9127.9769073294        2.1107797010        2.3597672372      0.02007633
       130        2.1170082003        4.4705480815     9103.8884461034        2.1170082003        2.3535398812      0.01922982
       131        2.1239451052        4.4705487388     9077.0578728163        2.1239451052        2.3466036336      0.02003510
       132        2.1315827095        4.4705486242     9047.5138900895        2.1315827095        2.3389659146      0.01882397
       133        2.1399148682        4.4705495243     9015.2871796743        2.1399148682        2.3306346561      0.01944323
       134        2.1489325064        4.4705508022     8980.4103802474        2.1489325064        2.3216182958      0.01943786
       135        2.1586247541        4.4705505222     8942.9180511898        2.1586247541        2.3119257680      0.01922722
       136        2.1689846822        4.4705511824     8902.8466594282        2.1689846822        2.3015665002      0.01931216
       137        2.1800020981        4.4705525058     8860.2345592075        2.1800020981        2.2905504077      0.02009270
       138        2.1916647921        4.4705526751     8815.1219503661        2.1916647921        2.2788878830      0.01923416
       139        2.2039633236        4.4705531133     8767.5508553269        2.2039633236        2.2665897897      0.01955888
       140        2.2168870802        4.4705545374     8717.5650980099        2.2168870802        2.2536674572      0.01936645
       141        2.2304224645        4.4705551344     8665.2102622580        2.2304224645        2.2401326699      0.01933725
       142        2.2445582007        4.4705558592     8610.5336589114        2.2445582007        2.2259976586      0.01876821
       143        2.2592818278        4.4705569221     8553.5843018218        2.2592818278        2.2112750942      0.01929679
       144        2.2745803704        4.4705584489     8494.4128701878        2.2745803704        2.1959780786      0.01914469
       145        2.2904385303        4.4705586625     8433.0716639250        2.2904385303        2.1801201321      0.01872699
       146        2.3068444605        4.4705596474     8369.6145745228        2.3068444605        2.1637151870      0.01932859
       147        2.3237830927        4.4705606701     8304.0970495364        2.3237830927        2.1467775774      0.01913559
       148        2.3412399957        4.4705620241     8236.5760477249        2.3412399957        2.1293220285      0.01875680
       149        2.3591989661        4.4705626113     8167.1099983554        2.3591989661        2.1113636452      0.02008496
       150        2.3776455463        4.4705634490     8095.7587611820        2.3776455463        2.0929179027      0.02013104
       151        2.3965639749        4.4705646105     8022.5835873821        2.3965639749        2.0740006356      0.02013848
       152        2.4159380696        4.4705660958     7947.6470731432        2.4159380696        2.0546280262      0.02013344
       153        2.4357509425        4.4705675352     7871.0131136188        2.4357509425        2.0348165927      0.02015186
       154        2.4559848703        4.4705680469     7792.7468542236        2.4559848703        2.0145831767      0.02005617
       155        2.4766243018        4.4705692340     7712.9146507164        2.4766243018        1.9939449322      0.02015079
       156        2.4976507207        4.4705700349     7631.5840205459        2.4976507207        1.9729193142      0.02017688
       157        2.5190474652        4.4705715297     7548.8235930772        2.5190474652        1.9515240644      0.01880893
       158        2.5407956786        4.4705728787     7464.7030610458        2.5407956786        1.9297772001      0.01935274
       159        2.5628771511        4.4705741502     7379.2931265623        2.5628771511        1.9076969991      0.00614102
       160        2.5852739468        4.4705759352     7292.6654554585        2.5852739468        1.8853019884      0.02014122
       161        2.6079660223        4.4705769519     7204.8926205580        2.6079660223        1.8626109297      0.02015500
       162        2.6309353124        4.4705781181     7116.0480503474        2.6309353124        1.8396428056      0.01957753
       163        2.6541625835        4.4705793910     7026.2059797587        2.6541625835        1.8164168075      0.01936515
       164        2.6776284395        4.4705807596     6935.4413927368        2.6776284395        1.7929523201      0.01880785
       165        2.7013129278        4.4705818355     6843.8299665381        2.7013129278        1.7692689077      0.01876738
       166        2.7251968491        4.4705831491     6751.4480195273        2.7251968491        1.7453862999      0.01918213
       167        2.7492600321        4.4705844096     6658.3724530907        2.7492600321        1.7213243775      0.01924212
       168        2.7734825902        4.4705857470     6564.6806939743        2.7734825902        1.6971031568      0.01876403
       169        2.7978442346        4.4705870105     6470.4506402050        2.7978442346        1.6727427759      0.01893082
       170        2.8223244837        4.4705879632     6375.7606008286        2.8223244837        1.6482634795      0.01935610
       171        2.8469037046        4.4705893085     6280.6892406737        2.8469037046        1.6236856039      0.02001772
       172        2.8715610265        4.4705905888     6185.3155213050        2.8715610265        1.5990295623      0.02010050
       173        2.8962763311        4.4705921603     6089.7186411074        2.8962763311        1.5743158291      0.02017469
       174        2.9210289630        4.4705938880     5993.9779771868        2.9210289630        1.5495649249      0.02016750
       175        2.9457977687        4.4705951693     5898.1730236441        2.9457977687        1.5247974005      0.02013898
       176        2.9705622987        4.4705961205     5802.3833325585        2.9705622987        1.5000338218      0.02018835
       177        2.9953027107        4.4705974658     5706.6884581925        2.9953027107        1.4752947552      0.02017784
       178        3.0199985497        4.4705993012     5611.1678949006        3.0199985497        1.4506007514      0.02017722
       179        3.0446276702        4.4705999993     5515.9010116480        3.0446276702        1.4259723291      0.02013909
       180        3.0691715685        4.4706015290     5420.9669981172        3.0691715685        1.4014299604      0.02003898
       181        3.0936091198        4.4706031755     5326.4448050478        3.0936091198        1.3769940557      0.02014575
       182        3.1179191915        4.4706041378     5232.4130779865        3.1179191915        1.3526849463      0.02018537
       183        3.1420833705        4.4706062413     5138.9501026336        3.1420833705        1.3285228708      0.02015102
       184        3.1660786551        4.4706066132     5046.1337409757        3.1660786551        1.3045279581      0.02015617
       185        3.1898884134        4.4706086259     4954.0413729998        3.1898884134        1.2807202124      0.02008897
       186        3.2134897422        4.4706092402     4862.7498365608        3.2134897422        1.2571194979      0.01928919
       187        3.2368653982        4.4706109214     4772.3353674747        3.2368653982        1.2337455232      0.01936997
       188        3.2599943548        4.4706121810     4682.8735424583        3.2599943548        1.2106178262      0.01898571
       189        3.2828571591        4.4706129175     4594.4392157410        3.2828571591        1.1877557584      0.01945414
       190        3.3054364099        4.4706148804     4507.1064652683        3.3054364099        1.1651784705      0.01937758
       191        3.3277107986        4.4706156947     4420.9485304041        3.3277107986        1.1429048962      0.01930002
       192        3.3496629672        4.4706167050     4336.0377547849        3.3496629672        1.1209537378      0.01919987
       193        3.3712744672        4.4706179197     4252.4455333794        3.3712744672        1.0993434525      0.01936277
       194        3.3925273127        4.4706195491     4170.2422523279        3.3925273127        1.0780922364      0.01902508
       195        3.4134027818        4.4706207921     4089.4972316573        3.4134027818        1.0572180103      0.01908862
       196        3.4338834091        4.4706218142     4010.2786714115        3.4338834091        1.0367384051      0.05208331
       197        3.4539517687        4.4706225173     3932.6535979803        3.4539517687        1.0166707486      0.05217968
       198        3.4735915684        4.4706236194     3856.6878098450        3.4735915684        0.9970320510      0.05227753
       199        3.4927859205        4.4706249119     3782.4458244905        3.4927859205        0.9778389915      0.05221276
       200        3.5115180704        4.4706259745     3709.9908254418        3.5115180704        0.9591079041      0.05188533
       201        3.5297719921        4.4706267572     3639.3846113251        3.5297719921        0.9408547651      0.05194482
       202        3.5475328752        4.4706280552     3570.6875463588        3.5475328752        0.9230951800      0.05227640
       203        3.5647848615        4.4706292317     3503.9585102202        3.5647848615        0.9058443702      0.05226924
       204        3.5815123831        4.4706295441     3439.2548492648        3.5815123831        0.8891171610      0.05214064
       205        3.5977023628        4.4706303321     3376.6323305424        3.5977023628        0.8729279693      0.05233907
       206        3.6133408268        4.4706316189     3316.1450966043        3.6133408268        0.8572907921      0.05217367
       207        3.6284134898        4.4706326842     3257.8456194563        3.6284134898        0.8422191943      0.05217592
       208        3.6429067689        4.4706330666     3201.7846557125        3.6429067689        0.8277262977      0.05216391
       209        3.6568094138        4.4706341838     3148.0112065412        3.6568094138        0.8138247700      0.05200259
       210        3.6701080093        4.4706348240     3096.5724768087        3.6701080093        0.8005268147      0.05195488
       211        3.6827914385        4.4706355987     3047.5138340122        3.6827914385        0.7878441601      0.05206834
       212        3.6948484240        4.4706364741     3000.8787711258        3.6948484240        0.7757880502      0.05221991
       213        3.7062676181        4.4706368526     2956.7088698818        3.7062676181        0.7643692345      0.05222931
       214        3.7170395193        4.4706374789     2915.0437654427        3.7170395193        0.7535979596      0.05225680
       215        3.7271544260        4.4706383862     2875.9211132336        3.7271544260        0.7434839602      0.05184302
       216        3.7366021409        4.4706385916     2839.3765560422        3.7366021409        0.7340364507      0.05218456
       217        3.7453748273        4.4706389447     2805.4436941002        3.7453748273        0.7252641174      0.05206909
       218        3.7534647259        4.4706398372     2774.1540566778        3.7534647259        0.7171751112      0.05246903
       219        3.7608636347        4.4706406753     2745.5370742507        3.7608636347        0.7097770406      0.05248575
       220        3.7675636901        4.4706406550     2719.6200532098        3.7675636901        0.7030769648      0.05176526
       221        3.7735596762        4.4706410642     2696.4281524481        3.7735596762        0.6970813879      0.05219584
       222        3.7788449361        4.4706411893     2675.9843614263        3.7788449361        0.6917962532      0.05199625
       223        3.7834147630        4.4706417006     2658.3094798778        3.7834147630        0.6872269376      0.05223157
       224        3.7872634798        4.4706417276     2643.4220994997        3.7872634798        0.6833782478      0.05220712
       225        3.7903878164        4.4706422311     2631.3385874836        3.7903878164        0.6802544147      0.05210166
       226        3.7927833912        4.4706424821     2622.0730718052        3.7927833912        0.6778590909      0.05223534
       227        3.7944477892        4.4706431357     2615.6374284633        3.7944477892        0.6761953465      0.05209042
       228        3.7953769666        4.4706426335     2612.0412708551        3.7953769666        0.6752656668      0.05213389
       229        3.7955707876        4.4706427374     2611.2919406312        3.7955707876        0.6750719498      0.05209604
       230        3.7950271253        4.4706426294     2613.3945002678        3.7950271253        0.6756155041      0.05231225
       231        3.7937462213        4.4706432693     2618.3517279903        3.7937462213        0.6768970480      0.05129957
       232        3.7917258866        4.4706425952     2626.1641151000        3.7917258866        0.6789167086      0.05199215
       233        3.7889690383        4.4706430594     2636.8298641652        3.7889690383        0.6816740212      0.05228847
       234        3.7854745211        4.4706424506     2650.3448895988        3.7854745211        0.6851679295      0.05210278
       235        3.7812460332        4.4706428197     2666.7028203651        3.7812460332        0.6893967865      0.05209230
       236        3.7762838641        4.4706422195     2685.8950043150        3.7762838641        0.6943583554      0.05206460
       237        3.7705926509        4.4706424625     2707.9105145136        3.7705926509        0.7000498115      0.05227527
       238        3.7641740985        4.4706418426     2732.7361581021        3.7641740985        0.7064677441      0.05227904
       239        3.7570332147        4.4706413741     2760.3564865234        3.7570332147        0.7136081594      0.05199998
       240        3.7491750998        4.4706415830     2790.7538058795        3.7491750998        0.7214664832      0.05226019
       241        3.7406032752        4.4706408402     2823.9081931189        3.7406032752        0.7300375650      0.05221878
       242        3.7313245204        4.4706402023     2859.7975112726        3.7313245204        0.7393156820      0.05217254
       243        3.7213452707        4.4706398139     2898.3974265531        3.7213452707        0.7492945432      0.00891733
       244        3.7106720086        4.4706393039     2939.6814280742        3.7106720086        0.7599672953      0.05243904
       245        3.6993122756        4.4706388027     2983.6208490972        3.6993122756        0.7713265272      0.05228357
       246        3.6872742701        4.4706385469     3030.1848908685        3.6872742701        0.7833642767      0.05209679
       247        3.6745657390        4.4706377761     3079.3406473691        3.6745657390        0.7960720372      0.05233756
       248        3.6611961399        4.4706369035     3131.0531316836        3.6611961399        0.8094407636      0.05210653
       249        3.6471755497        4.4706364302     3185.2853039103        3.6471755497        0.8234608805      0.05212339
       250        3.6325136020        4.4706358912     3241.9981007616        3.6325136020        0.8381222892      0.01994375
       251        3.6172211405        4.4706355167     3301.1504676348        3.6172211405        0.8534143762      0.01938582
       252        3.6013085964        4.4706346189     3362.6993940679        3.6013085964        0.8693260225      0.01945195
       253        3.5847878244        4.4706334363     3426.5999467541        3.5847878244        0.8858456119      0.01937727
       254        3.5676717497        4.4706327896     3492.8053031237        3.5676717497        0.9029610399      0.01969778
       255        3.5499725808        4.4706323047     3561.2667920081        3.5499725808        0.9206597238      0.01884982
       256        3.5317023001        4.4706309141     3631.9339345010        3.5317023001        0.9389286140      0.01931926
       257        3.5128765410        4.4706307435     3704.7544798452        3.5128765410        0.9577542025      0.01875481
       258        3.4935062891        4.4706288247     3779.6744524730        3.4935062891        0.9771225356      0.01937768
       259        3.4736096064        4.4706288303     3856.6381923650        3.4736096064        0.9970192239      0.01944741
       260        3.4531977169        4.4706271712     3935.5883991397        3.4531977169        1.0174294543      0.02003388
       261        3.4322882776        4.4706262794     4016.4661808634        3.4322882776        1.0383380019      0.01875175
       262        3.4108959597        4.4706252012     4099.2110967139        3.4108959597        1.0597292415      0.01943828
       263        3.3890368594        4.4706240207     4183.7612101218        3.3890368594        1.0815871613      0.01933736
       264        3.3667277243        4.4706230987     4270.0531336818        3.3667277243        1.1038953744      0.01944856
       265        3.3439851872        4.4706223190     4358.0220795519        3.3439851872        1.1266371318      0.02001264
       266        3.3208254602        4.4706207971     4447.6019152434        3.3208254602        1.1497953369      0.01930897
       267        3.2972669945        4.4706195526     4538.7252124710        3.2972669945        1.1733525582      0.01891264
       268        3.2733274517        4.4706184941     4631.3232993732        3.2733274517        1.1972910424      0.01888263
       269        3.2490244430        4.4706171725     4725.3263159234        3.2490244430        1.2215927295      0.01877575
       270        3.2243767975        4.4706160632     4820.6632667421        3.2243767975        1.2462392657      0.01934670
       271        3.1994028025        4.4706148211     4917.2620784100        3.1994028025        1.2712120185      0.01923436
       272        3.1741213151        4.4706134066     5015.0496562158        3.1741213151        1.2964920915      0.01937654
       273        3.1485516562        4.4706119946     5113.9519391385        3.1485516562        1.3220603384      0.01937950
       274        3.1227134615        4.4706108391     5213.8939560284        3.1227134615        1.3478973775      0.01934722
       275        3.0966258982        4.4706095062     5314.7998868274        3.0966258982        1.3739836080      0.01946595
       276        3.0703090869        4.4706083106     5416.5931182019        3.0703090869        1.4002992237      0.01940731
       277        3.0437829386        4.4706071669     5519.1963008573        3.0437829386        1.4268242283      0.02002154
       278        3.0170675863        4.4706060376     5622.5314125224        3.0170675863        1.4535384513      0.02019436
       279        2.9901830203        4.4706045839     5726.5198162963        2.9901830203        1.4804215636      0.02014665
       280        2.9631497447        4.4706028372     5831.0823204076        2.9631497447        1.5074530925      0.02011126
       281        2.9359891334        4.4706015699     5936.1392349510        2.9359891334        1.5346124365      0.02022745
       282        2.9087218237        4.4706007046     6041.6104319367        2.9087218237        1.5618788809      0.02017199
       283        2.8813670701        4.4705986853     6147.4154125999        2.8813670701        1.5892316152      0.02023541
       284        2.8539475427        4.4705972898     6253.4733620640        2.8539475427        1.6166497471      0.02021740
       285        2.8264845532        4.4705968699     6359.7032043692        2.8264845532        1.6441123167      0.01967398
       286        2.7989963863        4.4705947020     6466.0236755156        2.7989963863        1.6715983157      0.02009983
       287        2.7715073863        4.4705940864     6572.3533737091        2.7715073863        1.6990867002      0.02022869
       288        2.7440355412        4.4705919478     6678.6108224953        2.7440355412        1.7265564066      0.02018700
       289        2.7166046781        4.4705910465     6784.7145320998        2.7166046781        1.7539863684      0.02018357
       290        2.6892337047        4.4705892344     6890.5830551336        2.6892337047        1.7813555297      0.02007856
       291        2.6619457225        4.4705885842     6996.1350489921        2.6619457225        1.8086428617      0.02021323
       292        2.6347589133        4.4705862922     7101.2893375603        2.6347589133        1.8358273789      0.01955123
       293        2.6076970988        4.4705852517     7205.9649666096        2.6076970988        1.8628881529      0.02017581
       294        2.5807796296        4.4705839562     7310.0812572376        2.5807796296        1.8898043265      0.02017688
       295        2.5540273923        4.4705825240     7413.5578746700        2.5540273923        1.9165551317      0.02020320
       296        2.5274616140        4.4705815163     7516.3148790659        2.5274616140        1.9431199023      0.01943792
       297        2.5011015021        4.4705795921     7618.2727864151        2.5011015021        1.9694780900      0.01948421
       298        2.4749689727        4.4705782511     7719.3526217764        2.4749689727        1.9956092784      0.02009097
       299        2.4490843642        4.4705775599     7819.4759708123        2.4490843642        2.0214931956      0.02020022
       300        2.4234662696        4.4705760018     7918.5650463323        2.4234662696        2.0471097322      0.02015124
       301        2.3981353349        4.4705742890     8016.5427406925        2.3981353349        2.0724389541      0.01944412
       302        2.3731120009        4.4705731159     8113.3326709774        2.3731120009        2.0974611150      0.00961531
       303        2.3484158940        4.4705725638     8208.8592344980        2.3484158940        2.1221566699      0.01955276
       304        2.3240649736        4.4705712652     8303.0476701656        2.3240649736        2.1465062916      0.02002093
       305        2.3000786338        4.4705695174     8395.8241098673        2.3000786338        2.1704908837      0.01907385
       306        2.2764763823        4.4705679738     8487.1156208866        2.2764763823        2.1940915916      0.01930172
       307        2.2532767739        4.4705665892     8576.8502555105        2.2532767739        2.2172898153      0.01955967
       308        2.2304986016        4.4705658250     8664.9571041781        2.2304986016        2.2400672234      0.01953842
       309        2.2081594253        4.4705651911     8751.3663463259        2.2081594253        2.2624057657      0.01948364
       310        2.1862759418        4.4705636289     8836.0093014173        2.1862759418        2.2842876870      0.02001175
       311        2.1648666850        4.4705622223     8918.8184699951        2.1648666850        2.3056955373      0.01959409
       312        2.1439488395        4.4705610220     8999.7275744833        2.1439488395        2.3266121825      0.01935853
       313        2.1235390608        4.4705598781     9078.6716095018        2.1235390608        2.3470208173      0.01948751
       314        2.1036539264        4.4705589030     9155.5868849807        2.1036539264        2.3669049766      0.01940071
       315        2.0843091923        4.4705577389     9230.4110699305        2.0843091923        2.3862485466      0.01948201
       316        2.0655210604        4.4705568355     9303.0832321446        2.0655210604        2.4050357751      0.01924984
       317        2.0473049543        4.4705562355     9373.5438764061        2.0473049543        2.4232512813      0.02005422
       318        2.0296755044        4.4705555717     9441.7349884362        2.0296755044        2.4408800673      0.02019678
       319        2.0126467723        4.4705543008     9507.6000746012        2.0126467723        2.4579075285      0.02001402
       320        1.9962344347        4.4705538958     9571.0841926295        1.9962344347        2.4743194611      0.02013892
       321        1.9804508608        4.4705529338     9632.1339921683        1.9804508608        2.4901020730      0.02017082
       322        1.9653101146        4.4705521074     9690.6977505748        1.9653101146        2.5052419928      0.02020117
       323        1.9508248953        4.4705511729     9746.7254024875        1.9508248953        2.5197262776      0.02009844
       324        1.9370076743        4.4705500967     9800.1685762275        1.9370076743        2.5335424224      0.02020050
       325        1.9238707172        4.4705490845     9850.9806225099        1.9238707172        2.5466783673      0.02015371
       326        1.9114258490        4.4705483544     9899.1166431995        1.9114258490        2.5591225053      0.02019847
       327        1.8996838457        4.4705475356     9944.5335216741        1.8996838457        2.5708636899      0.02019701
       328        1.8886553275        4.4705465713     9987.1899563810        1.8886553275        2.5818912438      0.01936184
       329        1.8783510471        4.4705460115    10027.0464821845        1.8783510471        2.5921949644      0.01941105
       330        1.8687802315        4.4705453617    10064.0654943304        1.8687802315        2.6017651302      0.01930671
       331        1.8599522548        4.4705447626    10098.2112771949        1.8599522548        2.6105925079      0.01931772
       332        1.8518758609        4.4705442188    10129.4500244681        1.8518758609        2.6186683579      0.01932926
       333        1.8445588560        4.4705432962    10157.7498624209        1.8445588560        2.6259844402      0.02013758
       334        1.8380101672        4.4705431862    10183.0808677126        1.8380101672        2.6325330190      0.01950561
       335        1.8322360217        4.4705428904    10205.4150902844        1.8322360217        2.6383068687      0.02018733
       336        1.8272433720        4.4705426509    10224.7265732758        1.8272433720        2.6432992789      0.02017626
       337        1.8230385913        4.4705426490    10240.9913652761        1.8230385913        2.6475040576      0.02009938
       338        1.8196270051        4.4705425416    10254.1875398478        1.8196270051        2.6509155365      0.02013255
       339        1.8170136228        4.4705421971    10264.2952100652        1.8170136228        2.6535285744      0.01880766
       340        1.8152028753        4.4705414366    10271.2965445634        1.8152028753        2.6553385614      0.01887815
       341        1.8141995174        4.4705409389    10275.1757763782        1.8141995174        2.6563414215      0.01946078
       342        1.8140070962        4.4705407104    10275.9192100108        1.8140070962        2.6565336142      0.02010401
       343        1.8146281303        4.4705402694    10273.5152399090        1.8146281303        2.6559121391      0.02019797
       344        1.8160653893        4.4705399276    10267.9543579348        1.8160653893        2.6544745383      0.02002475
       345        1.8183209267        4.4705398233    10259.2291557648        1.8183209267        2.6522188965      0.02017076
       346        1.8213965061        4.4705403503    10247.3343356873        1.8213965061        2.6491438442      0.02014340
       347        1.8252923559        4.4705409160    10232.2667210789        1.8252923559        2.6452485601      0.01939474
       348        1.8300076099        4.4705403833    10214.0252642913        1.8300076099        2.6405327734      0.01946166
       349        1.8355432669        4.4705400297    10192.6110433862        1.8355432669        2.6349967628      0.01940082
       350        1.8418981602        4.4705395164    10168.0272606269        1.8418981602        2.6286413561      0.02013456
       351        1.8490719343        4.4705398663    10140.2792483665        1.8490719343        2.6214679320      0.01936174
       352        1.8570626883        4.4705411075    10109.3744678015        1.8570626883        2.6134784191      0.01947903
       353        1.8658654196        4.4705407202    10075.3225234112        1.8658654196        2.6046753006      0.01932761
       354        1.8754787140        4.4705403257    10038.1351564499        1.8754787140        2.5950616117      0.01934990
       355        1.8858994672        4.4705404027     9997.8262266603        1.8858994672        2.5846409355      0.01942630
       356        1.8971244265        4.4705418302     9954.4117164877        1.8971244265        2.5734174037      0.02003067
       357        1.9091455174        4.4705412182     9907.9097459287        1.9091455174        2.5613957008      0.02020078
       358        1.9219604940        4.4705415531     9858.3405547102        1.9219604940        2.5485810591      0.00922806
       359        1.9355634346        4.4705426890     9805.7264843188        1.9355634346        2.5349792544      0.02024994
       360        1.9499457680        4.4705423778     9750.0919939757        1.9499457680        2.5205966098      0.02023343
       361        1.9651022159        4.4705422089     9691.4636488840        1.9651022159        2.5054399930      0.02022621
       362        1.9810277913        4.4705445997     9629.8700904087        1.9810277913        2.4895168084      0.02010814
       363        1.9977082653        4.4705432691     9565.3420620322        1.9977082653        2.4728350038      0.01881699
       364        2.0151411363        4.4705441999     9497.9123826721        2.0151411363        2.4554030636      0.01919783
       365        2.0333148587        4.4705448608     9427.6159215949        2.0333148587        2.4372300021      0.01932235
       366        2.0522196830        4.4705450519     9354.4896180825        2.0522196830        2.4183253689      0.01873711
       367        2.0718472449        4.4705464842     9278.5724453459        2.0718472449        2.3986992394      0.01875816
       368        2.0921842715        4.4705464865     9199.9054113685        2.0921842715        2.3783622149      0.01884487
       369        2.1132223433        4.4705477613     9118.5315397101        2.1132223433        2.3573254180      0.01877618
       370        2.1349471902        4.4705476796     9034.4958587156        2.1349471902        2.3356004894      0.01876573
       371        2.1573493222        4.4705489063     8947.8453860959        2.1573493222        2.3131995841      0.01871838
       372        2.1804146203        4.4705499855     8858.6291049979        2.1804146203        2.2901353652      0.01881650
       373        2.2041287648        4.4705497697     8766.8979673159        2.2041287648        2.2664210049      0.01880961
       374        2.2284822664        4.4705524386     8672.7048474367        2.2284822664        2.2420701722      0.01936427
       375        2.2534547643        4.4705518001     8576.1045515802        2.2534547643        2.2170970357      0.01938359
       376        2.2790361645        4.4705524225     8477.1537972768        2.2790361645        2.1915162580      0.02013266
       377        2.3052121631        4.4705551444     8375.9111570654        2.3052121631        2.1653429813      0.01939646
       378        2.3319647126        4.4705575434     8272.4370717660        2.3319647126        2.1385928308      0.02010390
       379        2.3592763527        4.4705582637     8166.7938369285        2.3592763527        2.1112819111      0.02017609
       380        2.3871325633        4.4705593593     8059.0455625281        2.3871325633        2.0834267959      0.02018036
       381        2.4155159617        4.4705604826     7949.2581448830        2.4155159617        2.0550445209      0.02018104
       382        2.4444090550        4.4705616334     7837.4992477497        2.4444090550        2.0261525784      0.01939770
       383        2.4737939001        4.4705628112     7723.8382762320        2.4737939001        1.9967689111      0.01941209
       384        2.5036517638        4.4705636685     7608.3463495029        2.5036517638        1.9669119047      0.01935631
       385        2.5339645182        4.4705648989     7491.0962722835        2.5339645182        1.9366003807      0.01927667
       386        2.5647125662        4.4705661549     7372.1625050214        2.5647125662        1.9058535887      0.02000027
       387        2.5958762378        4.4705674360     7251.6211327051        2.5958762378        1.8746911982      0.02017155
       388        2.6274354515        4.4705687417     7129.5498322502        2.6274354515        1.8431332902      0.02009136
       389        2.6593693759        4.4705697244     7006.0278383897        2.6593693759        1.8112003485      0.02010658
       390        2.6916578271        4.4705710776     6881.1359079983        2.6916578271        1.7789132505      0.02013423
       391        2.7242791964        4.4705724536     6754.9562827772        2.7242791964        1.7462932572      0.02007645
       392        2.7572118483        4.4705738519     6627.5726502266        2.7572118483        1.7133620035      0.02028332
       393        2.7904337840        4.4705752717     6499.0701028289        2.7904337840        1.6801414877      0.02008902
       394        2.8239223054        4.4705763654     6369.5350953676        2.8239223054        1.6466540600      0.02019881
       395        2.8576554150        4.4705778264     6239.0554003036        2.8576554150        1.6129224114      0.02019093
       396        2.8916097453        4.4705793067     6107.7200611322        2.8916097453        1.5789695614      0.02022733
       397        2.9257619601        4.4705808058     5975.6193436456        2.9257619601        1.5448188456      0.02021622
       398        2.9600884202        4.4705823226     5842.8446850246        2.9600884202        1.5104939024      0.02022152
       399        2.9945648503        4.4705835095     5709.4886406875        2.9945648503        1.4760186591      0.02013456
       400        3.0291677413        4.4705850594     5575.6448288261        3.0291677413        1.4414173181      0.02019138
       401        3.0638722832        4.4705866245     5441.4078725609        3.0638722832        1.4067143412      0.02004485
       402        3.0986537690        4.4705882037     5306.8733396543        3.0986537690        1.3719344348      0.01952826
       403        3.1334872633        4.4705897962     5172.1376797228        3.1334872633        1.3371025329      0.02004907
       404        3.1683476198        4.4705914007     5037.2981588969        3.1683476198        1.3022437809      0.02013926
       405        3.2032091517        4.4705926692     4902.4527918843        3.2032091517        1.2673835175      0.02004396
       406        3.2380470377        4.4705942945     4767.7002713969        3.2380470377        1.2325472568      0.01998257
       407        3.2728352593        4.4705959285     4633.1398949136        3.2728352593        1.1977606692      0.02008863
       408        3.3075480080        4.4705975699     4498.8714887576        3.3075480080        1.1630495619      0.02009164
       409        3.3421593590        4.4705992174     4364.9953294791        3.3421593590        1.1284398584      0.02008284
       410        3.3766432922        4.4706008697     4231.6120625427        3.3766432922        1.0939575776      0.02015926
       411        3.4109737135        4.4706025254     4098.8226183325        3.4109737135        1.0596288119      0.01942557
       412        3.4451241307        4.4706038361     3966.7281254999        3.4451241307        1.0254797054      0.02016055
       413        3.4790690645        4.4706054942     3835.4298216905        3.4790690645        0.9915364298      0.01947568
       414        3.5124891346        4.4703142963     3705.0289617030        3.5127819897        0.9578251616      0.01499304
reaction occured at step 414 between IDs 1 and 2
       415        3.4913665238        4.4703133562     3786.7311395916        3.4913665238        0.9789468324      0.00925867
       416        3.4699311600        4.4703124182     3869.6431068656        3.4699311600        1.0003812582      0.01954321
       417        3.4482004984        4.4703114826     3953.6973451568        3.4482004984        1.0221109842      0.01961600
       418        3.4261919681        4.4703105498     4038.8264368476        3.4261919681        1.0441185817      0.01939609
       419        3.4039226180        4.4703092731     4124.9630933924        3.4039226180        1.0663866551      0.01960819
       420        3.3814104975        4.4703083467     4212.0401812811        3.3814104975        1.0888978492      0.01949837
       421        3.3586725692        4.4703074238     4299.9907458450        3.3586725692        1.1116348546      0.01958525
       422        3.3357260903        4.4703065046     4388.7480331059        3.3357260903        1.1345804143      0.02012014
       423        3.3125882613        4.4703055892     4478.2455098659        3.3125882613        1.1577173279      0.02009281
       424        3.2892762206        4.4703046779     4568.4168822306        3.2892762206        1.1810284572      0.02028077
       425        3.2658070404        4.4703037706     4659.1961127520        3.2658070404        1.2044967302      0.02017065
       426        3.2421977223        4.4703028676     4750.5174363743        3.2421977223        1.2281051453      0.01949637
       427        3.2184648468        4.4703016219     4842.3153753544        3.2184648468        1.2518367751      0.01948144
       428        3.1946259573        4.4703007276     4934.5247533254        3.1946259573        1.2756747702      0.02016150
       429        3.1706974751        4.4702998377     5027.0807086595        3.1706974751        1.2996023627      0.01950125
       430        3.1466960834        4.4702989524     5119.9187072809        3.1466960834        1.3236028690      0.02021165
       431        3.1226383780        4.4702980717     5212.9745550684        3.1226383780        1.3476596937      0.02017767
       432        3.0985408632        4.4702971957     5306.1844099791        3.0985408632        1.3717563325      0.02022034
       433        3.0744199496        4.4702963244     5399.4847940142        3.0744199496        1.3958763748      0.02015085
       434        3.0502919504        4.4702954580     5492.8126051401        3.0502919504        1.4200035076      0.02009905
       435        3.0261730785        4.4702945965     5586.1051292661        3.0261730785        1.4441215180      0.02019481
       436        3.0020794434        4.4702937400     5679.3000523728        3.0020794434        1.4682142965      0.02018019
       437        2.9780267011        4.4702925416     5772.3354728742        2.9780267011        1.4922658404      0.02019954
       438        2.9540314386        4.4702916953     5865.1499142893        2.9540314386        1.5162602567      0.02021611
       439        2.9301090886        4.4702908545     5957.6823382880        2.9301090886        1.5401817658      0.02015113
       440        2.9062753142        4.4702900190     6049.8721581681        2.9062753142        1.5640147048      0.02008073
       441        2.8825456581        4.4702891892     6141.6592528132        2.8825456581        1.5877435311      0.02018435
       442        2.8589355388        4.4702883651     6232.9839811717        2.8589355388        1.6113528264      0.02016532
       443        2.8354602469        4.4702875470     6323.7871972888        2.8354602469        1.6348273001      0.02015175
       444        2.8121349410        4.4702867350     6414.0102659192        2.8121349410        1.6581517940      0.02022412
       445        2.7889730984        4.4702843823     6503.5950711719        2.7889730984        1.6813112838      0.02024197
       446        2.7659912082        4.4702820942     6592.4840406872        2.7659912082        1.7042908860      0.01944636
