      Step          Pe(mixed)          E_total                Temp                  Pe                  Ke   Speed(ns/day)
         1        4.4706424297        4.5116028385      158.4417563929        4.4294975720        0.0409604088      0.00000000
         2        4.4294975720        4.5904183431      622.4686315520        4.3090001770        0.1609207711      0.20464641
         3        4.3090001770        4.6603481882     1359.0732521058        4.1177215949        0.3513480113      0.22560480
         4        4.1177215949        4.7164852725     2316.1186984625        3.8692104989        0.5987636776      0.22567786
         5        3.8692104989        4.7549963149     3426.3686459117        3.5809332540        0.8857858160      0.22056474
         6        3.5809332540        4.7733844616     4612.6020037281        3.2729439583        1.1924512077      0.22793912
         7        3.2729439583        4.7706474027     5793.3690402530        2.9663995384        1.4977034444      0.22852486
         8        2.9663995384        4.7473255437     6888.9215823204        2.6820092075        1.7809260052      0.22808545
         9        2.6820092075        4.7054150144     7826.8742730252        2.4385635397        2.0234058069      0.22858035
        10        2.4385635397        4.6481919098     8547.2144956239        2.2516470808        2.2096283701      0.22114621
        11        2.2516470808        4.5799724986     9006.3546572079        2.1325728579        2.3283254178      0.22616165
        12        2.1325728579        4.5057894972     9180.0014584375        2.0876483927        2.3732166392      0.21909124
        13        2.0876483927        4.4310556353     9064.6936943477        2.1177693726        2.3434072426      0.22934272
        14        2.1177693726        4.3611908745     8677.9320181377        2.2183905175        2.2434215019      0.22518214
        15        2.2183905175        4.3012613244     8056.8949030322        2.3798594219        2.0828708068      0.22178842
        16        2.3798594219        4.2556324501     7255.8058331464        2.5880954015        1.8757730282      0.22871957
        17        2.5880954015        4.2276544197     6342.0902793547        2.8255876491        1.6395590182      0.22095609
        18        2.8255876491        4.2194089633     5391.5354738634        3.0726514177        1.3938213142      0.21799209
        19        3.0726514177        4.2315306912     4482.7401110594        3.3088696031        1.1588792735      0.22690723
        20        3.3088696031        4.2631228586     3691.2122272136        3.5146225588        0.9542532554      0.22102414
        21        3.5146225588        4.3117794185     3083.5369235339        3.6726068777        0.7971568597      0.24638408
        22        3.6726068777        4.3737344251     2712.0793781853        3.7692099089        0.7011275474      0.26583422
        23        3.7692099089        4.4441277217     2610.6957130857        3.7956309204        0.6749178128      0.25073279
        24        3.7956309204        4.5173871635     2791.8746460579        3.7486218856        0.7217562431      0.26653614
        25        3.7486218856        4.5876793429     3245.6154884196        3.6307793945        0.8390574573      0.26384072
        26        3.6307793945        4.6493934990     3940.1708255292        3.4503553288        1.0186141045      0.22131570
        27        3.4503553288        4.6976060904     4824.5759031864        3.2205947596        1.2472507616      0.21278882
        28        3.2205947596        4.7284646674     5832.6946320636        2.9586835576        1.5078699078      0.22711628
        29        2.9586835576        4.7394672603     6888.3711322448        2.6844074680        1.7807837027      0.22060368
        30        2.6844074680        4.7296140786     7911.2034517932        2.4186494669        2.0452066106      0.22215620
        31        2.4186494669        4.6994314941     8822.4488190254        2.1818604031        2.2807820272      0.22919259
        32        2.1818604031        4.6508875821     9550.6127548319        1.9926034602        2.4690271791      0.22929265
        33        1.9926034602        4.5872037626    10036.3507343724        1.8662830525        2.5946003024      0.22747054
        34        1.8662830525        4.5126025905    10236.4094437235        1.8141246002        2.6463195380      0.22643227
        35        1.8141246002        4.4320171717    10126.4491520850        1.8424458862        2.6178925715      0.22797640
        36        1.8424458862        4.3507932444     9702.7098267508        1.9522256474        2.5083473582      0.22113743
        37        1.9522256474        4.2744080414     8982.5924069501        2.1389597691        2.3221823940      0.22708283
        38        2.1389597691        4.2082310374     8004.2895988366        2.3927555973        2.0692712683      0.22671346
        39        2.3927555973        4.1573037119     6825.5691442775        2.6986455609        1.7645481146      0.22706505
        40        2.6986455609        4.1261034275     5521.6473206095        3.0371386729        1.4274578666      0.22906728
        41        3.0371386729        4.1182223894     4181.8138009450        3.3850749208        1.0810837165      0.22737349
        42        3.3850749208        4.1358748498     2904.2205117086        3.7169605741        0.7507999289      0.22742129
        43        3.3874215118        4.3295314277     3644.2397457534        4.0719925543        0.9421099159      0.22770280
reaction occured at step 42 between IDs 1 and 2
        44        3.2080522271        4.3515893227     4423.3939845997        3.0057683277        1.1435370957      0.10646145
        45        3.0057683277        4.3568135590     5226.0703842489        2.7974236505        1.3510452313      0.22846291
        46        2.7974236505        4.3478055136     5997.1380319125        2.5973031361        1.5503818632      0.22742486
        47        2.5973031361        4.3255097347     6684.9940426329        2.4187803276        1.7282065985      0.22167921
        48        2.4187803276        4.2914457711     7243.7851726306        2.2737470894        1.8726654435      0.22727224
        49        2.2737470894        4.2477384981     7635.7310630496        2.1720068443        1.9739914088      0.21913297
        50        2.1720068443        4.1970859236     7833.3467725476        2.1206963509        2.0250790793      0.22874267
        51        2.1206963509        4.1426569916     7821.2841268958        2.1238063368        2.0219606407      0.22828013
        52        2.1238063368        4.0879216826     7597.5287890589        2.1818657469        1.9641153458      0.22945453
        53        2.1818657469        4.0364284408     7173.7606896280        2.2918443236        1.8545626939      0.22808473
        54        2.2918443236        3.9915577557     6574.7776783187        2.4473087941        1.6997134321      0.22421315
        55        2.4473087941        3.9562855902     5836.9762624415        2.6388113746        1.5089767961      0.22837724
        56        2.6388113746        3.9329564653     5005.9710619270        2.8545078715        1.2941450907      0.22970979
        57        2.8545078715        3.9231044632     4133.5114999794        3.0809619681        1.0685965917      0.26324753
        58        3.0809619681        3.9273352810     3273.9144492461        3.3040691814        0.8463733129      0.25992251
        59        3.3040691814        3.9452705967     2480.2750117216        3.5100417406        0.6412014153      0.26006428
        60        3.5100417406        3.9755696218     1800.7402094243        3.6863771188        0.4655278812      0.26459201
        61        3.6863771188        4.0160240667     1275.1298860798        3.8227349480        0.3296469479      0.26611532
        62        3.8227349480        4.0637184485      932.1647464736        3.9116584939        0.2409835006      0.26609090
        63        3.9116584939        4.1152466595      787.5132959208        3.9490808467        0.2035881656      0.26766616
        64        3.9490808467        4.1669622579      842.8019757995        3.9345834524        0.2178814112      0.26124823
        65        3.9345834524        4.2152467588     1085.6529151542        3.8713833084        0.2806633065      0.26689930
        66        3.8713833084        4.2567674208     1490.7306211298        3.7660635651        0.3853841125      0.26421102
        67        3.7660635651        4.2887145336     2021.7019269381        3.6280624925        0.5226509684      0.26674901
        68        3.6280624925        4.3089919230     2633.9496624048        3.4689680251        0.6809294306      0.25704184
        69        3.4689680251        4.3163544701     3277.8334147872        3.3016715345        0.8473864450      0.26617885
        70        3.3016715345        4.3104852259     3902.2611780651        3.1394418242        1.0088136914      0.26756142
        71        3.1394418242        4.2920086683     4458.3225713115        2.9949785433        1.1525668440      0.26678338
        72        2.9949785433        4.2624353140     4902.7361477161        2.8795206933        1.2674567707      0.26447808
        73        2.8795206933        4.2240534488     5200.8790316235        2.8020579090        1.3445327555      0.26668129
        74        2.8020579090        4.1797631610     5329.1958320639        2.7687060753        1.3777052520      0.25742894
        75        2.7687060753        4.1328723079     5276.8246259250        2.7822853728        1.3641662326      0.26645383
        76        2.7822853728        4.0868638356     5046.3291016901        2.8421288187        1.3045784628      0.26385705
        77        2.8421288187        4.0451491827     4653.4852796416        2.9441398103        1.2030203640      0.26641857
        78        2.9441398103        4.0108295148     4126.1353393854        3.0810876885        1.0666897045      0.26644207
        79        3.0810876885        3.9864737949     3502.1858689469        3.2431278872        0.9053861065      0.26490632
        80        3.2431278872        3.9739359589     2826.8886425902        3.4185099917        0.7308080717      0.26594737
        81        3.4185099917        3.9742238092     2149.5945929837        3.5944164869        0.5557138176      0.26699861
        82        3.5944164869        3.9874219850     1520.2114237826        3.7578885603        0.3930054981      0.22351478
        83        3.7578885603        4.0126911058      985.6191385113        3.8967507709        0.2548025455      0.22725300
        84        3.8967507709        4.0483220758      586.3033222281        4.0004894846        0.1515713049      0.22766418
        85        4.0004894846        4.0918640854      353.4523373241        4.0610067103        0.0913746007      0.22951993
        86        4.0610067103        4.1403033215      306.7326405647        4.0731949811        0.0792966112      0.22838948
        87        4.0731949811        4.1902808838      452.9079813416        4.0352986890        0.1170859027      0.22841395
        88        4.0352986890        4.2383423440      785.4070372013        3.9490251731        0.2030436550      0.22777507
        89        3.9490251731        4.2811912748     1284.8743969503        3.8194047939        0.3321661017      0.22824060
        90        3.8194047939        4.3159361529     1920.6668810125        3.6543962918        0.4965313591      0.22673332
        91        3.6543962918        4.3402987977     2653.1863549611        3.4642868886        0.6859025059      0.22233544
        92        3.4642868886        4.3527893373     3436.8770384662        3.2609099408        0.8885024487      0.22837580
        93        3.2609099408        4.3528129477     4223.6646373467        3.0567540385        1.0919030069      0.22916868
        94        3.0567540385        4.3407158581     4966.5804552274        2.8640193276        1.2839618196      0.21968360
        95        2.8640193276        4.3177561468     5623.2987327908        2.6936997515        1.4537368192      0.22222909
        96        2.6936997515        4.2860091514     6159.3208020975        2.5547586782        1.5923094000      0.22575870
        97        2.5547586782        4.2482124882     6550.5644060990        2.4534516828        1.6934538099      0.22018414
        98        2.4534516828        4.2075527530     6785.1582178266        2.3928604502        1.7541010702      0.22659438
        99        2.3928604502        4.1674203952     6864.2965899519        2.3726745214        1.7745599451      0.22934489
       100        2.3726745214        4.1311485189     6802.0734370589        2.3892307418        1.7584739975      0.22662060
       101        2.3892307418        4.1017423590     6624.2832124052        2.4358252597        1.7125116171      0.22789038
       102        2.4358252597        4.0816296772     6366.2485347379        2.5032732645        1.6458044174      0.22718533
       103        2.5032732645        4.0724414108     6069.8065375490        2.5806984924        1.5691681463      0.22878672
       104        2.5806984924        4.0748573794     5779.6580957100        2.6564747190        1.4941588870      0.22479382
       105        2.6564747190        4.0885099667     5539.3534010977        2.7192727966        1.4320352477      0.22582412
       106        2.7192727966        4.1119855154     5387.2472402295        2.7591123949        1.3927127188      0.22833623
       107        2.7591123949        4.1429188755     5352.7964115239        2.7683258408        1.3838064806      0.22907814
       108        2.7683258408        4.1781856153     5453.5749380117        2.7423351008        1.4098597745      0.22789325
       109        2.7423351008        4.2141780992     5693.3364823485        2.6801568461        1.4718429985      0.22858035
       110        2.6801568461        4.2471396761     6061.3533660105        2.5845768580        1.5669828300      0.22029925
       111        2.5845768580        4.2735205661     6533.1185733094        2.4619676759        1.6889437082      0.22546444
       112        2.4619676759        4.2903102832     7072.3369811533        2.3217632960        1.8283426073      0.23044967
       113        2.3217632960        4.2953036932     7633.9864743673        2.1756714358        1.9735403972      0.22023365
       114        2.1756714358        4.2872978859     8168.1265717575        2.0366754714        2.1116264501      0.22796708
       115        2.0366754714        4.2661764824     8624.0852157876        1.9179469568        2.2295010110      0.22760555
       116        1.9179469568        4.2329082773     8954.6600787988        1.8317538835        2.3149613204      0.22686178
       117        1.8317538835        4.1894631142     9120.0161916120        1.7884528193        2.3577092307      0.22710631
       118        1.7884528193        4.1386678484     9091.0273584713        1.7956160852        2.3502150291      0.22119953
       119        1.7956160852        4.0840053671     8851.8749607906        1.8573623839        2.2883892819      0.22972726
       120        1.8573623839        4.0293901560     8401.7690527499        1.9739082039        2.1720277720      0.22839164
       121        1.9739082039        3.9789098305     7755.6838056927        2.1413777973        2.0050016266      0.21940628
       122        2.1413777973        3.9365439659     6944.0049314804        2.3518926213        1.7951661686      0.22684402
       123        2.3518926213        3.9058557525     6010.9909794356        2.5939690194        1.5539631312      0.22937393
       124        2.5939690194        3.8896700927     5011.9898643340        2.8532266706        1.2957010732      0.22804239
       125        2.8532266706        3.8897543920     4009.4637112032        3.1134397875        1.0365277214      0.22984674
       126        3.1134397875        3.9065980320     3068.0696070588        3.3578025711        0.7931582446      0.22898260
       127        3.3578025711        3.9392851835     2249.2726292225        3.5703375770        0.5814826124      0.22886908
       128        3.5703375770        3.9855559116     1606.1344145155        3.7372546154        0.4152183346      0.22854576
       129        3.7372546154        4.0420328894     1178.9336690060        3.8480900056        0.3047782740      0.23062199
       130        3.8480900056        4.1045702423      992.1087305691        3.8965026518        0.2564802367      0.22801441
       131        3.8965026518        4.1686564457     1052.7366883003        3.8806635447        0.2721537940      0.22206704
       132        3.8806635447        4.2297945200     1350.4973838380        3.8032607624        0.3491309753      0.22944945
       133        3.8032607624        4.2838252858     1858.9044727782        3.6711762037        0.4805645234      0.22972217
       134        3.6711762037        4.3271809434     2537.5367622639        3.4949128923        0.6560047397      0.23026078
       135        3.4949128923        4.3570848364     3335.0262145385        3.2878011114        0.8621719441      0.22930934
       136        3.2878011114        4.3716728892     4192.5984913972        3.0651021890        1.0838717778      0.22919622
       137        3.0651021890        4.3701074464     5047.9800148074        2.8429773464        1.3050052573      0.22826504
       138        2.8429773464        4.3526004874     5839.4764334089        2.6374420547        1.5096231410      0.23025712
       139        2.6374420547        4.3204107547     6510.0062360873        2.4633132889        1.6829687001      0.22918969
       140        2.4633132889        4.2757612395     7010.8537734283        2.3332387742        1.8124479507      0.22894282
       141        2.3332387742        4.2217045544     7304.9035346576        2.2568523383        1.8884657802      0.22826144
       142        2.2568523383        4.1619236128     7369.1363818280        2.2401325981        1.9050712745      0.22872246
       143        2.2401325981        4.1004984809     7196.2084011663        2.2849867866        1.8603658828      0.22701810
       144        2.2849867866        4.0416298106     6794.9909230780        2.3891127964        1.7566430240      0.23063593
       145        2.3891127964        3.9893587850     6190.0208628061        2.5461400364        1.6002459886      0.22909551
       146        2.5461400364        3.9472907923     5419.8869880267        2.7460528090        1.4011507559      0.23067337
       147        2.7460528090        3.9183526597     4534.6531631507        2.9758525352        1.1722998508      0.25738232
       148        2.9758525352        3.9045838882     3592.4892124626        3.2204379243        0.9287313530      0.26553133
       149        3.2204379243        3.9069999649     2655.7375460306        3.4636225737        0.6865620406      0.26853591
       150        3.4636225737        3.9255167392     1786.6843856559        3.6892354627        0.4618941655      0.26750711
       151        3.6892354627        3.9589564542     1043.3261987951        3.8822197928        0.2697209915      0.26945239
       152        3.8822197928        4.0051261514      475.4224845590        4.0296560965        0.1229063586      0.25544648
       153        4.0296560965        4.0609644970      121.1061633987        4.1216435252        0.0313084005      0.26703993
       154        4.1216435252        4.1227510209        4.2839798694        4.1519757092        0.0011074957      0.26780265
       155        4.1519757092        4.1863601193      133.0046866167        4.1185625162        0.0343844102      0.26747848
       156        4.1185625162        4.2475399973      498.9066081735        4.0235752925        0.1289774810      0.26556636
       157        4.0235752925        4.3022039914     1077.7827107476        3.8732977825        0.2786286989      0.26535731
       158        3.8732977825        4.3467066719     1831.2252758415        3.6777026297        0.4734088894      0.26647930
       159        3.6777026297        4.3780957335     2709.2384267357        3.4497693865        0.7003931038      0.26320355
       160        3.4497693865        4.3943094383     3653.6399202748        3.2046048740        0.9445400517      0.26909324
       161        3.2046048740        4.3943200199     4602.0184563017        2.9584117358        1.1897151459      0.26736698
       162        2.9584117358        4.3781983490     5491.9736210695        2.7273912491        1.4197866132      0.26639409
       163        2.7273912491        4.3471102068     6265.3455853077        2.5266421237        1.6197189577      0.26692289
       164        2.5266421237        4.3032305015     6872.1429091936        2.3691433360        1.7765883778      0.22785886
       165        2.3691433360        4.2495938527     7273.8991462944        2.2648802814        1.8804505167      0.22995248
       166        2.2648802814        4.1898820936     7446.2310566464        2.2201828583        1.9250018122      0.22474224
       167        2.2201828583        4.1281737414     7380.4299194809        2.2373097571        1.9079908831      0.22498991
       168        2.2373097571        4.0686643999     7083.9880413946        2.3143146741        1.8313546428      0.22800365
       169        2.3143146741        4.0153884881     6580.0398642644        2.4451918036        1.7010738139      0.22744698
       170        2.4451918036        3.9719544036     5905.7747461191        2.6202844387        1.5267626000      0.22841251
       171        2.6202844387        3.9413097482     5109.9482732413        2.8269386083        1.3210253095      0.22534317
       172        2.8269386083        3.9255661444     4249.6762484020        3.0503253801        1.0986275361      0.21822378
       173        3.0503253801        3.9258640313     3386.7308874067        3.2744138065        0.8755386512      0.22796636
       174        3.2744138065        3.9423190852     2583.5700508349        3.4829958132        0.6679052788      0.22877733
       175        3.4829958132        3.9740082049     1899.3185859959        3.6607200475        0.4910123917      0.23015548
       176        3.6607200475        4.0190009209     1385.8907298423        3.7941107550        0.3582808734      0.22103358
       177        3.7941107550        4.0744546235     1084.4172753933        3.8724848508        0.2803438685      0.22853351
       178        3.8724848508        4.1367294781     1022.1427001901        3.8887602184        0.2642446273      0.22853279
       179        3.8887602184        4.2015704497     1210.0026318972        3.8400846263        0.3128102313      0.21824744
       180        3.8400846263        4.2643608112     1641.1717039310        3.7282187624        0.4242761848      0.22911869
       181        3.7282187624        4.3204704998     2290.9294176487        3.5595764746        0.5922517374      0.22823485
       182        3.5595764746        4.3656797565     3118.1431904513        3.3448440975        0.8061032819      0.22871741
       183        3.3448440975        4.3966227362     4068.4568268628        3.0981512357        1.0517786387      0.22421454
       184        3.0981512357        4.4111586238     5078.9336033398        2.8358615325        1.3130073880      0.22759268
       185        2.8358615325        4.4085875045     6083.5688065268        2.5751321948        1.5727259721      0.22785742
       186        2.5751321948        4.3896632237     7018.9114708639        2.3324479020        1.8145310289      0.21542112
       187        2.3324479020        4.3564266613     7829.0905493492        2.1223219599        2.0239787593      0.22908755
       188        2.1223219599        4.3119292406     8469.7695517621        1.9562561275        2.1896072808      0.21787086
       189        1.9562561275        4.2598858595     8910.8275873319        1.8420599188        2.3036297320      0.22879394
       190        1.8420599188        4.2043589902     9137.7704685676        1.7834795673        2.3622990715      0.22693423
       191        1.7834795673        4.1494503198     9151.9731486060        1.7801495298        2.3659707524      0.22894644
       192        1.7801495298        4.0990429969     8969.8702840250        1.8277895071        2.3188934671      0.22525982
       193        1.8277895071        4.0565438267     8621.1968878454        1.9186698990        2.2287543196      0.22890016
       194        1.9186698990        4.0246737761     8146.3775132110        2.0422832571        2.1060038772      0.22729363
       195        2.0422832571        4.0052761479     7593.1869440389        2.1862129273        1.9629928908      0.22680285
       196        2.1862129273        3.9991793657     7012.8593710819        2.3371428671        1.8129664383      0.21734100
       197        2.3371428671        4.0061219648     6455.8920994587        2.4819430743        1.6689790978      0.22895222
       198        2.4819430743        4.0247555616     5967.8584117836        2.6087672056        1.5428124873      0.22817808
       199        2.6087672056        4.0527558095     5585.5909952908        2.7080391859        1.4439886039      0.22857531
       200        2.7080391859        4.0870135054     5334.1047989981        2.7732558763        1.3789743195      0.22823844
