0 cpl_forces h [ 2.21446724  2.50753964 -0.07889791]
0 cpl_forces x [-0.60280287 -1.69157515  0.28319599]
0 cpl_forces y [-1.61166436 -0.81596449 -0.20429808]
1 cpl_forces h [ 2.1275781   2.40639141 -0.07507375]
1 cpl_forces x [-1.5466056  -0.7836011  -0.19584788]
1 cpl_forces y [-0.5809725  -1.62279031  0.27092163]
2 cpl_forces h [ 1.83233865  2.06503063 -0.06269871]
2 cpl_forces x [-1.32723424 -0.67380986 -0.16757614]
2 cpl_forces y [-0.50510441 -1.39122077  0.23027485]
3 cpl_forces h [ 1.26135299  1.41291874 -0.0408972 ]
3 cpl_forces x [-0.90825511 -0.46255256 -0.11413547]
3 cpl_forces y [-0.35309788 -0.95036618  0.15503267]
4 cpl_forces h [ 0.36093909  0.4009454  -0.01082147]
4 cpl_forces x [-0.25781226 -0.13186192 -0.03218418]
4 cpl_forces y [-0.10312683 -0.26908348  0.04300564]
5 cpl_forces h [-0.84689766 -0.93107254  0.02286182]
5 cpl_forces x [0.59894015 0.30801127 0.07412574]
5 cpl_forces y [ 0.24795751  0.62306127 -0.09698756]
6 cpl_forces h [-2.1621148  -2.34872573  0.05102598]
6 cpl_forces x [1.51162982 0.78257487 0.18505536]
6 cpl_forces y [ 0.65048498  1.56615086 -0.23608135]
7 cpl_forces h [-3.19460797 -3.42498248  0.06371158]
7 cpl_forces x [2.20541518 1.15083156 0.26639912]
7 cpl_forces y [ 0.98919279  2.27415092 -0.3301107 ]
8 cpl_forces h [-3.53610483 -3.73863958  0.05714375]
8 cpl_forces x [2.40854454 1.26833785 0.28629057]
8 cpl_forces y [ 1.1275603   2.47030173 -0.34343432]
9 cpl_forces h [-3.05696656 -3.18593396  0.03780168]
9 cpl_forces x [2.05341438 1.09235111 0.23949293]
9 cpl_forces y [ 1.00355218  2.09358285 -0.27729461]
10 cpl_forces h [-2.06069727 -2.1167331   0.01785896]
10 cpl_forces x [1.36487972 0.73408059 0.1557205 ]
10 cpl_forces y [ 0.69581755  1.38265251 -0.17357946]
11 cpl_forces h [-1.07068142 -1.08420139  0.00553414]
11 cpl_forces x [0.69935786 0.38054002 0.07778869]
11 cpl_forces y [ 0.37132356  0.70366137 -0.08332283]
12 cpl_forces h [-0.42566451 -0.42516094  0.00084203]
12 cpl_forces x [0.27430947 0.15108996 0.02962999]
12 cpl_forces y [ 0.15135504  0.27407098 -0.03047202]
13 cpl_forces h [-1.30041168e-01 -1.28225500e-01 -1.05369233e-04]
13 cpl_forces x [0.08272801 0.04614754 0.00863818]
13 cpl_forces y [ 0.04731316  0.08207796 -0.00853281]
14 cpl_forces h [-3.11106368e-02 -3.03171339e-02 -9.69937751e-05]
14 cpl_forces x [0.01955283 0.01105031 0.00196282]
14 cpl_forces y [ 0.01155781  0.01926683 -0.00186583]
15 cpl_forces h [-6.03345909e-03 -5.81815535e-03 -2.94603152e-05]
15 cpl_forces x [0.00374949 0.00214745 0.00035949]
15 cpl_forces y [ 0.00228396  0.00367071 -0.00033003]
16 cpl_forces h [-9.97027441e-04 -9.52719391e-04 -6.04301644e-06]
16 cpl_forces x [6.13233337e-04 3.55970621e-04 5.57103734e-05]
16 cpl_forces y [ 3.83794104e-04  5.96748770e-04 -4.96673570e-05]
17 cpl_forces h [-1.49583059e-04 -1.41838771e-04 -9.90800803e-07]
17 cpl_forces x [9.11459565e-05 5.36212011e-05 7.77035748e-06]
17 cpl_forces y [ 5.84371029e-05  8.82175700e-05 -6.77955668e-06]
18 cpl_forces h [-2.19417499e-05 -2.06749522e-05 -1.43908006e-07]
18 cpl_forces x [1.32585557e-05 7.90282915e-06 1.04821189e-06]
18 cpl_forces y [ 8.68319422e-06  1.27721231e-05 -9.04303881e-07]
19 cpl_forces h [-3.41174171e-06 -3.19877616e-06 -2.00301301e-08]
19 cpl_forces x [2.04648993e-06 1.23522836e-06 1.47863933e-07]
19 cpl_forces y [ 1.36525178e-06  1.96354780e-06 -1.27833803e-07]
30 cpl_forces h [-2.72642545e-06 -2.55216657e-06  5.95806569e-08]
30 cpl_forces x [ 1.61538678e-06  1.00667448e-06 -3.05016751e-08]
30 cpl_forces y [ 1.11103867e-06  1.54549209e-06 -2.90789818e-08]
31 cpl_forces h [-1.79143505e-05 -1.68352474e-05  4.21868838e-07]
31 cpl_forces x [ 1.06679704e-05  6.59574088e-06 -2.67974669e-07]
31 cpl_forces y [ 7.24638007e-06  1.02395065e-05 -1.53894169e-07]
32 cpl_forces h [-1.27360661e-04 -1.20285757e-04  3.16058689e-06]
32 cpl_forces x [ 7.63016449e-05  4.67592255e-05 -2.34088261e-06]
32 cpl_forces y [ 5.10590161e-05  7.35265318e-05 -8.19704280e-07]
33 cpl_forces h [-9.00177277e-04 -8.55400092e-04  2.30900170e-05]
33 cpl_forces x [ 5.43069272e-04  3.29642100e-04 -1.93285473e-05]
33 cpl_forces y [ 3.57108004e-04  5.25757992e-04 -3.76146973e-06]
34 cpl_forces h [-0.00583976 -0.00559022  0.00015219]
34 cpl_forces x [ 0.003551    0.00213404 -0.00014169]
34 cpl_forces y [ 2.28876687e-03  3.45618514e-03 -1.05020056e-05]
35 cpl_forces h [-0.0323955  -0.03127872  0.0008444 ]
35 cpl_forces x [ 0.01987243  0.01182145 -0.0008677 ]
35 cpl_forces y [1.25230693e-02 1.94572656e-02 2.33060257e-05]
36 cpl_forces h [-0.14495271 -0.14133267  0.00372319]
36 cpl_forces x [ 0.0897767   0.0528609  -0.00421364]
36 cpl_forces y [0.05517601 0.08847176 0.00049045]
37 cpl_forces h [-0.50066845 -0.4935095   0.01249185]
37 cpl_forces x [ 0.31331685  0.18262188 -0.01559348]
37 cpl_forces y [0.1873516  0.31088763 0.00310164]
38 cpl_forces h [-1.29694389 -1.29359541  0.03098784]
38 cpl_forces x [ 0.82059069  0.47357814 -0.04284928]
38 cpl_forces y [0.4763532  0.82001727 0.01186143]
39 cpl_forces h [-2.48131069 -2.50604307  0.0559601 ]
39 cpl_forces x [ 1.58805774  0.90774601 -0.08627255]
39 cpl_forces y [0.89325294 1.59829706 0.03031245]
40 cpl_forces h [-3.48208575 -3.56242742  0.07303343]
40 cpl_forces x [ 2.25488787  1.27711096 -0.12657314]
40 cpl_forces y [1.22719788 2.28531646 0.05353971]
41 cpl_forces h [-3.53539276 -3.66418578  0.06789654]
41 cpl_forces x [ 2.3165432   1.30069118 -0.13359306]
41 cpl_forces y [1.21884956 2.36349461 0.06569653]
42 cpl_forces h [-2.40344695 -2.52299818  0.0415607 ]
42 cpl_forces x [ 1.5931527   0.88741267 -0.09392605]
42 cpl_forces y [0.81029425 1.63558551 0.05236535]
43 cpl_forces h [-0.57750418 -0.61369954  0.00882787]
43 cpl_forces x [ 0.38705898  0.2140703  -0.02322722]
43 cpl_forces y [0.1904452  0.39962924 0.01439934]
44 cpl_forces h [ 1.19165308  1.28073763 -0.01578987]
44 cpl_forces x [-0.80688242 -0.44348543  0.04909699]
44 cpl_forces y [-0.38477066 -0.8372522  -0.03330712]
45 cpl_forces h [ 2.43230721  2.63998888 -0.02739066]
45 cpl_forces x [-1.66190499 -0.90839104  0.10219601]
45 cpl_forces y [-0.77040222 -1.73159784 -0.07480534]
46 cpl_forces h [ 3.0998404   3.39132084 -0.02910934]
46 cpl_forces x [-2.13408664 -1.16069234  0.13223754]
46 cpl_forces y [-0.96575376 -2.2306285  -0.1031282 ]
47 cpl_forces h [ 3.37805695  3.71743504 -0.02595243]
47 cpl_forces x [-2.33940198 -1.26679262  0.1456664 ]
47 cpl_forces y [-1.03865498 -2.45064242 -0.11971397]
48 cpl_forces h [ 3.46032416  3.82483708 -0.02107822]
48 cpl_forces x [-1.05330469 -2.5255396  -0.12904613]
48 cpl_forces y [-2.40701947 -1.29929748  0.15012435]
49 cpl_forces h [ 3.43576083  3.81300697 -0.01550797]
49 cpl_forces x [-1.03775963 -2.51991073 -0.13370597]
49 cpl_forces y [-2.3980012  -1.29309624  0.14921394]
50 cpl_forces h [ 3.32059684  3.70034878 -0.00963576]
50 cpl_forces x [-0.99718261 -2.44559871 -0.13397499]
50 cpl_forces y [-2.32341423 -1.25475008  0.14361075]
51 cpl_forces h [ 3.11371673  3.48510443 -0.00384042]
51 cpl_forces x [-0.93124754 -2.30164014 -0.12955681]
51 cpl_forces y [-2.18246919 -1.18346429  0.13339724]
52 cpl_forces h [2.80989318e+00 3.16053008e+00 1.44782672e-03]
52 cpl_forces x [-0.83815061 -2.08412462 -0.1200611 ]
52 cpl_forces y [-1.97174257 -1.07640546  0.11861327]
53 cpl_forces h [2.41393974 2.73027121 0.00568978]
53 cpl_forces x [-0.71898115 -1.79637151 -0.10555208]
53 cpl_forces y [-1.69495859 -0.93389969  0.0998623 ]
54 cpl_forces h [1.95108522 2.22050988 0.00837707]
54 cpl_forces x [-0.58083506 -1.45675821 -0.0870505 ]
54 cpl_forces y [-1.37025016 -0.76375167  0.07867343]
55 cpl_forces h [1.46760507 1.68169449 0.00926862]
55 cpl_forces x [-0.43704975 -1.09947995 -0.0666385 ]
55 cpl_forces y [-1.03055532 -0.58221454  0.05736988]
56 cpl_forces h [1.01865764 1.17582281 0.00856147]
56 cpl_forces x [-0.30366965 -0.76577062 -0.04695714]
56 cpl_forces y [-0.714988   -0.41005219  0.03839567]
57 cpl_forces h [0.64916593 0.75507975 0.00683994]
57 cpl_forces x [-0.19383926 -0.48970081 -0.03030706]
57 cpl_forces y [-0.45532667 -0.26537894  0.02346712]
58 cpl_forces h [0.37953776 0.4449271  0.00481342]
58 cpl_forces x [-0.11357275 -0.28729377 -0.01790203]
58 cpl_forces y [-0.265965   -0.15763333  0.01308861]
59 cpl_forces h [0.20436957 0.24145946 0.00302699]
59 cpl_forces x [-0.06131244 -0.15522098 -0.00971475]
59 cpl_forces y [-0.14305714 -0.08623847  0.00668777]
