# Distance | g(r) | Coordination Number | KB integral
        0.01800         0.00000         0.00000        -0.00006
        0.03000         0.00000         0.00000        -0.00020
        0.04200         0.00000         0.00000        -0.00046
        0.05400         0.00000         0.00000        -0.00090
        0.06600         0.00000         0.00000        -0.00156
        0.07800         0.00000         0.00000        -0.00248
        0.09000         0.00000         0.00000        -0.00371
        0.10200         0.00000         0.00000        -0.00528
        0.11400         0.00000         0.00000        -0.00724
        0.12600         0.00000         0.00000        -0.00963
        0.13800         0.00000         0.00000        -0.01251
        0.15000         0.00000         0.00000        -0.01590
        0.16200         0.00000         0.00000        -0.01986
        0.17400         0.00000         0.00000        -0.02443
        0.18600         0.00000         0.00000        -0.02965
        0.19800         0.00000         0.00000        -0.03556
        0.21000         0.00000         0.00000        -0.04221
        0.22200         0.00000         0.00000        -0.04965
        0.23400         0.00000         0.00000        -0.05791
        0.24600         0.00000         0.00000        -0.06703
        0.25800         0.00000         0.00000        -0.07707
        0.27000         0.00000         0.00000        -0.08807
        0.28200         0.00000         0.00000        -0.10006
        0.29400         0.00000         0.00000        -0.11310
        0.30600         0.00000         0.00000        -0.12722
        0.31800         0.00000         0.00000        -0.14247
        0.33000         0.00000         0.00000        -0.15889
        0.34200         0.00000         0.00000        -0.17653
        0.35400         0.00000         0.00000        -0.19543
        0.36600         0.00000         0.00000        -0.21563
        0.37800         0.00000         0.00000        -0.23718
        0.39000         0.00000         0.00000        -0.26012
        0.40200         0.00000         0.00000        -0.28449
        0.41400         0.00000         0.00000        -0.31034
        0.42600         0.00000         0.00000        -0.33771
        0.43800         0.00000         0.00000        -0.36664
        0.45000         0.00000         0.00000        -0.39718
        0.46200         0.00000         0.00000        -0.42936
        0.47400         0.00000         0.00000        -0.46325
        0.48600         0.00000         0.00000        -0.49887
        0.49800         0.00000         0.00000        -0.53627
        0.51000         0.00000         0.00000        -0.57549
        0.52200         0.00000         0.00000        -0.61658
        0.53400         0.00000         0.00000        -0.65958
        0.54600         0.00000         0.00000        -0.70454
        0.55800         0.00000         0.00000        -0.75149
        0.57000         0.00000         0.00000        -0.80049
        0.58200         0.00000         0.00000        -0.85157
        0.59400         0.00000         0.00000        -0.90478
        0.60600         0.00000         0.00000        -0.96016
        0.61800         0.00000         0.00000        -1.01775
        0.63000         0.00000         0.00000        -1.07761
        0.64200         0.00000         0.00000        -1.13976
        0.65400         0.00000         0.00000        -1.20426
        0.66600         0.00000         0.00000        -1.27115
        0.67800         0.00000         0.00000        -1.34047
        0.69000         0.00000         0.00000        -1.41227
        0.70200         0.00000         0.00000        -1.48658
        0.71400         0.00000         0.00000        -1.56346
        0.72600         0.00000         0.00000        -1.64294
        0.73800         0.00000         0.00000        -1.72507
        0.75000         0.00000         0.00000        -1.80990
        0.76200         0.00000         0.00000        -1.89746
        0.77400         0.00000         0.00000        -1.98780
        0.78600         0.00000         0.00000        -2.08096
        0.79800         0.00000         0.00000        -2.17699
        0.81000         0.00000         0.00000        -2.27593
        0.82200         0.00000         0.00000        -2.37782
        0.83400         0.00000         0.00000        -2.48271
        0.84600         0.00000         0.00000        -2.59064
        0.85800         0.00000         0.00000        -2.70165
        0.87000         0.00000         0.00000        -2.81579
        0.88200         0.00000         0.00000        -2.93310
        0.89400         0.00000         0.00000        -3.05363
        0.90600         0.00000         0.00000        -3.17741
        0.91800         0.00000         0.00000        -3.30449
        0.93000         0.00000         0.00000        -3.43492
        0.94200         0.00000         0.00000        -3.56873
        0.95400         0.00000         0.00000        -3.70597
        0.96600         0.00000         0.00000        -3.84669
        0.97800         0.00000         0.00000        -3.99093
        0.99000         0.00000         0.00000        -4.13873
        1.00200         0.00000         0.00000        -4.29013
        1.01400         0.00000         0.00000        -4.44518
        1.02600         0.00000         0.00000        -4.60392
        1.03800         0.00000         0.00000        -4.76640
        1.05000         0.00000         0.00000        -4.93265
        1.06200         0.00000         0.00000        -5.10273
        1.07400         0.00000         0.00000        -5.27667
        1.08600         0.00000         0.00000        -5.45452
        1.09800         0.00000         0.00000        -5.63632
        1.11000         0.00000         0.00000        -5.82212
        1.12200         0.00000         0.00000        -6.01196
        1.13400         0.00000         0.00000        -6.20588
        1.14600         0.00000         0.00000        -6.40392
        1.15800         0.00000         0.00000        -6.60614
        1.17000         0.00000         0.00000        -6.81256
        1.18200         0.00000         0.00000        -7.02325
        1.19400         0.00000         0.00000        -7.23823
        1.20600         0.00000         0.00000        -7.45756
        1.21800         0.00000         0.00000        -7.68127
        1.23000         0.00000         0.00000        -7.90941
        1.24200         0.00000         0.00000        -8.14202
        1.25400         0.00000         0.00000        -8.37916
        1.26600         0.00000         0.00000        -8.62085
        1.27800         0.00000         0.00000        -8.86714
        1.29000         0.00000         0.00000        -9.11808
        1.30200         0.00000         0.00000        -9.37372
        1.31400         0.00000         0.00000        -9.63408
        1.32600         0.00000         0.00000        -9.89923
        1.33800         0.00000         0.00000       -10.16919
        1.35000         0.00000         0.00000       -10.44402
        1.36200         0.00000         0.00000       -10.72376
        1.37400         0.00000         0.00000       -11.00844
        1.38600         0.00000         0.00000       -11.29812
        1.39800         0.00000         0.00000       -11.59284
        1.41000         0.00000         0.00000       -11.89264
        1.42200         0.00000         0.00000       -12.19757
        1.43400         0.00000         0.00000       -12.50766
        1.44600         0.00000         0.00000       -12.82297
        1.45800         0.00000         0.00000       -13.14352
        1.47000         0.00000         0.00000       -13.46938
        1.48200         0.00000         0.00000       -13.80058
        1.49400         0.00000         0.00000       -14.13717
        1.50600         0.00000         0.00000       -14.47918
        1.51800         0.00000         0.00000       -14.82667
        1.53000         0.00000         0.00000       -15.17967
        1.54200         0.00000         0.00000       -15.53823
        1.55400         0.00000         0.00000       -15.90239
        1.56600         0.00000         0.00000       -16.27220
        1.57800         0.00000         0.00000       -16.64770
        1.59000         0.00000         0.00000       -17.02893
        1.60200         0.00000         0.00000       -17.41593
        1.61400         0.00000         0.00000       -17.80876
        1.62600         0.00000         0.00000       -18.20745
        1.63800         0.00000         0.00000       -18.61204
        1.65000         0.00000         0.00000       -19.02259
        1.66200         0.00000         0.00000       -19.43913
        1.67400         0.00000         0.00000       -19.86170
        1.68600         0.00000         0.00000       -20.29036
        1.69800         0.00000         0.00000       -20.72514
        1.71000         0.00000         0.00000       -21.16608
        1.72200         0.00000         0.00000       -21.61324
        1.73400         0.00000         0.00000       -22.06665
        1.74600         0.00000         0.00000       -22.52635
        1.75800         0.00000         0.00000       -22.99240
        1.77000         0.00000         0.00000       -23.46483
        1.78200         0.00000         0.00000       -23.94369
        1.79400         0.00000         0.00000       -24.42902
        1.80600         0.00000         0.00000       -24.92087
        1.81800         0.00000         0.00000       -25.41927
        1.83000         0.00000         0.00000       -25.92428
        1.84200         0.00000         0.00000       -26.43592
        1.85400         0.00000         0.00000       -26.95426
        1.86600         0.00000         0.00000       -27.47933
        1.87800         0.00000         0.00000       -28.01117
        1.89000         0.00000         0.00000       -28.54984
        1.90200         0.00000         0.00000       -29.09536
        1.91400         0.00000         0.00000       -29.64779
        1.92600         0.00000         0.00000       -30.20717
        1.93800         0.00000         0.00000       -30.77354
        1.95000         0.00000         0.00000       -31.34694
        1.96200         0.00000         0.00000       -31.92742
        1.97400         0.00000         0.00000       -32.51503
        1.98600         0.00000         0.00000       -33.10980
        1.99800         0.00000         0.00000       -33.71179
        2.01000         0.00000         0.00000       -34.32102
        2.02200         0.00000         0.00000       -34.93755
        2.03400         0.00000         0.00000       -35.56142
        2.04600         0.00000         0.00000       -36.19267
        2.05800         0.00000         0.00000       -36.83135
        2.07000         0.00000         0.00000       -37.47750
        2.08200         0.00000         0.00000       -38.13117
        2.09400         0.00001         0.00000       -38.79238
        2.10600         0.00000         0.00000       -39.46120
        2.11800         0.00001         0.00000       -40.13766
        2.13000         0.00000         0.00000       -40.82180
        2.14200         0.00002         0.00000       -41.51367
        2.15400         0.00006         0.00000       -42.21328
        2.16600         0.00003         0.00000       -42.92074
        2.17800         0.00006         0.00001       -43.63602
        2.19000         0.00006         0.00001       -44.35922
        2.20200         0.00009         0.00001       -45.09034
        2.21400         0.00016         0.00001       -45.82939
        2.22600         0.00014         0.00002       -46.57650
        2.23800         0.00021         0.00003       -47.33163
        2.25000         0.00020         0.00003       -48.09488
        2.26200         0.00034         0.00004       -48.86619
        2.27400         0.00037         0.00005       -49.64568
        2.28600         0.00041         0.00007       -50.43339
        2.29800         0.00039         0.00008       -51.22941
        2.31000         0.00051         0.00010       -52.03366
        2.32200         0.00057         0.00011       -52.84625
        2.33400         0.00068         0.00014       -53.66716
        2.34600         0.00069         0.00016       -54.49654
        2.35800         0.00077         0.00019       -55.33435
        2.37000         0.00091         0.00022       -56.18059
        2.38200         0.00094         0.00025       -57.03539
        2.39400         0.00112         0.00029       -57.89868
        2.40600         0.00134         0.00034       -58.77044
        2.41800         0.00132         0.00038       -59.65094
        2.43000         0.00150         0.00044       -60.54004
        2.44200         0.00185         0.00050       -61.43763
        2.45400         0.00228         0.00059       -62.34368
        2.46600         0.00277         0.00069       -63.25815
        2.47800         0.00333         0.00081       -64.18104
        2.49000         0.00432         0.00098       -65.11195
        2.50200         0.00551         0.00119       -66.05074
        2.51400         0.00767         0.00148       -66.99649
        2.52600         0.01037         0.00188       -67.94870
        2.53800         0.01432         0.00244       -68.90613
        2.55000         0.01891         0.00319       -69.86814
        2.56200         0.02652         0.00425       -70.83171
        2.57400         0.03684         0.00573       -71.79400
        2.58600         0.04932         0.00773       -72.75270
        2.59800         0.06626         0.01045       -73.70308
        2.61000         0.08881         0.01412       -74.63909
        2.62200         0.11686         0.01900       -75.55465
        2.63400         0.15345         0.02547       -76.44033
        2.64600         0.19909         0.03394       -77.28591
        2.65800         0.25620         0.04493       -78.07834
        2.67000         0.32428         0.05897       -78.80474
        2.68200         0.40897         0.07684       -79.44583
        2.69400         0.50879         0.09927       -79.98342
        2.70600         0.62635         0.12713       -80.39600
        2.71800         0.76548         0.16148       -80.65726
        2.73000         0.92425         0.20332       -80.74240
        2.74200         1.10102         0.25360       -80.62786
        2.75400         1.30700         0.31381       -80.27674
        2.76600         1.53262         0.38504       -79.66226
        2.77800         1.77369         0.46818       -78.76189
        2.79000         2.04350         0.56480       -77.53701
        2.80200         2.32552         0.67570       -75.96768
        2.81400         2.62487         0.80195       -74.02743
        2.82600         2.92968         0.94407       -71.70351
        2.83800         3.24228         1.10269       -68.98015
        2.85000         3.55412         1.27804       -65.85175
        2.86200         3.86127         1.47015       -62.31756
        2.87400         4.15480         1.67860       -58.38807
        2.88600         4.43330         1.90289       -54.07589
        2.89800         4.68377         2.14182       -49.41058
        2.91000         4.89649         2.39367       -44.43492
        2.92200         5.08970         2.65763       -39.16937
        2.93400         5.24386         2.93182       -33.66037
        2.94600         5.34823         3.21376       -27.96962
        2.95800         5.40705         3.50113       -22.15480
        2.97000         5.42557         3.79183       -16.26807
        2.98200         5.39151         4.08304       -10.37935
        2.99400         5.32118         4.37277        -4.53821
        3.00600         5.20699         4.65856         1.19425
        3.01800         5.05210         4.93807         6.75983
        3.03000         4.86328         5.20927        12.10834
        3.04200         4.64262         5.47023        17.19138
        3.05400         4.39067         5.71897        21.96025
        3.06600         4.13190         5.95489        26.39986
        3.07800         3.85938         6.17699        30.48495
        3.09000         3.56376         6.38367        34.17630
        3.10200         3.28192         6.57549        37.48742
        3.11400         2.99257         6.75176        40.40111
        3.12600         2.69810         6.91190        42.90338
        3.13800         2.42833         7.05715        45.02431
        3.15000         2.16746         7.18778        46.77114
        3.16200         1.91920         7.30433        48.15703
        3.17400         1.68405         7.40738        49.19622
        3.18600         1.47462         7.49830        49.92271
        3.19800         1.27684         7.57762        50.34967
        3.21000         1.09581         7.64621        50.49853
        3.22200         0.93777         7.70534        50.40111
        3.23400         0.79949         7.75613        50.08487
        3.24600         0.67236         7.79916        49.56429
        3.25800         0.56591         7.83565        48.86947
        3.27000         0.47221         7.86632        48.01843
        3.28200         0.38824         7.89172        47.02474
        3.29400         0.31896         7.91274        45.91042
        3.30600         0.26218         7.93015        44.69438
        3.31800         0.21104         7.94426        43.38459
        3.33000         0.17077         7.95576        41.99798
        3.34200         0.13816         7.96513        40.54643
        3.35400         0.10982         7.97264        39.03637
        3.36600         0.08818         7.97870        37.47851
        3.37800         0.06881         7.98347        35.87619
        3.39000         0.05383         7.98723        34.23652
        3.40200         0.04261         7.99023        32.56563
        3.41400         0.03298         7.99256        30.86599
        3.42600         0.02557         7.99439        29.14128
        3.43800         0.01994         7.99582        27.39443
        3.45000         0.01556         7.99694        25.62751
        3.46200         0.01241         7.99785        23.84258
        3.47400         0.01000         7.99858        22.04087
        3.48600         0.00801         7.99917        20.22305
        3.49800         0.00680         7.99968        18.39045
        3.51000         0.00619         8.00014        16.54413
        3.52200         0.00570         8.00057        14.68423
        3.53400         0.00570         8.00100        12.81165
        3.54600         0.00615         8.00147        10.92717
        3.55800         0.00682         8.00200         9.03121
        3.57000         0.00745         8.00257         7.12364
        3.58200         0.00863         8.00325         5.20552
        3.59400         0.01039         8.00406         3.27795
        3.60600         0.01220         8.00502         1.34102
        3.61800         0.01464         8.00619        -0.60400
        3.63000         0.01734         8.00758        -2.55657
        3.64200         0.02016         8.00920        -4.51645
        3.65400         0.02386         8.01114        -6.48180
        3.66600         0.02810         8.01343        -8.45148
        3.67800         0.03301         8.01614       -10.42408
        3.69000         0.03860         8.01933       -12.39809
        3.70200         0.04481         8.02306       -14.37212
        3.71400         0.05194         8.02742       -16.34415
        3.72600         0.06025         8.03250       -18.31153
        3.73800         0.06919         8.03837       -20.27277
        3.75000         0.07911         8.04513       -22.22560
        3.76200         0.08938         8.05281       -24.16902
        3.77400         0.10177         8.06161       -26.09825
        3.78600         0.11557         8.07168       -28.00992
        3.79800         0.13139         8.08319       -29.89934
        3.81000         0.14658         8.09611       -31.76746
        3.82200         0.16591         8.11083       -33.60478
        3.83400         0.18514         8.12736       -35.41104
        3.84600         0.20576         8.14585       -37.18262
        3.85800         0.22983         8.16663       -38.91126
        3.87000         0.25384         8.18972       -40.59643
        3.88200         0.28177         8.21551       -42.22860
        3.89400         0.31036         8.24410       -43.80549
        3.90600         0.34259         8.27585       -45.31799
        3.91800         0.37884         8.31117       -46.75588
        3.93000         0.41672         8.35026       -48.11437
        3.94200         0.45701         8.39340       -49.38674
        3.95400         0.50273         8.44114       -50.55909
        3.96600         0.55193         8.49387       -51.62186
        3.97800         0.60265         8.55180       -52.57005
        3.99000         0.66121         8.61574       -53.38337
        4.00200         0.71954         8.68574       -54.06072
        4.01400         0.78579         8.76264       -54.58117
        4.02600         0.85353         8.84667       -54.93918
        4.03800         0.92379         8.93817       -55.12655
        4.05000         0.99771         9.03757       -55.13221
        4.06200         1.07011         9.14482       -54.95777
        4.07400         1.14981         9.26074       -54.58281
        4.08600         1.22092         9.38455       -54.02663
        4.09800         1.29554         9.51670       -53.27820
        4.11000         1.36360         9.65661       -52.35202
        4.12200         1.42890         9.80408       -51.25310
        4.13400         1.48343         9.95807       -50.00726
        4.14600         1.53131        10.11795       -48.63005
        4.15800         1.57570        10.28343       -47.12913
        4.17000         1.60478        10.45293       -45.54327
        4.18200         1.62647        10.62571       -43.89107
        4.19400         1.63447        10.80034       -42.20816
        4.20600         1.63437        10.97596       -40.51587
        4.21800         1.62121        11.15116       -38.84923
        4.23000         1.59805        11.32484       -37.23558
        4.24200         1.56390        11.49577       -35.70543
        4.25400         1.52333        11.66322       -34.27731
        4.26600         1.47521        11.82629       -32.97320
        4.27800         1.41879        11.98401       -31.81745
        4.29000         1.35584        12.13557       -30.82990
        4.30200         1.28864        12.28043       -30.02437
        4.31400         1.22031        12.41838       -29.40608
        4.32600         1.14892        12.54898       -28.98583
        4.33800         1.07859        12.67227       -28.76281
        4.35000         1.00677        12.78798       -28.74350
        4.36200         0.93572        12.89613       -28.92795
        4.37400         0.86695        12.99687       -29.31180
        4.38600         0.79928        13.09027       -29.89405
        4.39800         0.73823        13.17700       -30.65759
        4.41000         0.67632        13.25689       -31.60685
        4.42200         0.61837        13.33034       -32.73216
        4.43400         0.56511        13.39782       -34.02147
        4.44600         0.51538        13.45970       -35.46601
        4.45800         0.46869        13.51628       -37.05830
        4.47000         0.42666        13.56806       -38.78582
        4.48200         0.38816        13.61542       -40.63925
        4.49400         0.35156        13.65855       -42.61408
        4.50600         0.31933        13.69793       -44.69815
        4.51800         0.28985        13.73387       -46.88408
        4.53000         0.26333        13.76669       -49.16369
        4.54200         0.24060        13.79684       -51.52610
        4.55400         0.22054        13.82462       -53.96377
        4.56600         0.20280        13.85030       -56.47005
        4.57800         0.18782        13.87421       -59.03687
        4.59000         0.17575        13.89670       -61.65551
        4.60200         0.16646        13.91812       -64.31754
        4.61400         0.16015        13.93883       -67.01371
        4.62600         0.15639        13.95916       -69.73605
        4.63800         0.15606        13.97955       -72.47362
        4.65000         0.15905        14.00044       -75.21563
        4.66200         0.16339        14.02201       -77.95757
        4.67400         0.17211        14.04484       -80.68493
        4.68600         0.18408        14.06940       -83.38667
        4.69800         0.19983        14.09619       -86.04983
        4.71000         0.21798        14.12556       -88.66589
        4.72200         0.24063        14.15815       -91.21916
        4.73400         0.26737        14.19455       -93.69504
        4.74600         0.29858        14.23540       -96.07750
        4.75800         0.33356        14.28126       -98.35259
        4.77000         0.37243        14.33274      -100.50581
        4.78200         0.41674        14.39062      -102.51707
        4.79400         0.46706        14.45582      -104.36406
        4.80600         0.51928        14.52868      -106.03842
        4.81800         0.57717        14.61006      -107.51854
        4.83000         0.63845        14.70053      -108.79044
        4.84200         0.70764        14.80130      -109.82404
        4.85400         0.77859        14.91273      -110.61069
        4.86600         0.85587        15.03582      -111.12530
        4.87800         0.93667        15.17120      -111.35255
        4.89000         1.02003        15.31935      -111.28030
        4.90200         1.10729        15.48097      -110.89154
        4.91400         1.19758        15.65662      -110.17209
        4.92600         1.29083        15.84688      -109.10789
        4.93800         1.38592        16.05215      -107.68888
        4.95000         1.47850        16.27219      -105.92089
        4.96200         1.57596        16.50788      -103.78243
        4.97400         1.67331        16.75934      -101.27044
        4.98600         1.76515        17.02589       -98.40203
        4.99800         1.85670        17.30761       -95.17493
        5.01000         1.94537        17.60420       -91.59670
        5.02200         2.02994        17.91517       -87.67967
        5.03400         2.11104        18.24011       -83.43400
        5.04600         2.18739        18.57841       -78.87488
        5.05800         2.25434        18.92873       -74.03579
        5.07000         2.31692        19.29047       -68.93114
        5.08200         2.37028        19.66231       -63.59449
        5.09400         2.41497        20.04295       -58.05772
        5.10600         2.45398        20.43156       -52.34149
        5.11800         2.47950        20.82606       -46.49751
        5.13000         2.49580        21.22501       -40.56142
        5.14200         2.50427        21.62720       -34.56375
        5.15400         2.50200        22.03090       -28.54718
        5.16600         2.48977        22.43450       -22.55176
        5.17800         2.46645        22.83618       -16.62275
        5.19000         2.43555        23.23466       -10.79175
        5.20200         2.39447        23.62824        -5.10137
        5.21400         2.34583        24.01561         0.41588
        5.22600         2.28787        24.39514         5.71987
        5.23800         2.22306        24.76562        10.78009
        5.25000         2.15117        25.12576        15.56475
        5.26200         2.07479        25.47471        20.05236
        5.27400         1.99293        25.81142        24.21711
        5.28600         1.90597        26.13490        28.03443
        5.29800         1.81587        26.44449        31.48773
        5.31000         1.72312        26.73960        34.56234
        5.32200         1.62841        27.01976        37.24635
        5.33400         1.53338        27.28475        39.53478
        5.34600         1.43912        27.53458        41.42725
        5.35800         1.34319        27.76880        42.91294
        5.37000         1.25305        27.98828        44.01332
        5.38200         1.16117        28.19258        44.71732
        5.39400         1.07688        28.38289        45.05461
        5.40600         0.99138        28.55887        45.01661
        5.41800         0.91179        28.72145        44.62615
        5.43000         0.83699        28.87135        43.90139
        5.44200         0.76691        29.00931        42.86044
        5.45400         0.70113        29.13599        41.51983
        5.46600         0.63901        29.25195        39.89342
        5.47800         0.58512        29.35860        38.01600
        5.49000         0.53442        29.45644        35.89994
        5.50200         0.49124        29.54677        33.57749
        5.51400         0.45308        29.63044        31.06996
        5.52600         0.42166        29.70865        28.40682
        5.53800         0.39351        29.78196        25.60190
        5.55000         0.37228        29.85161        22.68618
        5.56200         0.35783        29.91885        19.69043
        5.57400         0.34954        29.98482        16.64289
        5.58600         0.34536        30.05027        13.56256
        5.59800         0.34762        30.11644        10.47965
        5.61000         0.35568        30.18443         7.42176
        5.62200         0.36964        30.25540         4.41732
        5.63400         0.38800        30.33020         1.48791
        5.64600         0.41186        30.40995        -1.33926
        5.65800         0.44274        30.49604        -4.02940
        5.67000         0.47660        30.58911        -6.56680
        5.68200         0.51834        30.69076        -8.91174
        5.69400         0.56091        30.80122       -11.05850
        5.70600         0.60995        30.92184       -12.97355
        5.71800         0.66382        31.05368       -14.63104
        5.73000         0.72040        31.19735       -16.01537
        5.74200         0.77789        31.35313       -17.11967
        5.75400         0.84078        31.52221       -17.91461
        5.76600         0.90484        31.70494       -18.39171
        5.77800         0.96961        31.90156       -18.54471
        5.79000         1.03375        32.11206       -18.37410
        5.80200         1.10147        32.33729       -17.85899
        5.81400         1.16498        32.57648       -17.01804
        5.82600         1.22486        32.82901       -15.86713
        5.83800         1.28564        33.09516       -14.39908
        5.85000         1.33853        33.37340       -12.65203
        5.86200         1.38914        33.66335       -10.63555
        5.87400         1.43718        33.96455        -8.36087
        5.88600         1.47415        34.27477        -5.88376
        5.89800         1.50737        34.59327        -3.22225
        5.91000         1.53196        34.91829        -0.42042
        5.92200         1.55008        35.24848         2.48866
        5.93400         1.56001        35.58214         5.46227
        5.94600         1.56258        35.91771         8.46163
        5.95800         1.55637        36.25329        11.43986
        5.97000         1.54335        36.58740        14.36012
        5.98200         1.52549        36.91898        17.19573
        5.99400         1.49403        37.24502        19.87228
