# Distance | g(r) | Coordination Number | KB integral
        0.09000         0.00000         0.00000        -0.00724
        0.15000         0.00000         0.00000        -0.02443
        0.21000         0.00000         0.00000        -0.05791
        0.27000         0.00000         0.00000        -0.11310
        0.33000         0.00000         0.00000        -0.19543
        0.39000         0.00000         0.00000        -0.31034
        0.45000         0.00000         0.00000        -0.46325
        0.51000         0.00000         0.00000        -0.65958
        0.57000         0.00000         0.00000        -0.90478
        0.63000         0.00000         0.00000        -1.20426
        0.69000         0.00000         0.00000        -1.56346
        0.75000         0.00000         0.00000        -1.98780
        0.81000         0.00000         0.00000        -2.48271
        0.87000         0.00000         0.00000        -3.05363
        0.93000         0.00000         0.00000        -3.70597
        0.99000         0.00000         0.00000        -4.44518
        1.05000         0.00000         0.00000        -5.27667
        1.11000         0.00000         0.00000        -6.20588
        1.17000         0.00000         0.00000        -7.23823
        1.23000         0.00000         0.00000        -8.37916
        1.29000         0.00000         0.00000        -9.63408
        1.35000         0.00000         0.00000       -11.00844
        1.41000         0.00000         0.00000       -12.50766
        1.47000         0.00000         0.00000       -14.13717
        1.53000         0.00000         0.00000       -15.90239
        1.59000         0.00000         0.00000       -17.80876
        1.65000         0.00000         0.00000       -19.86170
        1.71000         0.00000         0.00000       -22.06665
        1.77000         0.00000         0.00000       -24.42902
        1.83000         0.00000         0.00000       -26.95426
        1.89000         0.00000         0.00000       -29.64779
        1.95000         0.00000         0.00000       -32.51503
        2.01000         0.00000         0.00000       -35.56142
        2.07000         0.00000         0.00000       -38.79239
        2.13000         0.00024         0.00003       -42.21253
        2.19000         0.00229         0.00037       -45.82064
        2.25000         0.00456         0.00107       -49.62049
        2.31000         0.01092         0.00283       -53.60012
        2.37000         0.01722         0.00577       -57.76246
        2.43000         0.02494         0.01023       -62.10381
        2.49000         0.03333         0.01650       -66.62299
        2.55000         0.06440         0.02920       -71.21022
        2.61000         0.15894         0.06203       -75.53029
        2.67000         0.43156         0.15533       -78.58580
        2.73000         1.07603         0.39852       -78.15852
        2.79000         2.22501         0.92374       -70.96857
        2.85000         3.66460         1.82637       -54.64938
        2.91000         4.87602         3.07850       -29.90090
        2.97000         5.29534         4.49495        -1.33249
        3.03000         4.68280         5.79867        24.16152
        3.09000         3.44867         6.79721        41.79027
        3.15000         2.07906         7.42279        49.86339
        3.21000         1.05789         7.75334        50.31316
        3.27000         0.47944         7.90880        46.11616
        3.33000         0.18140         7.96980        39.27179
        3.39000         0.06265         7.99163        31.14958
        3.45000         0.01902         7.99850        22.34581
        3.51000         0.00857         8.00170        13.13601
        3.57000         0.01138         8.00610         3.63576
        3.63000         0.01960         8.01393        -6.10485
        3.69000         0.03988         8.03040       -15.96195
        3.75000         0.08020         8.06460       -25.71472
        3.81000         0.14463         8.12826       -35.07684
        3.87000         0.25438         8.24379       -43.49679
        3.93000         0.42410         8.44242       -50.20344
        3.99000         0.70370         8.78214       -53.76011
        4.05000         1.05145         9.30512       -53.12381
        4.11000         1.41720        10.03107       -47.81015
        4.17000         1.60908        10.87954       -39.82445
        4.23000         1.57027        11.73154       -32.13090
        4.29000         1.28978        12.45135       -28.10976
        4.35000         0.95621        13.00003       -28.73450
        4.41000         0.65433        13.38592       -33.80334
        4.47000         0.42563        13.64381       -42.45646
        4.53000         0.27672        13.81601       -53.64755
        4.59000         0.19299        13.93930       -66.46706
        4.65000         0.17884        14.05656       -79.85458
        4.71000         0.24259        14.21976       -92.52347
        4.77000         0.39590        14.49292      -102.88704
        4.83000         0.64796        14.95130      -109.07932
        4.89000         1.04367        15.70808      -108.29199
        4.95000         1.47372        16.80307       -99.54008
        5.01000         1.88747        18.23969       -82.74448
        5.07000         2.26427        20.00463       -58.24130
        5.13000         2.43010        21.94394       -29.86416
        5.19000         2.38363        23.89090        -1.76326
        5.25000         2.12292        25.66524        21.57304
        5.31000         1.73901        27.15213        37.28413
        5.37000         1.27413        28.26629        43.24453
        5.43000         0.88097        29.05396        40.59836
        5.49000         0.58188        29.58578        31.09638
        5.55000         0.41238        29.97097        17.44912
        5.61000         0.40019        30.35289         3.21576
        5.67000         0.51871        30.85857        -8.45059
        5.73000         0.77356        31.62875       -14.05621
        5.79000         1.06894        32.71541       -12.31362
        5.85000         1.35037        34.11676        -3.27300
        5.91000         1.52000        35.72668        10.42134
        5.97000         1.50274        37.35079        23.93131
