10:44:08-INFO: mixed forces 0 [-11.90930516  -3.69110459  -2.42445483]
10:44:08-INFO: mixed forces 1 [14.46777781  5.36950737  1.12242147]
10:44:08-INFO: mixed forces 2 [ 2.87639136  0.35120673 -0.78146962]
10:44:08-INFO: mixed forces 3 [ 2.92565548 -0.42260955  0.2340894 ]
10:44:08-INFO: mixed forces 4 [ 0.35136104 -0.62019717  0.39038131]
10:44:08-INFO: mixed forces 5 [ 0.24251726  2.84272759 -0.33759539]
10:44:08-INFO: mixed forces 6 [0.32395553 2.7788727  2.8784286 ]
10:44:08-INFO: mixed forces 7 [-0.07480934  2.12897336  0.15302465]
10:44:08-INFO: mixed forces 8 [ 1.98895138  6.19284768 -7.27146848]
10:44:08-INFO: mixed forces 9 [-1.09740008 -0.80578139 -1.89047502]
10:44:08-INFO: mixed forces 10 [-0.68402065 -3.09634459  2.79419247]
10:44:08-INFO: mixed forces 11 [0.5693594 4.0941485 2.5167881]
10:44:08-INFO: mixed forces 12 [ 2.4852479  -5.83164583  1.5540194 ]
10:44:08-INFO: mixed forces 13 [-3.0097004   0.38077616 -0.78679637]
10:44:08-INFO: mixed forces 14 [ 0.95871816 -1.05065924  0.49672026]
10:44:08-INFO: mixed forces 15 [1.0339586  2.18848939 3.14762403]
10:44:08-INFO: mixed forces 16 [ 0.903698    1.58952935 -0.01734093]
10:44:08-INFO: mixed forces 17 [-3.13277243 -5.39970558 -1.20394299]
10:44:08-INFO: mixed forces 18 [-1.88500283  1.81374716  1.98081672]
10:44:08-INFO: mixed forces 19 [1.10289972 2.79104051 1.77957444]
10:44:08-INFO: mixed forces 0 [-16.62156291  -8.67593427  -2.34794523]
10:44:08-INFO: mixed forces 1 [17.73592051  6.93597948  1.66230635]
10:44:08-INFO: mixed forces 2 [ 2.6018101   0.49923717 -0.79509173]
10:44:08-INFO: mixed forces 3 [ 2.9211911  -0.43275973  0.22155511]
10:44:08-INFO: mixed forces 4 [ 0.34955822 -0.62339504  0.38873486]
10:44:08-INFO: mixed forces 5 [ 0.24348904  2.84520049 -0.33492744]
10:44:08-INFO: mixed forces 6 [0.32451722 2.78335098 2.88114676]
10:44:08-INFO: mixed forces 7 [-0.0714526   2.13251663  0.15738987]
10:44:08-INFO: mixed forces 8 [ 1.12136796  6.48740325 -7.3893922 ]
10:44:08-INFO: mixed forces 9 [-0.85207249 -0.54161741 -1.90125813]
10:44:08-INFO: mixed forces 10 [-0.49099071 -3.1663748   2.59397537]
10:44:08-INFO: mixed forces 11 [0.58459085 3.81244967 2.53007673]
10:44:08-INFO: mixed forces 12 [ 3.60035768 -3.06387422  1.08325728]
10:44:08-INFO: mixed forces 13 [-1.98477787  1.55123436 -0.816057  ]
10:44:08-INFO: mixed forces 14 [ 0.81967003 -1.0076221   0.32115433]
10:44:08-INFO: mixed forces 15 [0.73328251 1.81797654 3.1970744 ]
10:44:08-INFO: mixed forces 16 [ 1.01020857  1.28434966 -0.01565648]
10:44:08-INFO: mixed forces 17 [-3.25227523 -5.24936491 -1.20375945]
10:44:08-INFO: mixed forces 18 [-1.92540675  1.8214392   1.96269548]
10:44:08-INFO: mixed forces 19 [1.14361003 2.7388782  1.81084732]
10:44:08-INFO: mixed forces 0 [-13.37584873  -5.40517996  -2.35937939]
10:44:08-INFO: mixed forces 1 [15.42288205  5.84653483  1.28835925]
10:44:08-INFO: mixed forces 2 [ 2.74862417  0.41519064 -0.78897634]
10:44:08-INFO: mixed forces 3 [ 2.92228093 -0.42722091  0.22745113]
10:44:08-INFO: mixed forces 4 [ 0.34993009 -0.62118908  0.38890136]
10:44:08-INFO: mixed forces 5 [ 0.24308574  2.84129519 -0.33684166]
10:44:08-INFO: mixed forces 6 [0.32350816 2.77738035 2.87764632]
10:44:08-INFO: mixed forces 7 [-0.07356231  2.129031    0.15544482]
10:44:08-INFO: mixed forces 8 [ 1.59760125  6.31224345 -7.31731644]
10:44:08-INFO: mixed forces 9 [-0.98449719 -0.68797377 -1.89138854]
10:44:08-INFO: mixed forces 10 [-0.59717745 -3.12310537  2.70109743]
10:44:08-INFO: mixed forces 11 [0.58001785 3.95905794 2.51778374]
10:44:08-INFO: mixed forces 12 [ 2.85183943 -4.89407949  1.38733288]
10:44:08-INFO: mixed forces 13 [-2.55900057  0.91925719 -0.79685366]
10:44:08-INFO: mixed forces 14 [ 0.89646117 -1.03091245  0.41756266]
10:44:08-INFO: mixed forces 15 [0.90001778 2.02177134 3.16739779]
10:44:08-INFO: mixed forces 16 [ 0.95064009  1.44980241 -0.0171944 ]
10:44:08-INFO: mixed forces 17 [-3.18464719 -5.32588689 -1.20334143]
10:44:08-INFO: mixed forces 18 [-1.90338968  1.81666014  1.97180828]
10:44:08-INFO: mixed forces 19 [1.12089967 2.76395781 1.79255452]
10:44:08-INFO: mixed forces 0 [-15.18835967  -7.53724561  -2.27534719]
10:44:08-INFO: mixed forces 1 [16.62040366  6.46983671  1.48188708]
10:44:08-INFO: mixed forces 2 [ 2.61059513  0.48299794 -0.79733882]
10:44:08-INFO: mixed forces 3 [ 2.91838308 -0.43219136  0.22011413]
10:44:08-INFO: mixed forces 4 [ 0.34826984 -0.62216785  0.38716473]
10:44:08-INFO: mixed forces 5 [ 0.24372239  2.8392548  -0.33611491]
10:44:08-INFO: mixed forces 6 [0.32288825 2.77509064 2.87640783]
10:44:08-INFO: mixed forces 7 [-0.07227353  2.12879494  0.15813522]
10:44:08-INFO: mixed forces 8 [ 1.17877118  6.43894664 -7.36534796]
10:44:08-INFO: mixed forces 9 [-0.86333225 -0.56211517 -1.89148934]
10:44:08-INFO: mixed forces 10 [-0.50388218 -3.15106494  2.6005167 ]
10:44:08-INFO: mixed forces 11 [0.59187278 3.81260253 2.51793181]
10:44:08-INFO: mixed forces 12 [ 3.31428001 -3.70556703  1.17878527]
10:44:08-INFO: mixed forces 13 [-2.07891762  1.49737666 -0.80693811]
10:44:08-INFO: mixed forces 14 [ 0.82964966 -1.00963296  0.33246502]
10:44:08-INFO: mixed forces 15 [0.75615784 1.84250996 3.18810487]
10:44:08-INFO: mixed forces 16 [ 1.00087136  1.29905879 -0.01716305]
10:44:08-INFO: mixed forces 17 [-3.24011967 -5.24520011 -1.20258466]
10:44:08-INFO: mixed forces 18 [-1.92320233  1.81967923  1.96195717]
10:44:08-INFO: mixed forces 19 [1.14020774 2.73409812 1.80631351]
10:44:09-INFO: mixed forces 0 [-13.46761333  -6.052099    -2.2184824 ]
10:44:09-INFO: mixed forces 1 [15.33247409  5.92410191  1.26528423]
10:44:09-INFO: mixed forces 2 [ 2.655974    0.44815319 -0.79747782]
10:44:09-INFO: mixed forces 3 [ 2.91648757 -0.43029301  0.22054165]
10:44:09-INFO: mixed forces 4 [ 0.34736882 -0.62063511  0.38599024]
10:44:09-INFO: mixed forces 5 [ 0.24379655  2.83361943 -0.33753449]
10:44:09-INFO: mixed forces 6 [0.32135813 2.76711855 2.87180684]
10:44:09-INFO: mixed forces 7 [-0.07345925  2.12499343  0.15820329]
10:44:09-INFO: mixed forces 8 [ 1.34920654  6.35608686 -7.32794286]
10:44:09-INFO: mixed forces 9 [-0.90719053 -0.61663448 -1.88125483]
10:44:09-INFO: mixed forces 10 [-0.54170801 -3.12793053  2.63370776]
10:44:09-INFO: mixed forces 11 [0.59604538 3.85140024 2.50535579]
10:44:09-INFO: mixed forces 12 [ 2.95583146 -4.52754691  1.30751331]
10:44:09-INFO: mixed forces 13 [-2.30363721  1.28847712 -0.7946813 ]
10:44:09-INFO: mixed forces 14 [ 0.85753211 -1.01730416  0.36650692]
10:44:09-INFO: mixed forces 15 [0.81746429 1.9148814  3.17332225]
10:44:09-INFO: mixed forces 16 [ 0.9779922   1.35377206 -0.01874011]
10:44:09-INFO: mixed forces 17 [-3.21300207 -5.26195181 -1.20156262]
10:44:09-INFO: mixed forces 18 [-1.91572643  1.8170606   1.96377335]
10:44:09-INFO: mixed forces 19 [1.13162816 2.7369382  1.7980148 ]
10:44:09-INFO: mixed forces 0 [-13.95310173  -6.97255678  -2.10817002]
10:44:09-INFO: mixed forces 1 [15.56446243  6.13000183  1.29272339]
10:44:09-INFO: mixed forces 2 [ 2.57240725  0.48052059 -0.80450879]
10:44:09-INFO: mixed forces 3 [ 2.91192989 -0.43312193  0.21473205]
10:44:09-INFO: mixed forces 4 [ 0.34536462 -0.6203938   0.38373341]
10:44:09-INFO: mixed forces 5 [ 0.24437843  2.82803384 -0.33790137]
10:44:09-INFO: mixed forces 6 [0.31978719 2.75972604 2.86759509]
10:44:09-INFO: mixed forces 7 [-0.07320086  2.12217606  0.16049023]
10:44:09-INFO: mixed forces 8 [ 1.11863187  6.40509563 -7.34230116]
10:44:09-INFO: mixed forces 9 [-0.83685549 -0.54951388 -1.87425051]
10:44:09-INFO: mixed forces 10 [-0.49005643 -3.13533911  2.57286427]
10:44:09-INFO: mixed forces 11 [0.60846939 3.75641376 2.49690779]
10:44:09-INFO: mixed forces 12 [ 3.13483561 -3.99804775  1.20544097]
10:44:09-INFO: mixed forces 13 [-2.05947998  1.62511671 -0.79442085]
10:44:09-INFO: mixed forces 14 [ 0.8211213  -1.00487348  0.31910726]
10:44:09-INFO: mixed forces 15 [0.73979553 1.81541233 3.18033632]
10:44:09-INFO: mixed forces 16 [ 1.00402888  1.26592279 -0.01980671]
10:44:09-INFO: mixed forces 17 [-3.24050974 -5.20628013 -1.20022077]
10:44:09-INFO: mixed forces 18 [-1.92707244  1.81776862  1.95682322]
10:44:09-INFO: mixed forces 19 [1.14179289 2.71401896 1.80375289]
10:44:09-INFO: mixed forces 0 [-12.72591159  -6.17679016  -2.00260427]
10:44:09-INFO: mixed forces 1 [14.58692866  5.77403069  1.11898517]
10:44:09-INFO: mixed forces 2 [ 2.57503907  0.46322584 -0.80798592]
10:44:09-INFO: mixed forces 3 [ 2.9079299  -0.43268249  0.21232998]
10:44:09-INFO: mixed forces 4 [ 0.34354235 -0.61882743  0.38152728]
10:44:09-INFO: mixed forces 5 [ 0.24473037  2.8199925  -0.3394117 ]
10:44:09-INFO: mixed forces 6 [0.31757969 2.7486157  2.86119412]
10:44:09-INFO: mixed forces 7 [-0.07419394  2.11721119  0.16165974]
10:44:09-INFO: mixed forces 8 [ 1.16893401  6.35117281 -7.31403353]
10:44:09-INFO: mixed forces 9 [-0.84467935 -0.56863176 -1.86115913]
10:44:09-INFO: mixed forces 10 [-0.50077318 -3.11712602  2.57484696]
10:44:09-INFO: mixed forces 11 [0.61798248 3.74742227 2.48106793]
10:44:09-INFO: mixed forces 12 [ 2.92085938 -4.4160866   1.26079008]
10:44:09-INFO: mixed forces 13 [-2.15448755  1.58993338 -0.78237508]
10:44:09-INFO: mixed forces 14 [ 0.82988495 -1.0061116   0.32837384]
10:44:09-INFO: mixed forces 15 [0.76004721 1.83565315 3.16968687]
10:44:09-INFO: mixed forces 16 [ 0.99494891  1.27514574 -0.02182285]
10:44:09-INFO: mixed forces 17 [-3.22815037 -5.19517251 -1.19859106]
10:44:09-INFO: mixed forces 18 [-1.92548381  1.81563411  1.95517949]
10:44:09-INFO: mixed forces 19 [1.13858319 2.70560195 1.79866522]
10:44:09-INFO: mixed forces 0 [-12.53986034  -6.55047245  -1.86451058]
10:44:09-INFO: mixed forces 1 [14.32169737  5.77435345  1.05891313]
10:44:09-INFO: mixed forces 2 [ 2.51405581  0.47780938 -0.81514072]
10:44:09-INFO: mixed forces 3 [ 2.90224285 -0.43452122  0.20662429]
10:44:09-INFO: mixed forces 4 [ 0.34100776 -0.61776199  0.37858616]
10:44:09-INFO: mixed forces 5 [ 0.24536645  2.81124825 -0.34052716]
10:44:09-INFO: mixed forces 6 [0.31515201 2.73679617 2.85439809]
10:44:09-INFO: mixed forces 7 [-0.07455638  2.11228427  0.16403508]
10:44:09-INFO: mixed forces 8 [ 1.02508107  6.35827012 -7.30901989]
10:44:09-INFO: mixed forces 9 [-0.79676913 -0.52906498 -1.84851499]
10:44:09-INFO: mixed forces 10 [-0.46803548 -3.11246478  2.5303809 ]
10:44:09-INFO: mixed forces 11 [0.63212116 3.6714318  2.46595435]
10:44:09-INFO: mixed forces 12 [ 2.96577925 -4.1694044   1.2012151 ]
10:44:09-INFO: mixed forces 13 [-2.0255899   1.82224782 -0.77495531]
10:44:09-INFO: mixed forces 14 [ 0.80755159 -0.9974845   0.29808175]
10:44:09-INFO: mixed forces 15 [0.71310175 1.77243537 3.16884182]
10:44:09-INFO: mixed forces 16 [ 1.00927546  1.21448343 -0.0237693 ]
10:44:09-INFO: mixed forces 17 [-3.2417278  -5.14715171 -1.19665007]
10:44:09-INFO: mixed forces 18 [-1.93308053  1.81495991  1.94904225]
10:44:09-INFO: mixed forces 19 [1.14436721 2.68364677 1.8000708 ]
10:44:09-INFO: mixed forces 0 [-11.44722853  -6.03767848  -1.72506194]
10:44:09-INFO: mixed forces 1 [13.41583784  5.47766028  0.89201724]
10:44:09-INFO: mixed forces 2 [ 2.49736144  0.4657144  -0.82071576]
10:44:09-INFO: mixed forces 3 [ 2.89647876 -0.43463548  0.20246334]
10:44:09-INFO: mixed forces 4 [ 0.3384044  -0.61588657  0.37547987]
10:44:09-INFO: mixed forces 5 [ 0.24591789  2.80055291 -0.34234504]
10:44:09-INFO: mixed forces 6 [0.3122067  2.72210901 2.8459125 ]
10:44:09-INFO: mixed forces 7 [-0.07564293  2.10582712  0.16593733]
10:44:09-INFO: mixed forces 8 [ 1.02906865  6.30878647 -7.27997176]
10:44:09-INFO: mixed forces 9 [-0.78963711 -0.53502039 -1.83167322]
10:44:09-INFO: mixed forces 10 [-0.46797021 -3.09321288  2.51815726]
10:44:09-INFO: mixed forces 11 [0.64517941 3.6387218  2.44582366]
10:44:09-INFO: mixed forces 12 [ 2.80483212 -4.40538256  1.22041017]
10:44:09-INFO: mixed forces 13 [-2.0779581   1.86203589 -0.76014124]
10:44:09-INFO: mixed forces 14 [ 0.80901878 -0.99592186  0.29749108]
10:44:09-INFO: mixed forces 15 [0.71772198 1.77195503 3.15799502]
10:44:09-INFO: mixed forces 16 [ 1.00485704  1.20410802 -0.02638033]
10:44:09-INFO: mixed forces 17 [-3.23384981 -5.12090144 -1.19441475]
10:44:09-INFO: mixed forces 18 [-1.93393683  1.81265242  1.9454678 ]
10:44:09-INFO: mixed forces 19 [1.14303616 2.66834408 1.7954985 ]
10:44:09-INFO: mixed forces 0 [-10.90873693  -6.16357444  -1.56622707]
10:44:09-INFO: mixed forces 1 [12.88961302  5.36906402  0.78596624]
10:44:09-INFO: mixed forces 2 [ 2.44587385  0.47007097 -0.82850314]
10:44:09-INFO: mixed forces 3 [ 2.88945393 -0.43595531  0.19630137]
10:44:09-INFO: mixed forces 4 [ 0.33526336 -0.61416538  0.37179321]
10:44:09-INFO: mixed forces 5 [ 0.24665456  2.78883316 -0.34404657]
10:44:09-INFO: mixed forces 6 [0.30895992 2.7061809  2.83669405]
10:44:09-INFO: mixed forces 7 [-0.07645173  2.09899555  0.16859359]
10:44:09-INFO: mixed forces 8 [ 0.93001549  6.28948803 -7.26172268]
10:44:09-INFO: mixed forces 9 [-0.75262236 -0.50991541 -1.81412567]
10:44:09-INFO: mixed forces 10 [-0.44465766 -3.0801029   2.4804671 ]
10:44:09-INFO: mixed forces 11 [0.66102937 3.56854977 2.42501218]
10:44:09-INFO: mixed forces 12 [ 2.78345726 -4.27169391  1.17461549]
10:44:09-INFO: mixed forces 13 [-2.01413142  2.04696818 -0.74651284]
10:44:09-INFO: mixed forces 14 [ 0.79400203 -0.9889876   0.27577415]
10:44:09-INFO: mixed forces 15 [0.68666439 1.72688155 3.15165211]
10:44:09-INFO: mixed forces 16 [ 1.01259627  1.15583546 -0.02911624]
10:44:09-INFO: mixed forces 17 [-3.23927269 -5.07339875 -1.19188635]
10:44:09-INFO: mixed forces 18 [-1.93973227  1.81098686  1.93928277]
10:44:09-INFO: mixed forces 19 [1.14639744 2.64489343 1.79409649]
10:44:09-INFO: mixed forces 0 [-9.86271735 -5.80088742 -1.40701705]
10:44:09-INFO: mixed forces 1 [12.0077384   5.09211089  0.62102137]
10:44:09-INFO: mixed forces 2 [ 2.41914506  0.45864767 -0.83558218]
10:44:09-INFO: mixed forces 3 [ 2.88206123 -0.43625427  0.190815  ]
10:44:09-INFO: mixed forces 4 [ 0.33194263 -0.61187459  0.36784033]
10:44:09-INFO: mixed forces 5 [ 0.24737128  2.77539597 -0.34623721]
10:44:09-INFO: mixed forces 6 [0.30525747 2.68781222 2.82601337]
10:44:09-INFO: mixed forces 7 [-0.07772971  2.09092661  0.1710776 ]
10:44:09-INFO: mixed forces 8 [ 0.91656569  6.23570759 -7.2282412 ]
10:44:09-INFO: mixed forces 9 [-0.7389979  -0.51118464 -1.79336831]
10:44:09-INFO: mixed forces 10 [-0.44007039 -3.05764403  2.4606988 ]
10:44:09-INFO: mixed forces 11 [0.67641928 3.52176607 2.4003835 ]
10:44:09-INFO: mixed forces 12 [ 2.64706118 -4.39847658  1.17039803]
10:44:09-INFO: mixed forces 13 [-2.05750338  2.12327778 -0.72738259]
10:44:09-INFO: mixed forces 14 [ 0.79278121 -0.98601269  0.27112852]
10:44:09-INFO: mixed forces 15 [0.68540647 1.71783485 3.13887542]
10:44:09-INFO: mixed forces 16 [ 1.009233    1.13594618 -0.03237808]
10:44:09-INFO: mixed forces 17 [-3.2318337  -5.03702307 -1.18906101]
10:44:09-INFO: mixed forces 18 [-1.94167987  1.80826007  1.93438368]
10:44:09-INFO: mixed forces 19 [1.14555746 2.62444219 1.78899274]
10:44:10-INFO: mixed forces 0 [-9.16262637 -5.83569232 -1.23842131]
10:44:10-INFO: mixed forces 1 [11.36694941  4.92964986  0.49531861]
10:44:10-INFO: mixed forces 2 [ 2.37131978  0.45651307 -0.84413929]
10:44:10-INFO: mixed forces 3 [ 2.87362294 -0.43722276  0.18395196]
10:44:10-INFO: mixed forces 4 [ 0.32816817 -0.60957952  0.363381  ]
10:44:10-INFO: mixed forces 5 [ 0.24822907  2.76079203 -0.3484389 ]
10:44:10-INFO: mixed forces 6 [0.30122388 2.66794534 2.81443343]
10:44:10-INFO: mixed forces 7 [-0.0788942   2.08229125  0.17410076]
10:44:10-INFO: mixed forces 8 [ 0.84327506  6.19786767 -7.19975664]
10:44:10-INFO: mixed forces 9 [-0.70784213 -0.49439383 -1.77147102]
10:44:10-INFO: mixed forces 10 [-0.42177909 -3.03788014  2.42542818]
10:44:10-INFO: mixed forces 11 [0.69350699 3.45163875 2.37447363]
10:44:10-INFO: mixed forces 12 [ 2.59736387 -4.29137098  1.12475064]
10:44:10-INFO: mixed forces 13 [-2.03555362  2.28666514 -0.70759138]
10:44:10-INFO: mixed forces 14 [ 0.78200484 -0.97977756  0.25409133]
10:44:10-INFO: mixed forces 15 [0.66334018 1.6825717  3.12800903]
10:44:10-INFO: mixed forces 16 [ 1.01265709  1.09331402 -0.03584908]
10:44:10-INFO: mixed forces 17 [-3.23167278 -4.98684747 -1.18593128]
10:44:10-INFO: mixed forces 18 [-1.94654936  1.80579124  1.92776846]
10:44:10-INFO: mixed forces 19 [1.14735972 2.59840678 1.78546322]
10:44:10-INFO: mixed forces 0 [-8.17466208 -5.59001116 -1.07324812]
10:44:10-INFO: mixed forces 1 [10.52940444  4.6693291   0.33737517]
10:44:10-INFO: mixed forces 2 [ 2.33845617  0.44425375 -0.85238579]
10:44:10-INFO: mixed forces 3 [ 2.86466127 -0.43751665  0.17734197]
10:44:10-INFO: mixed forces 4 [ 0.32415619 -0.60684564  0.35860885]
10:44:10-INFO: mixed forces 5 [ 0.24910268  2.74460732 -0.35101099]
10:44:10-INFO: mixed forces 6 [0.29676427 2.64588723 2.80151944]
10:44:10-INFO: mixed forces 7 [-0.08039444  2.0725733   0.17709759]
10:44:10-INFO: mixed forces 8 [ 0.82421477  6.13701635 -7.16057123]
10:44:10-INFO: mixed forces 9 [-0.69140248 -0.49424013 -1.74698937]
10:44:10-INFO: mixed forces 10 [-0.41514924 -3.01146365  2.40089001]
10:44:10-INFO: mixed forces 11 [0.71024736 3.39497918 2.34542093]
10:44:10-INFO: mixed forces 12 [ 2.48181209 -4.3309093   1.10235714]
10:44:10-INFO: mixed forces 13 [-2.08321821  2.38352974 -0.68302307]
10:44:10-INFO: mixed forces 14 [ 0.77997928 -0.97592037  0.24775609]
10:44:10-INFO: mixed forces 15 [0.66001377 1.66982619 3.11245823]
10:44:10-INFO: mixed forces 16 [ 1.00876595  1.06801548 -0.03976966]
10:44:10-INFO: mixed forces 17 [-3.22295642 -4.94245758 -1.18251345]
10:44:10-INFO: mixed forces 18 [-1.94902555  1.80255662  1.92179509]
10:44:10-INFO: mixed forces 19 [1.14642191 2.57352777 1.77937343]
10:44:10-INFO: mixed forces 0 [-7.44109751 -5.62346766 -0.9067137 ]
10:44:10-INFO: mixed forces 1 [9.87444654 4.49145216 0.20933247]
10:44:10-INFO: mixed forces 2 [ 2.29160801  0.43774892 -0.86168107]
10:44:10-INFO: mixed forces 3 [ 2.85475273 -0.43819341  0.16970022]
10:44:10-INFO: mixed forces 4 [ 0.31973725 -0.60402104  0.35337172]
10:44:10-INFO: mixed forces 5 [ 0.25008954  2.72718882 -0.35364534]
10:44:10-INFO: mixed forces 6 [0.29197804 2.62224178 2.78764401]
10:44:10-INFO: mixed forces 7 [-0.08186629  2.06220159  0.18051418]
10:44:10-INFO: mixed forces 8 [ 0.76765509  6.08509702 -7.12347818]
10:44:10-INFO: mixed forces 9 [-0.66388842 -0.48267245 -1.72129721]
10:44:10-INFO: mixed forces 10 [-0.39970233 -2.98603236  2.36598214]
10:44:10-INFO: mixed forces 11 [0.72792396 3.32235606 2.31485224]
10:44:10-INFO: mixed forces 12 [ 2.42861736 -4.20629129  1.05139972]
10:44:10-INFO: mixed forces 13 [-2.09158554  2.53706892 -0.65666026]
10:44:10-INFO: mixed forces 14 [ 0.77197831 -0.96987887  0.23354041]
10:44:10-INFO: mixed forces 15 [0.64348731 1.64032514 3.09744377]
10:44:10-INFO: mixed forces 16 [ 1.00884645  1.02780958 -0.04393549]
10:44:10-INFO: mixed forces 17 [-3.21838071 -4.88815602 -1.17879895]
10:44:10-INFO: mixed forces 18 [-1.95337871  1.79939038  1.91457964]
10:44:10-INFO: mixed forces 19 [1.14705669 2.54440911 1.77404385]
10:44:10-INFO: mixed forces 0 [-6.5483175  -5.49098387 -0.74784035]
10:44:10-INFO: mixed forces 1 [9.11670732 4.2586308  0.0641757 ]
10:44:10-INFO: mixed forces 2 [ 2.25453148  0.42428867 -0.87083002]
10:44:10-INFO: mixed forces 3 [ 2.84426449 -0.43836053  0.16209544]
10:44:10-INFO: mixed forces 4 [ 0.31505252 -0.60082441  0.34779641]
10:44:10-INFO: mixed forces 5 [ 0.25111066  2.70827355 -0.35656677]
10:44:10-INFO: mixed forces 6 [0.2867711  2.59654194 2.77246539]
10:44:10-INFO: mixed forces 7 [-0.08359415  2.05083084  0.1839777 ]
10:44:10-INFO: mixed forces 8 [ 0.74868476  6.01656959 -7.07817124]
10:44:10-INFO: mixed forces 9 [-0.64654594 -0.48250367 -1.69350747]
10:44:10-INFO: mixed forces 10 [-0.3921355  -2.95546057  2.33802369]
10:44:10-INFO: mixed forces 11 [0.74512829 3.25802716 2.28154613]
10:44:10-INFO: mixed forces 12 [ 2.33805457 -4.16898194  1.01490645]
10:44:10-INFO: mixed forces 13 [-2.14937281  2.64589337 -0.62569807]
10:44:10-INFO: mixed forces 14 [ 0.77006223 -0.96535075  0.22665104]
10:44:10-INFO: mixed forces 15 [0.63978672 1.62614926 3.07858226]
10:44:10-INFO: mixed forces 16 [ 1.00360233  0.99907499 -0.04850329]
10:44:10-INFO: mixed forces 17 [-3.20751794 -4.83685797 -1.1747909 ]
10:44:10-INFO: mixed forces 18 [-1.95610274  1.79561713  1.90767392]
10:44:10-INFO: mixed forces 19 [1.14571196 2.51549137 1.76674648]
10:44:10-INFO: mixed forces 0 [-5.86749638 -5.57454679 -0.5935238 ]
10:44:10-INFO: mixed forces 1 [ 8.51557855  4.09553896 -0.05606711]
10:44:10-INFO: mixed forces 2 [ 2.20751337  0.41473473 -0.88076823]
10:44:10-INFO: mixed forces 3 [ 2.83287704 -0.43872597  0.15365459]
10:44:10-INFO: mixed forces 4 [ 0.30999302 -0.59750135  0.34178719]
10:44:10-INFO: mixed forces 5 [ 0.25222734  2.68810172 -0.35956595]
10:44:10-INFO: mixed forces 6 [0.28121614 2.56921531 2.75625763]
10:44:10-INFO: mixed forces 7 [-0.08533311  2.03874902  0.18779076]
10:44:10-INFO: mixed forces 8 [ 0.70471403  5.95332572 -7.03338572]
10:44:10-INFO: mixed forces 9 [-0.62178925 -0.47459087 -1.66462776]
10:44:10-INFO: mixed forces 10 [-0.37847204 -2.9249767   2.30259275]
10:44:10-INFO: mixed forces 11 [0.76268778 3.18195359 2.24664147]
10:44:10-INFO: mixed forces 12 [ 2.29810077 -4.00817215  0.95800583]
10:44:10-INFO: mixed forces 13 [-2.18210462  2.79366141 -0.59212837]
10:44:10-INFO: mixed forces 14 [ 0.76418174 -0.95921823  0.21441744]
10:44:10-INFO: mixed forces 15 [0.62710971 1.60050587 3.05943465]
10:44:10-INFO: mixed forces 16 [ 1.00068601  0.95983429 -0.0533293 ]
10:44:10-INFO: mixed forces 17 [-3.19901026 -4.77785973 -1.17049718]
10:44:10-INFO: mixed forces 18 [-1.96011097  1.79181314  1.89978813]
10:44:10-INFO: mixed forces 19 [1.14532958 2.48309481 1.75975507]
10:44:10-INFO: mixed forces 0 [-5.10426268 -5.5572766  -0.45001599]
10:44:10-INFO: mixed forces 1 [ 7.8675648   3.90592644 -0.18550306]
10:44:10-INFO: mixed forces 2 [ 2.16752787  0.40007177 -0.89061947]
10:44:10-INFO: mixed forces 3 [ 2.82085915 -0.43864299  0.14515188]
10:44:10-INFO: mixed forces 4 [ 0.30465517 -0.59384816  0.33543484]
10:44:10-INFO: mixed forces 5 [ 0.25339039  2.66648198 -0.36280743]
10:44:10-INFO: mixed forces 6 [0.27526921 2.53993877 2.73880951]
10:44:10-INFO: mixed forces 7 [-0.08728243  2.02572147  0.19168727]
10:44:10-INFO: mixed forces 8 [ 0.68940183  5.87719615 -6.98176477]
10:44:10-INFO: mixed forces 9 [-0.6048011  -0.47521815 -1.63408688]
10:44:10-INFO: mixed forces 10 [-0.370638   -2.89022431  2.27207607]
10:44:10-INFO: mixed forces 11 [0.77957154 3.11150759 2.20928163]
10:44:10-INFO: mixed forces 12 [ 2.23808266 -3.9039589   0.91174701]
10:44:10-INFO: mixed forces 13 [-2.25296844  2.90754707 -0.55388561]
10:44:10-INFO: mixed forces 14 [ 0.76295099 -0.95411664  0.20770449]
10:44:10-INFO: mixed forces 15 [0.62404162 1.5863058  3.0368013 ]
10:44:10-INFO: mixed forces 16 [ 0.99342337  0.92894537 -0.05851828]
10:44:10-INFO: mixed forces 17 [-3.18539632 -4.72041569 -1.1659252 ]
10:44:10-INFO: mixed forces 18 [-1.96289742  1.78749381  1.89203658]
10:44:10-INFO: mixed forces 19 [1.1433616  2.45040313 1.75110181]
10:44:11-INFO: mixed forces 0 [-4.53326118 -5.7228263  -0.31448352]
10:44:11-INFO: mixed forces 1 [ 7.36353977  3.78339851 -0.29381371]
10:44:11-INFO: mixed forces 2 [ 2.12001188  0.38837113 -0.90105414]
10:44:11-INFO: mixed forces 3 [ 2.80797981 -0.43865279  0.13594785]
10:44:11-INFO: mixed forces 4 [ 0.29896007 -0.5900508   0.32866807]
10:44:11-INFO: mixed forces 5 [ 0.25464719  2.64360685 -0.36613384]
10:44:11-INFO: mixed forces 6 [0.26897924 2.50906156 2.72030015]
10:44:11-INFO: mixed forces 7 [-0.08924807  2.01197625  0.19588653]
10:44:11-INFO: mixed forces 8 [ 0.65652422  5.80442187 -6.92977624]
10:44:11-INFO: mixed forces 9 [-0.58258493 -0.47024215 -1.60268514]
10:44:11-INFO: mixed forces 10 [-0.35831616 -2.85509304  2.23582997]
10:44:11-INFO: mixed forces 11 [0.79636079 3.03189609 2.17029709]
10:44:11-INFO: mixed forces 12 [ 2.22398225 -3.70016887  0.85054264]
10:44:11-INFO: mixed forces 13 [-2.30676547  3.04884943 -0.51240661]
10:44:11-INFO: mixed forces 14 [ 0.75896582 -0.94773109  0.19715703]
10:44:11-INFO: mixed forces 15 [0.61447506 1.56376799 3.01328964]
10:44:11-INFO: mixed forces 16 [ 0.98745597  0.89018566 -0.06395625]
10:44:11-INFO: mixed forces 17 [-3.17303598 -4.65658697 -1.16105945]
10:44:11-INFO: mixed forces 18 [-1.96660883  1.78308713  1.88346806]
10:44:11-INFO: mixed forces 19 [1.14197497 2.4146959  1.74247428]
10:44:11-INFO: mixed forces 0 [-3.92713083 -5.82800158 -0.19102092]
10:44:11-INFO: mixed forces 1 [ 6.84483925  3.65482841 -0.40824431]
10:44:11-INFO: mixed forces 2 [ 2.07812254  0.37264224 -0.91140665]
10:44:11-INFO: mixed forces 3 [ 2.79444855 -0.43823115  0.12664364]
10:44:11-INFO: mixed forces 4 [ 0.2929832  -0.58594572  0.32155644]
10:44:11-INFO: mixed forces 5 [ 0.2559489   2.61933035 -0.36965215]
10:44:11-INFO: mixed forces 6 [0.26230955 2.47631739 2.70057192]
10:44:11-INFO: mixed forces 7 [-0.09140542  1.99731749  0.2001795 ]
10:44:11-INFO: mixed forces 8 [ 0.64774855  5.72091743 -6.87170383]
10:44:11-INFO: mixed forces 9 [-0.56691779 -0.47232315 -1.57003087]
10:44:11-INFO: mixed forces 10 [-0.35079459 -2.816229    2.203452  ]
10:44:11-INFO: mixed forces 11 [0.81223134 2.95665884 2.12903709]
10:44:11-INFO: mixed forces 12 [ 2.20248474 -3.53495606  0.79857482]
10:44:11-INFO: mixed forces 13 [-2.39231881  3.16049281 -0.46611057]
10:44:11-INFO: mixed forces 14 [ 0.7589128  -0.94210839  0.19122284]
10:44:11-INFO: mixed forces 15 [0.61286388 1.55069177 2.98641814]
10:44:11-INFO: mixed forces 16 [ 0.97758628  0.85819721 -0.06971603]
10:44:11-INFO: mixed forces 17 [-3.15613695 -4.59359335 -1.15591688]
10:44:11-INFO: mixed forces 18 [-1.96929487  1.77822224  1.87495352]
10:44:11-INFO: mixed forces 19 [1.13919183 2.37846722 1.73235032]
10:44:11-INFO: mixed forces 0 [-3.50816345 -6.10432176 -0.07646595]
10:44:11-INFO: mixed forces 1 [ 6.46363379  3.59675347 -0.50530777]
10:44:11-INFO: mixed forces 2 [ 2.03021934  0.35937774 -0.92221127]
10:44:11-INFO: mixed forces 3 [ 2.78008582 -0.43779011  0.11673362]
10:44:11-INFO: mixed forces 4 [ 0.2866645  -0.58168369  0.31403884]
10:44:11-INFO: mixed forces 5 [ 0.25734013  2.59380706 -0.37322863]
10:44:11-INFO: mixed forces 6 [0.25529542 2.4419824  2.67977029]
10:44:11-INFO: mixed forces 7 [-0.09358785  1.98192411  0.20474433]
10:44:11-INFO: mixed forces 8 [ 0.62600693  5.63974369 -6.81274507]
10:44:11-INFO: mixed forces 9 [-0.54735574 -0.47010967 -1.536805  ]
10:44:11-INFO: mixed forces 10 [-0.33974666 -2.77673717  2.1664681 ]
10:44:11-INFO: mixed forces 11 [0.82766424 2.87393961 2.08616946]
10:44:11-INFO: mixed forces 12 [ 2.22909101 -3.2800562   0.73535028]
10:44:11-INFO: mixed forces 13 [-2.46499661  3.29114695 -0.41616369]
10:44:11-INFO: mixed forces 14 [ 0.75685283 -0.93538288  0.18239974]
10:44:11-INFO: mixed forces 15 [0.60628743 1.53120417 2.95820299]
10:44:11-INFO: mixed forces 16 [ 0.96829656  0.81997585 -0.07570493]
10:44:11-INFO: mixed forces 17 [-3.13980384 -4.52514637 -1.15049296]
10:44:11-INFO: mixed forces 18 [-1.97268166  1.77324237  1.86573528]
10:44:11-INFO: mixed forces 19 [1.13674573 2.33953587 1.72206132]
10:44:11-INFO: mixed forces 0 [-3.08698439 -6.35079585  0.02654725]
10:44:11-INFO: mixed forces 1 [ 6.08491636  3.54856021 -0.60880529]
10:44:11-INFO: mixed forces 2 [ 1.98742274  0.34266975 -0.93289654]
10:44:11-INFO: mixed forces 3 [ 2.76506439 -0.43689841  0.10673383]
10:44:11-INFO: mixed forces 4 [ 0.28007334 -0.57713254  0.30618548]
10:44:11-INFO: mixed forces 5 [ 0.25878217  2.56691944 -0.37696828]
10:44:11-INFO: mixed forces 6 [0.24791577 2.40587157 2.65775301]
10:44:11-INFO: mixed forces 7 [-0.09594005  1.96564839  0.20940457]
10:44:11-INFO: mixed forces 8 [ 0.62649373  5.5490295  -6.74806203]
10:44:11-INFO: mixed forces 9 [-0.53382542 -0.47430405 -1.50269779]
10:44:11-INFO: mixed forces 10 [-0.33302829 -2.73378502  2.13295276]
10:44:11-INFO: mixed forces 11 [0.84194381 2.79520363 2.04116431]
10:44:11-INFO: mixed forces 12 [ 2.262025   -3.04840046  0.68138414]
10:44:11-INFO: mixed forces 13 [-2.56566712  3.39211719 -0.3612751 ]
10:44:11-INFO: mixed forces 14 [ 0.75843847 -0.9292682   0.17782438]
10:44:11-INFO: mixed forces 15 [0.60695844 1.52035532 2.92654141]
10:44:11-INFO: mixed forces 16 [ 0.95517773  0.78791759 -0.0819815 ]
10:44:11-INFO: mixed forces 17 [-3.11910682 -4.45730404 -1.14479703]
10:44:11-INFO: mixed forces 18 [-1.97512205  1.76783345  1.85654298]
10:44:11-INFO: mixed forces 19 [1.13296204 2.30000776 1.71033923]
10:44:11-INFO: mixed forces 0 [-2.86039119 -6.77348264  0.12142548]
10:44:11-INFO: mixed forces 1 [ 5.83998198  3.57755327 -0.69903315]
10:44:11-INFO: mixed forces 2 [ 1.93954681  0.32818457 -0.94393426]
10:44:11-INFO: mixed forces 3 [ 2.74922484 -0.43592121  0.09620088]
10:44:11-INFO: mixed forces 4 [ 0.27314728 -0.57242378  0.29794398]
10:44:11-INFO: mixed forces 5 [ 0.26030512  2.53880651 -0.38075284]
10:44:11-INFO: mixed forces 6 [0.24020504 2.36822843 2.63466222]
10:44:11-INFO: mixed forces 7 [-0.09831926  1.94864027  0.21430926]
10:44:11-INFO: mixed forces 8 [ 0.61687986  5.46019364 -6.68219519]
10:44:11-INFO: mixed forces 9 [-0.51719316 -0.47501013 -1.46833156]
10:44:11-INFO: mixed forces 10 [-0.32344041 -2.69012977  2.0955066 ]
10:44:11-INFO: mixed forces 11 [0.85549089 2.71012856 1.99461004]
10:44:11-INFO: mixed forces 12 [ 2.35350299 -2.7241157   0.61911491]
10:44:11-INFO: mixed forces 13 [-2.65495916  3.50544172 -0.30257109]
10:44:11-INFO: mixed forces 14 [ 0.75848783 -0.92214409  0.1709529 ]
10:44:11-INFO: mixed forces 15 [0.60363694 1.50430332 2.89317111]
10:44:11-INFO: mixed forces 16 [ 0.94215066  0.75067074 -0.08845633]
10:44:11-INFO: mixed forces 17 [-3.09852187 -4.38458046 -1.13881853]
10:44:11-INFO: mixed forces 18 [-1.97811841  1.7622974   1.84671431]
10:44:11-INFO: mixed forces 19 [1.12935198 2.25798731 1.69833958]
10:44:11-INFO: mixed forces 0 [-2.65806093 -7.19161646  0.20606857]
10:44:11-INFO: mixed forces 1 [ 5.60398953  3.627996   -0.79825591]
10:44:11-INFO: mixed forces 2 [ 1.89672033  0.31054913 -0.9548111 ]
10:44:11-INFO: mixed forces 3 [ 2.73273105 -0.43445962  0.08561013]
10:44:11-INFO: mixed forces 4 [ 0.26595125 -0.56743182  0.28937369]
10:44:11-INFO: mixed forces 5 [ 0.26188085  2.50936179 -0.38466876]
10:44:11-INFO: mixed forces 6 [0.23213585 2.32886326 2.61036282]
10:44:11-INFO: mixed forces 7 [-0.10084365  1.93075876  0.2192873 ]
10:44:11-INFO: mixed forces 8 [ 0.62918925  5.36244476 -6.61073986]
10:44:11-INFO: mixed forces 9 [-0.50646747 -0.4819734  -1.43341736]
10:44:11-INFO: mixed forces 10 [-0.31810147 -2.64318541  2.06150732]
10:44:11-INFO: mixed forces 11 [0.86768096 2.62915039 1.9459997 ]
10:44:11-INFO: mixed forces 12 [ 2.46891041 -2.40700312  0.56772082]
10:44:11-INFO: mixed forces 13 [-2.76944551  3.58658501 -0.23902085]
10:44:11-INFO: mixed forces 14 [ 0.76213567 -0.91556853  0.16826224]
10:44:11-INFO: mixed forces 15 [0.60741038 1.49670836 2.85614772]
10:44:11-INFO: mixed forces 16 [ 0.92519648  0.71948783 -0.09517172]
10:44:11-INFO: mixed forces 17 [-3.07359325 -4.31251233 -1.13258096]
10:44:11-INFO: mixed forces 18 [-1.98016945  1.75635284  1.83691836]
10:44:11-INFO: mixed forces 19 [1.12439221 2.21539192 1.68491114]
10:44:12-INFO: mixed forces 0 [-2.66291661 -7.79565886  0.28353021]
10:44:12-INFO: mixed forces 1 [ 5.49600372  3.76017144 -0.8885794 ]
10:44:12-INFO: mixed forces 2 [ 1.84942477  0.29504898 -0.96595986]
10:44:12-INFO: mixed forces 3 [ 2.7154212  -0.43283696  0.07455373]
10:44:12-INFO: mixed forces 4 [ 0.25843432 -0.56228866  0.28042461]
10:44:12-INFO: mixed forces 5 [ 0.26353336  2.47872109 -0.38858455]
10:44:12-INFO: mixed forces 6 [0.22374171 2.28801683 2.58498187]
10:44:12-INFO: mixed forces 7 [-0.10338494  1.91216495  0.22448916]
10:44:12-INFO: mixed forces 8 [ 0.63315841  5.26644773 -6.53791818]
10:44:12-INFO: mixed forces 9 [-0.49308557 -0.48594639 -1.39853719]
10:44:12-INFO: mixed forces 10 [-0.3102722  -2.59551587  2.02401154]
10:44:12-INFO: mixed forces 11 [0.87891302 2.54263983 1.89589848]
10:44:12-INFO: mixed forces 12 [ 2.65904457 -1.98811895  0.51164421]
10:44:12-INFO: mixed forces 13 [-2.87170992  3.67470307 -0.17184285]
10:44:12-INFO: mixed forces 14 [ 0.76452431 -0.90802236  0.16363081]
10:44:12-INFO: mixed forces 15 [0.60777363 1.4846197  2.81711532]
10:44:12-INFO: mixed forces 16 [ 0.90797131  0.68374586 -0.10203902]
10:44:12-INFO: mixed forces 17 [-3.04846687 -4.23594866 -1.1260873 ]
10:44:12-INFO: mixed forces 18 [-1.98267915  1.7502747   1.82654568]
10:44:12-INFO: mixed forces 19 [1.11950153 2.17046304 1.67114484]
10:44:12-INFO: mixed forces 0 [-2.70730547 -8.40554615  0.35124076]
10:44:12-INFO: mixed forces 1 [ 5.39208263  3.91577842 -0.99127071]
10:44:12-INFO: mixed forces 2 [ 1.80724353  0.27657963 -0.97690226]
10:44:12-INFO: mixed forces 3 [ 2.69746359 -0.43067745  0.06347498]
10:44:12-INFO: mixed forces 4 [ 0.2506594  -0.55687622  0.27115773]
10:44:12-INFO: mixed forces 5 [ 0.26523235  2.4467893  -0.39260873]
10:44:12-INFO: mixed forces 6 [0.21500161 2.24552394 2.55840775]
10:44:12-INFO: mixed forces 7 [-0.10606019  1.89271532  0.22975679]
10:44:12-INFO: mixed forces 8 [ 0.65906169  5.16201662 -6.45963449]
10:44:12-INFO: mixed forces 9 [-0.48553383 -0.49613881 -1.363431  ]
10:44:12-INFO: mixed forces 10 [-0.30670244 -2.54470875  1.99000352]
10:44:12-INFO: mixed forces 11 [0.8886107  2.46045647 1.84383186]
10:44:12-INFO: mixed forces 12 [ 2.88977805 -1.56533295  0.4700749 ]
10:44:12-INFO: mixed forces 13 [-2.99568534  3.72766288 -0.10025717]
10:44:12-INFO: mixed forces 14 [ 0.77050588 -0.90098097  0.16318484]
10:44:12-INFO: mixed forces 15 [0.61521639 1.48094996 2.77420796]
10:44:12-INFO: mixed forces 16 [ 0.88668314  0.65410373 -0.10910068]
10:44:12-INFO: mixed forces 17 [-3.01895466 -4.16014935 -1.1193305 ]
10:44:12-INFO: mixed forces 18 [-1.98424447  1.74379939  1.81621329]
10:44:12-INFO: mixed forces 19 [1.11323431 2.12500191 1.65592407]
10:44:12-INFO: mixed forces 0 [-2.95477045 -9.18852739  0.41120075]
10:44:12-INFO: mixed forces 1 [ 5.39913537  4.14414814 -1.08875787]
10:44:12-INFO: mixed forces 2 [ 1.76098256  0.26023136 -0.98806519]
10:44:12-INFO: mixed forces 3 [ 2.67871338 -0.42830297  0.05198494]
10:44:12-INFO: mixed forces 4 [ 0.2425687  -0.55132027  0.26152797]
10:44:12-INFO: mixed forces 5 [ 0.26701999  2.41368899 -0.39660661]
10:44:12-INFO: mixed forces 6 [0.20595357 2.20162051 2.53074523]
10:44:12-INFO: mixed forces 7 [-0.10874135  1.87256302  0.235231  ]
10:44:12-INFO: mixed forces 8 [ 0.67771302  5.05944252 -6.37989444]
10:44:12-INFO: mixed forces 9 [-0.47551387 -0.50361926 -1.3286515 ]
10:44:12-INFO: mixed forces 10 [-0.300877   -2.49322748  1.95275918]
10:44:12-INFO: mixed forces 11 [0.89715893 2.37331943 1.79033673]
10:44:12-INFO: mixed forces 12 [ 3.20448418 -1.04134892  0.42891293]
10:44:12-INFO: mixed forces 13 [-3.10457282  3.78349581 -0.02567344]
10:44:12-INFO: mixed forces 14 [ 0.77538082 -0.89297306  0.16099663]
10:44:12-INFO: mixed forces 15 [0.61956762 1.47314817 2.72901206]
10:44:12-INFO: mixed forces 16 [ 0.86488843  0.62026336 -0.11626116]
10:44:12-INFO: mixed forces 17 [-2.98908086 -4.08015137 -1.11231957]
10:44:12-INFO: mixed forces 18 [-1.98621476  1.73719875  1.80533496]
10:44:12-INFO: mixed forces 19 [1.10697353 2.0773039  1.6403155 ]
10:44:12-INFO: mixed forces 0 [-3.22732819 -9.95078557  0.45993942]
10:44:12-INFO: mixed forces 1 [ 5.39052532  4.37831998 -1.20021529]
10:44:12-INFO: mixed forces 2 [ 1.7196507   0.24119032 -0.9989913 ]
10:44:12-INFO: mixed forces 3 [ 2.65929198 -0.42534812  0.04050648]
10:44:12-INFO: mixed forces 4 [ 0.23422845 -0.54550541  0.25158421]
10:44:12-INFO: mixed forces 5 [ 0.26884923  2.37933736 -0.40065471]
10:44:12-INFO: mixed forces 6 [0.19657204 2.15614944 2.50191211]
10:44:12-INFO: mixed forces 7 [-0.1115332   1.85158403  0.240763  ]
10:44:12-INFO: mixed forces 8 [ 0.71749448  4.9491285  -6.29484081]
10:44:12-INFO: mixed forces 9 [-0.47098806 -0.51704747 -1.2939515 ]
10:44:12-INFO: mixed forces 10 [-0.29914793 -2.43880508  1.91885787]
10:44:12-INFO: mixed forces 11 [0.90402806 2.29050732 1.73497917]
10:44:12-INFO: mixed forces 12 [ 3.5601632  -0.52077626  0.40673079]
10:44:12-INFO: mixed forces 13 [-3.22960555  3.80284826  0.05240997]
10:44:12-INFO: mixed forces 14 [ 0.78370583 -0.88540159  0.16282443]
10:44:12-INFO: mixed forces 15 [0.63068862 1.47332152 2.67977447]
10:44:12-INFO: mixed forces 16 [ 0.83901167  0.59222996 -0.1235583 ]
10:44:12-INFO: mixed forces 17 [-2.95490266 -4.000864   -1.10505773]
10:44:12-INFO: mixed forces 18 [-1.98725679  1.73022145  1.79450671]
10:44:12-INFO: mixed forces 19 [1.09935547 2.02909647 1.6232967 ]
10:44:12-INFO: mixed forces 0 [ -3.65488259 -10.82214897   0.49852288]
10:44:12-INFO: mixed forces 1 [ 5.4571543   4.65145355 -1.30757187]
10:44:12-INFO: mixed forces 2 [ 1.67454774  0.22428413 -1.01008985]
10:44:12-INFO: mixed forces 3 [ 2.63908447 -0.42211391  0.02865887]
10:44:12-INFO: mixed forces 4 [ 0.22558756 -0.53955264  0.24129006]
10:44:12-INFO: mixed forces 5 [ 0.27076163  2.34386268 -0.40466127]
10:44:12-INFO: mixed forces 6 [0.18689143 2.10933601 2.47200366]
10:44:12-INFO: mixed forces 7 [-0.11431232  1.82991858  0.24647228]
10:44:12-INFO: mixed forces 8 [ 0.75069166  4.84085852 -6.20833186]
10:44:12-INFO: mixed forces 9 [-0.46406312 -0.52795538 -1.25984622]
10:44:12-INFO: mixed forces 10 [-0.29532751 -2.38379317  1.88192261]
10:44:12-INFO: mixed forces 11 [0.90959555 2.20320308 1.67827961]
10:44:12-INFO: mixed forces 12 [3.98269078 0.07314822 0.38986091]
10:44:12-INFO: mixed forces 13 [-3.3353429   3.82223633  0.13239765]
10:44:12-INFO: mixed forces 14 [ 0.79101572 -0.8768731   0.16303704]
10:44:12-INFO: mixed forces 15 [0.63891708 1.46954445 2.62802259]
10:44:12-INFO: mixed forces 16 [ 0.81248298  0.56025552 -0.13090504]
10:44:12-INFO: mixed forces 17 [-2.92026673 -3.91760405 -1.09754932]
10:44:12-INFO: mixed forces 18 [-1.98866664  1.72312192  1.78315437]
10:44:12-INFO: mixed forces 19 [1.09168495 1.97875883 1.60588072]
10:44:12-INFO: mixed forces 0 [ -4.05360211 -11.60236409   0.52360354]
10:44:12-INFO: mixed forces 1 [ 5.47763325  4.89123631 -1.425975  ]
10:44:12-INFO: mixed forces 2 [ 1.63358603  0.20526295 -1.02095827]
10:44:12-INFO: mixed forces 3 [ 2.61821108 -0.41828922  0.01682357]
10:44:12-INFO: mixed forces 4 [ 0.2166964  -0.5333737   0.23069261]
10:44:12-INFO: mixed forces 5 [ 0.2727195   2.30719122 -0.40867001]
10:44:12-INFO: mixed forces 6 [0.17689355 2.06105069 2.44092829]
10:44:12-INFO: mixed forces 7 [-0.11717293  1.80745628  0.25223916]
10:44:12-INFO: mixed forces 8 [ 0.80228526  4.72621772 -6.1169443 ]
10:44:12-INFO: mixed forces 9 [-0.46171031 -0.54395749 -1.22613049]
10:44:12-INFO: mixed forces 10 [-0.29499255 -2.32619899  1.84772431]
10:44:12-INFO: mixed forces 11 [0.91340612 2.11955032 1.6198605 ]
10:44:12-INFO: mixed forces 12 [4.4164982  0.63167283 0.3934836 ]
10:44:12-INFO: mixed forces 13 [-3.44871562  3.80750519  0.21446291]
10:44:12-INFO: mixed forces 14 [ 0.80129863 -0.86862423  0.16669206]
10:44:12-INFO: mixed forces 15 [0.65288851 1.47242343 2.57222096]
10:44:12-INFO: mixed forces 16 [ 0.7821356  0.533114  -0.1383373]
10:44:12-INFO: mixed forces 17 [-2.88169375 -3.8347325  -1.08979391]
10:44:12-INFO: mixed forces 18 [-1.98927549  1.71568631  1.77180817]
10:44:12-INFO: mixed forces 19 [1.08278275 1.9277901  1.58714573]
10:44:12-INFO: mixed forces 0 [ -4.51614434 -12.3839656    0.53674101]
10:44:12-INFO: mixed forces 1 [ 5.52618185  5.11769999 -1.53762159]
10:44:12-INFO: mixed forces 2 [ 1.58889565  0.18848634 -1.03196905]
10:44:12-INFO: mixed forces 3 [ 2.59655404 -0.41414147  0.00467175]
10:44:12-INFO: mixed forces 4 [ 0.20751683 -0.52706784  0.21975556]
10:44:12-INFO: mixed forces 5 [ 0.2747548   2.26943789 -0.41258696]
10:44:12-INFO: mixed forces 6 [0.16662808 2.01149787 2.4088288 ]
10:44:12-INFO: mixed forces 7 [-0.12001004  1.78434005  0.25817418]
10:44:12-INFO: mixed forces 8 [ 0.8471307   4.6139847  -6.02415602]
10:44:12-INFO: mixed forces 9 [-0.45677374 -0.55739681 -1.19326668]
10:44:12-INFO: mixed forces 10 [-0.29254627 -2.26815934  1.81047215]
10:44:12-INFO: mixed forces 11 [0.91583604 2.03157296 1.56020104]
10:44:12-INFO: mixed forces 12 [4.86795945 1.20894035 0.40343043]
10:44:12-INFO: mixed forces 13 [-3.53746057  3.79213706  0.29695323]
10:44:12-INFO: mixed forces 14 [ 0.81050729 -0.85941739  0.1686979 ]
10:44:12-INFO: mixed forces 15 [0.66385892 1.4711337  2.51378007]
10:44:12-INFO: mixed forces 16 [ 0.75111318  0.50200963 -0.14576842]
10:44:12-INFO: mixed forces 17 [-2.8427017  -3.74799371 -1.08177702]
10:44:12-INFO: mixed forces 18 [-1.99024705  1.70813752  1.75996341]
10:44:12-INFO: mixed forces 19 [1.07382637 1.87475601 1.5679963 ]
10:44:13-INFO: mixed forces 0 [ -4.88174403 -12.99504088   0.53674706]
10:44:13-INFO: mixed forces 1 [ 5.50414383  5.26881177 -1.65285043]
10:44:13-INFO: mixed forces 2 [ 1.54631595  0.17084555 -1.0428178 ]
10:44:13-INFO: mixed forces 3 [ 2.57420553 -0.40942098 -0.00751849]
10:44:13-INFO: mixed forces 4 [ 0.19808608 -0.52056811  0.20851862]
10:44:13-INFO: mixed forces 5 [ 0.27685287  2.23055284 -0.4164567 ]
10:44:13-INFO: mixed forces 6 [0.15605332 1.96060432 2.37557748]
10:44:13-INFO: mixed forces 7 [-0.12288119  1.76047783  0.26418052]
10:44:13-INFO: mixed forces 8 [ 0.90353859  4.49792255 -5.92745817]
10:44:13-INFO: mixed forces 9 [-0.45434591 -0.57387422 -1.16112691]
10:44:13-INFO: mixed forces 10 [-0.29206137 -2.2082157   1.77439829]
10:44:13-INFO: mixed forces 11 [0.91657762 1.94523643 1.49903493]
10:44:13-INFO: mixed forces 12 [5.27966527 1.70909365 0.429087  ]
10:44:13-INFO: mixed forces 13 [-3.62099609  3.75136579  0.37972036]
10:44:13-INFO: mixed forces 14 [ 0.82157712 -0.8501641   0.17278066]
10:44:13-INFO: mixed forces 15 [0.67813661 1.47343567 2.45156362]
10:44:13-INFO: mixed forces 16 [ 0.71710418  0.47342633 -0.1532234 ]
10:44:13-INFO: mixed forces 17 [-2.80071136 -3.66063358 -1.07350467]
10:44:13-INFO: mixed forces 18 [-1.99072195  1.7003167   1.74800157]
10:44:13-INFO: mixed forces 19 [1.06394073 1.820761   1.54779461]
10:44:13-INFO: mixed forces 0 [ -5.21807835 -13.50706032   0.52698947]
10:44:13-INFO: mixed forces 1 [ 5.47093317  5.36144974 -1.75671415]
10:44:13-INFO: mixed forces 2 [ 1.49899318  0.15610705 -1.05383697]
10:44:13-INFO: mixed forces 3 [ 2.55106316 -0.40435901 -0.02002263]
10:44:13-INFO: mixed forces 4 [ 0.1883695  -0.51396926  0.19694657]
10:44:13-INFO: mixed forces 5 [ 0.27902356  2.19065327 -0.42016743]
10:44:13-INFO: mixed forces 6 [0.14521184 1.90854564 2.34130269]
10:44:13-INFO: mixed forces 7 [-0.12569881  1.73598963  0.27035132]
10:44:13-INFO: mixed forces 8 [ 0.94949563  4.38550568 -5.82981005]
10:44:13-INFO: mixed forces 9 [-0.44816766 -0.58673082 -1.13011529]
10:44:13-INFO: mixed forces 10 [-0.28867136 -2.14821747  1.73444028]
10:44:13-INFO: mixed forces 11 [0.9160519  1.85353144 1.43680179]
10:44:13-INFO: mixed forces 12 [5.64974554 2.17079611 0.45674419]
10:44:13-INFO: mixed forces 13 [-3.67147964  3.71457317  0.46121359]
10:44:13-INFO: mixed forces 14 [ 0.83098015 -0.83980256  0.17454787]
10:44:13-INFO: mixed forces 15 [0.68809658 1.4699093  2.38679049]
10:44:13-INFO: mixed forces 16 [ 0.68281211  0.43975704 -0.16064254]
10:44:13-INFO: mixed forces 17 [-2.75878829 -3.56898863 -1.06498579]
10:44:13-INFO: mixed forces 18 [-1.99170951  1.69242853  1.73548297]
10:44:13-INFO: mixed forces 19 [1.05415836 1.76456121 1.52728762]
10:44:13-INFO: mixed forces 0 [ -5.41854269 -13.81034883   0.50907571]
10:44:13-INFO: mixed forces 1 [ 5.36300959  5.35795739 -1.85561128]
10:44:13-INFO: mixed forces 2 [ 1.45000273  0.14267218 -1.06485327]
10:44:13-INFO: mixed forces 3 [ 2.52717926 -0.39880998 -0.03268841]
10:44:13-INFO: mixed forces 4 [ 0.17838917 -0.50723407  0.18506637]
10:44:13-INFO: mixed forces 5 [ 0.28126543  2.1497112  -0.42376807]
10:44:13-INFO: mixed forces 6 [0.13410371 1.85529325 2.30596692]
10:44:13-INFO: mixed forces 7 [-0.1284904   1.71084686  0.27663364]
10:44:13-INFO: mixed forces 8 [ 0.99441084  4.27332003 -5.72983428]
10:44:13-INFO: mixed forces 9 [-0.44084162 -0.59889631 -1.10018083]
10:44:13-INFO: mixed forces 10 [-0.28446541 -2.08740858  1.69277752]
10:44:13-INFO: mixed forces 11 [0.91419504 1.75951537 1.37339386]
10:44:13-INFO: mixed forces 12 [5.9374248  2.52972269 0.49040128]
10:44:13-INFO: mixed forces 13 [-3.69876769  3.66886731  0.54101924]
10:44:13-INFO: mixed forces 14 [ 0.84023945 -0.82883193  0.17597192]
10:44:13-INFO: mixed forces 15 [0.69698113 1.46457726 2.31887349]
10:44:13-INFO: mixed forces 16 [ 0.64704659  0.40446732 -0.16803198]
10:44:13-INFO: mixed forces 17 [-2.71558255 -3.47484855 -1.05620931]
10:44:13-INFO: mixed forces 18 [-1.99275022  1.68438233  1.72262665]
10:44:13-INFO: mixed forces 19 [1.04401947 1.706776   1.50615123]
10:44:13-INFO: mixed forces 0 [ -5.53643429 -13.96511443   0.4873762 ]
10:44:13-INFO: mixed forces 1 [ 5.22400837  5.2761358  -1.93955968]
10:44:13-INFO: mixed forces 2 [ 1.39403827  0.13346739 -1.07612596]
10:44:13-INFO: mixed forces 3 [ 2.50247062 -0.39296044 -0.0457335 ]
10:44:13-INFO: mixed forces 4 [ 0.16812396 -0.50044253  0.1728645 ]
10:44:13-INFO: mixed forces 5 [ 0.28359492  2.10782618 -0.4271414 ]
10:44:13-INFO: mixed forces 6 [0.12275178 1.8010174  2.269654  ]
10:44:13-INFO: mixed forces 7 [-0.13117509  1.68513882  0.28310396]
10:44:13-INFO: mixed forces 8 [ 1.0211216   4.16695594 -5.62976468]
10:44:13-INFO: mixed forces 9 [-0.42749371 -0.60522524 -1.07164229]
10:44:13-INFO: mixed forces 10 [-0.27563708 -2.02722345  1.64544234]
10:44:13-INFO: mixed forces 11 [0.91144204 1.65764957 1.30917489]
10:44:13-INFO: mixed forces 12 [6.14515834 2.81641066 0.51927984]
10:44:13-INFO: mixed forces 13 [-3.68186993  3.63693528  0.617849  ]
10:44:13-INFO: mixed forces 14 [ 0.84662915 -0.81645547  0.17367401]
10:44:13-INFO: mixed forces 15 [0.6988523  1.4501393  2.24876035]
10:44:13-INFO: mixed forces 16 [ 0.61189972  0.36176353 -0.17535605]
10:44:13-INFO: mixed forces 17 [-2.67347607 -3.37544082 -1.04716466]
10:44:13-INFO: mixed forces 18 [-1.99462591  1.67633784  1.70910006]
10:44:13-INFO: mixed forces 19 [1.03431453 1.64645625 1.48498853]
10:44:13-INFO: mixed forces 0 [ -5.51923438 -13.92062791   0.46453428]
10:44:13-INFO: mixed forces 1 [ 5.02096632  5.09996584 -2.01203783]
10:44:13-INFO: mixed forces 2 [ 1.33247084  0.1277742  -1.08756322]
10:44:13-INFO: mixed forces 3 [ 2.47695502 -0.38673018 -0.0590601 ]
10:44:13-INFO: mixed forces 4 [ 0.15758293 -0.49357297  0.16033822]
10:44:13-INFO: mixed forces 5 [ 0.28600267  2.0649994  -0.43031008]
10:44:13-INFO: mixed forces 6 [0.11116627 1.74571368 2.23235501]
10:44:13-INFO: mixed forces 7 [-0.13375171  1.65885064  0.28973082]
10:44:13-INFO: mixed forces 8 [ 1.03360511  4.06471543 -5.52895243]
10:44:13-INFO: mixed forces 9 [-0.40921312 -0.60700159 -1.04450292]
10:44:13-INFO: mixed forces 10 [-0.26309233 -1.96733534  1.59338163]
10:44:13-INFO: mixed forces 11 [0.90788501 1.54924473 1.24414567]
10:44:13-INFO: mixed forces 12 [6.25477229 3.0000091  0.54415835]
10:44:13-INFO: mixed forces 13 [-3.62537763  3.61303513  0.69124946]
10:44:13-INFO: mixed forces 14 [ 0.85082204 -0.80291658  0.16854904]
10:44:13-INFO: mixed forces 15 [0.6950863  1.42834393 2.17617962]
10:44:13-INFO: mixed forces 16 [ 0.57683733  0.31325766 -0.18261484]
10:44:13-INFO: mixed forces 17 [-2.63184553 -3.2716587  -1.03783428]
10:44:13-INFO: mixed forces 18 [-1.99711828  1.66826101  1.69500142]
10:44:13-INFO: mixed forces 19 [1.02483511 1.58389038 1.46363145]
10:44:13-INFO: mixed forces 0 [ -5.40127984 -13.71736547   0.44393575]
10:44:13-INFO: mixed forces 1 [ 4.7789573   4.84239367 -2.06724804]
10:44:13-INFO: mixed forces 2 [ 1.26272858  0.12702477 -1.09929099]
10:44:13-INFO: mixed forces 3 [ 2.45060994 -0.38017832 -0.07277081]
10:44:13-INFO: mixed forces 4 [ 0.14675981 -0.48667536  0.14749564]
10:44:13-INFO: mixed forces 5 [ 0.28850914  2.0212911  -0.43321503]
10:44:13-INFO: mixed forces 6 [0.09934611 1.68946995 2.1941008 ]
10:44:13-INFO: mixed forces 7 [-0.13620126  1.63203274  0.29652198]
10:44:13-INFO: mixed forces 8 [ 1.0233515   3.96927203 -5.42846758]
10:44:13-INFO: mixed forces 9 [-0.38359448 -0.60171608 -1.01894456]
10:44:13-INFO: mixed forces 10 [-0.24493678 -1.9084643   1.53461688]
10:44:13-INFO: mixed forces 11 [0.90379755 1.43158978 1.1785091 ]
10:44:13-INFO: mixed forces 12 [6.27270456 3.10245749 0.55786673]
10:44:13-INFO: mixed forces 13 [-3.51966255  3.6082303   0.76036573]
10:44:13-INFO: mixed forces 14 [ 0.85145613 -0.78781523  0.15896892]
10:44:13-INFO: mixed forces 15 [0.68273036 1.3956302  2.10160197]
10:44:13-INFO: mixed forces 16 [ 0.54294101  0.25614101 -0.18978814]
10:44:13-INFO: mixed forces 17 [-2.59189405 -3.16217676 -1.02821747]
10:44:13-INFO: mixed forces 18 [-2.00061048  1.66021525  1.68017448]
10:44:13-INFO: mixed forces 19 [1.01597127 1.51865955 1.44236681]
10:44:14-INFO: mixed forces 0 [ -5.1599473  -13.33525095   0.42731661]
10:44:14-INFO: mixed forces 1 [ 4.48212009  4.49759572 -2.10620739]
10:44:14-INFO: mixed forces 2 [ 1.18643858  0.13037214 -1.11120914]
10:44:14-INFO: mixed forces 3 [ 2.42346662 -0.37321664 -0.08674921]
10:44:14-INFO: mixed forces 4 [ 0.13566332 -0.47973304  0.13434348]
10:44:14-INFO: mixed forces 5 [ 0.29107754  1.97672056 -0.43586755]
10:44:14-INFO: mixed forces 6 [0.08732582 1.63230588 2.1549141 ]
10:44:14-INFO: mixed forces 7 [-0.13851226  1.60468794  0.30347982]
10:44:14-INFO: mixed forces 8 [ 0.99522496  3.87889697 -5.32759972]
10:44:14-INFO: mixed forces 9 [-0.35201033 -0.59090442 -0.99495909]
10:44:14-INFO: mixed forces 10 [-0.22226759 -1.85023875  1.47026932]
10:44:14-INFO: mixed forces 11 [0.89917709 1.30632614 1.11225262]
10:44:14-INFO: mixed forces 12 [6.19487946 3.11346498 0.55945642]
10:44:14-INFO: mixed forces 13 [-3.37136985  3.61579471  0.82486576]
10:44:14-INFO: mixed forces 14 [ 0.84932827 -0.77144369  0.14594757]
10:44:14-INFO: mixed forces 15 [0.66345952 1.35412997 2.02476035]
10:44:14-INFO: mixed forces 16 [ 0.50959513  0.19225601 -0.19687451]
10:44:14-INFO: mixed forces 17 [-2.55292233 -3.04799696 -1.01829899]
10:44:14-INFO: mixed forces 18 [-2.00485612  1.65216787  1.66474673]
10:44:14-INFO: mixed forces 19 [1.00749081 1.45110237 1.42102639]
10:44:14-INFO: mixed forces 0 [ -4.81644454 -12.79986949   0.41612875]
10:44:14-INFO: mixed forces 1 [ 4.1431974   4.07511904 -2.12566892]
10:44:14-INFO: mixed forces 2 [ 1.10379638  0.13773178 -1.12330041]
10:44:14-INFO: mixed forces 3 [ 2.39553648 -0.36582413 -0.10097744]
10:44:14-INFO: mixed forces 4 [ 0.1243122  -0.47275028  0.12089464]
10:44:14-INFO: mixed forces 5 [ 0.29373859  1.93129061 -0.43823069]
10:44:14-INFO: mixed forces 6 [0.07509371 1.57426283 2.11479023]
10:44:14-INFO: mixed forces 7 [-0.14069319  1.57682148  0.31057605]
10:44:14-INFO: mixed forces 8 [ 0.94961689  3.79355044 -5.22630278]
10:44:14-INFO: mixed forces 9 [-0.31457158 -0.57471178 -0.97259622]
10:44:14-INFO: mixed forces 10 [-0.19518709 -1.7926875   1.40044875]
10:44:14-INFO: mixed forces 11 [0.89401237 1.17374249 1.04543072]
10:44:14-INFO: mixed forces 12 [6.03119194 3.04917989 0.54480848]
10:44:14-INFO: mixed forces 13 [-3.18229096  3.63523331  0.88435224]
10:44:14-INFO: mixed forces 14 [ 0.84449973 -0.7538264   0.12956598]
10:44:14-INFO: mixed forces 15 [0.63738127 1.30404829 1.94563986]
10:44:14-INFO: mixed forces 16 [ 0.47685548  0.12176689 -0.20387224]
10:44:14-INFO: mixed forces 17 [-2.51492756 -2.92927231 -1.00808718]
10:44:14-INFO: mixed forces 18 [-2.00984589  1.64411344  1.64871997]
10:44:14-INFO: mixed forces 19 [0.99938181 1.38128581 1.399596  ]
10:44:14-INFO: mixed forces 0 [ -4.37462155 -12.11841486   0.41052518]
10:44:14-INFO: mixed forces 1 [ 3.75998167  3.58107374 -2.12636911]
10:44:14-INFO: mixed forces 2 [ 1.01699623  0.14792361 -1.1354482 ]
10:44:14-INFO: mixed forces 3 [ 2.36685017 -0.35790162 -0.11532575]
10:44:14-INFO: mixed forces 4 [ 0.1127205  -0.46571018  0.10716764]
10:44:14-INFO: mixed forces 5 [ 0.29647599  1.88501427 -0.44031411]
10:44:14-INFO: mixed forces 6 [0.06266491 1.51534503 2.07372224]
10:44:14-INFO: mixed forces 7 [-0.14276427  1.54841676  0.31777494]
10:44:14-INFO: mixed forces 8 [ 0.89328781  3.71116866 -5.12373972]
10:44:14-INFO: mixed forces 9 [-0.27320881 -0.55521055 -0.95183722]
10:44:14-INFO: mixed forces 10 [-0.16520387 -1.73531077  1.32673388]
10:44:14-INFO: mixed forces 11 [0.88813889 1.0361656  0.97800025]
10:44:14-INFO: mixed forces 12 [5.79190796 2.91514271 0.51393961]
10:44:14-INFO: mixed forces 13 [-2.96215715  3.65772612  0.93869425]
10:44:14-INFO: mixed forces 14 [ 0.83804295 -0.73530019  0.11114678]
10:44:14-INFO: mixed forces 15 [0.60680474 1.2483143  1.86391983]
10:44:14-INFO: mixed forces 16 [ 0.44398928  0.04700572 -0.21075947]
10:44:14-INFO: mixed forces 17 [-2.47701107 -2.80721583 -0.99757872]
10:44:14-INFO: mixed forces 18 [-2.01525214  1.63600197  1.63224954]
10:44:14-INFO: mixed forces 19 [0.99133171 1.30965898 1.37783604]
10:44:14-INFO: mixed forces 0 [ -3.86843108 -11.33010603   0.41019497]
10:44:14-INFO: mixed forces 1 [ 3.34764416  3.03482644 -2.10862817]
10:44:14-INFO: mixed forces 2 [ 0.92737985  0.16026554 -1.14756272]
10:44:14-INFO: mixed forces 3 [ 2.33742911 -0.34936861 -0.12972151]
10:44:14-INFO: mixed forces 4 [ 0.10089796 -0.45860309  0.09317807]
10:44:14-INFO: mixed forces 5 [ 0.29930935  1.83792332 -0.4421106 ]
10:44:14-INFO: mixed forces 6 [0.05003362 1.45555656 2.03171029]
10:44:14-INFO: mixed forces 7 [-0.14470778  1.51946912  0.32503386]
10:44:14-INFO: mixed forces 8 [ 0.83031098  3.63072128 -5.01948191]
10:44:14-INFO: mixed forces 9 [-0.22911591 -0.53363812 -0.932677  ]
10:44:14-INFO: mixed forces 10 [-0.13322186 -1.67785485  1.25009396]
10:44:14-INFO: mixed forces 11 [0.88140004 0.89510424 0.9099285 ]
10:44:14-INFO: mixed forces 12 [5.4993563  2.73336794 0.46734676]
10:44:14-INFO: mixed forces 13 [-2.71779434  3.67817009  0.98782728]
10:44:14-INFO: mixed forces 14 [ 0.83059331 -0.7160742   0.0914459 ]
10:44:14-INFO: mixed forces 15 [0.57309814 1.18871512 1.77941335]
10:44:14-INFO: mixed forces 16 [ 0.41059692 -0.03064485 -0.21753715]
10:44:14-INFO: mixed forces 17 [-2.43866763 -2.68260277 -0.98677799]
10:44:14-INFO: mixed forces 18 [-2.02090232  1.62779921  1.61541622]
10:44:14-INFO: mixed forces 19 [0.98315284 1.23649629 1.35563232]
10:44:14-INFO: mixed forces 0 [ -3.33283951 -10.47595981   0.41421424]
10:44:14-INFO: mixed forces 1 [ 2.91930577  2.45940679 -2.07610293]
10:44:14-INFO: mixed forces 2 [ 0.83673122  0.17376615 -1.15954521]
10:44:14-INFO: mixed forces 3 [ 2.30730941 -0.34013254 -0.14405548]
10:44:14-INFO: mixed forces 4 [ 0.08886924 -0.4514203   0.07894648]
10:44:14-INFO: mixed forces 5 [ 0.30217271  1.78999931 -0.44361678]
10:44:14-INFO: mixed forces 6 [0.03720366 1.39491771 1.98874778]
10:44:14-INFO: mixed forces 7 [-0.14655447  1.48997561  0.33232108]
10:44:14-INFO: mixed forces 8 [ 0.76629595  3.55065703 -4.91285208]
10:44:14-INFO: mixed forces 9 [-0.18393251 -0.51171672 -0.91509172]
10:44:14-INFO: mixed forces 10 [-0.10052555 -1.61992652  1.17183189]
10:44:14-INFO: mixed forces 11 [0.87359839 0.75260579 0.84119073]
10:44:14-INFO: mixed forces 12 [5.17979666 2.52501155 0.40907222]
10:44:14-INFO: mixed forces 13 [-2.4582111   3.6894994   1.03181276]
10:44:14-INFO: mixed forces 14 [ 0.82304056 -0.69641548  0.07155137]
10:44:14-INFO: mixed forces 15 [0.53820343 1.12773741 1.69192447]
10:44:14-INFO: mixed forces 16 [ 0.37612606 -0.10928957 -0.22419661]
10:44:14-INFO: mixed forces 17 [-2.39919792 -2.55641469 -0.97568765]
10:44:14-INFO: mixed forces 18 [-2.02653503  1.61945511  1.59834794]
10:44:14-INFO: mixed forces 19 [0.97460812 1.16216978 1.33279386]
10:44:14-INFO: mixed forces 0 [-2.8166345  -9.61238212  0.42175975]
10:44:14-INFO: mixed forces 1 [ 2.49719145  1.88455502 -2.03349734]
10:44:14-INFO: mixed forces 2 [ 0.74625359  0.18782881 -1.17131355]
10:44:14-INFO: mixed forces 3 [ 2.27651281 -0.3301403  -0.15825712]
10:44:14-INFO: mixed forces 4 [ 0.07664636 -0.44414833  0.06448408]
10:44:14-INFO: mixed forces 5 [ 0.30509291  1.74127275 -0.4448399 ]
10:44:14-INFO: mixed forces 6 [0.02419513 1.33345213 1.94482839]
10:44:14-INFO: mixed forces 7 [-0.14830611  1.45992506  0.33961744]
10:44:14-INFO: mixed forces 8 [ 0.70482362  3.47012055 -4.80346797]
10:44:14-INFO: mixed forces 9 [-0.13873346 -0.49055027 -0.89909995]
10:44:14-INFO: mixed forces 10 [-0.06791815 -1.56131795  1.09279486]
10:44:14-INFO: mixed forces 11 [0.86456563 0.6099947  0.77176934]
10:44:14-INFO: mixed forces 12 [4.86355825 2.31821842 0.34431953]
10:44:14-INFO: mixed forces 13 [-2.19004415  3.68757444  1.07081508]
10:44:14-INFO: mixed forces 14 [ 0.81594602 -0.67650069  0.05211745]
10:44:14-INFO: mixed forces 15 [0.50333313 1.06698987 1.60135611]
10:44:14-INFO: mixed forces 16 [ 0.34026329 -0.18774953 -0.23071156]
10:44:14-INFO: mixed forces 17 [-2.35813514 -2.429331   -0.96426964]
10:44:14-INFO: mixed forces 18 [-2.03199208  1.610952    1.58110625]
10:44:14-INFO: mixed forces 19 [0.96554187 1.08694388 1.30920884]
10:44:15-INFO: mixed forces 0 [-2.36186676 -8.78929675  0.43225397]
10:44:15-INFO: mixed forces 1 [ 2.10082991  1.3378056  -1.98720336]
10:44:15-INFO: mixed forces 2 [ 0.65713029  0.20181804 -1.18278053]
10:44:15-INFO: mixed forces 3 [ 2.24506733 -0.31931612 -0.17224823]
10:44:15-INFO: mixed forces 4 [ 0.06423802 -0.43680276  0.04980719]
10:44:15-INFO: mixed forces 5 [ 0.30806245  1.6917617  -0.44574777]
10:44:15-INFO: mixed forces 6 [0.01101833 1.27114693 1.89997645]
10:44:15-INFO: mixed forces 7 [-0.14998093  1.42932536  0.34688458]
10:44:15-INFO: mixed forces 8 [ 0.64950666  3.3881943  -4.69094484]
10:44:15-INFO: mixed forces 9 [-0.09465261 -0.47126075 -0.88471832]
10:44:15-INFO: mixed forces 10 [-0.03623275 -1.50177782  1.01387335]
10:44:15-INFO: mixed forces 11 [0.85413946 0.46868542 0.70166014]
10:44:15-INFO: mixed forces 12 [4.57695699 2.13679351 0.27959709]
10:44:15-INFO: mixed forces 13 [-1.92006299  3.66830772  1.10507966]
10:44:15-INFO: mixed forces 14 [ 0.8098925  -0.65651532  0.03382645]
10:44:15-INFO: mixed forces 15 [0.46975252 1.00812796 1.50764594]
10:44:15-INFO: mixed forces 16 [ 0.30273992 -0.26479553 -0.23707743]
10:44:15-INFO: mixed forces 17 [-2.31509251 -2.30202378 -0.95258922]
10:44:15-INFO: mixed forces 18 [-2.03710889  1.60225768  1.56378849]
10:44:15-INFO: mixed forces 19 [0.95579084 1.01106732 1.28476504]
10:44:15-INFO: mixed forces 0 [-2.00474506 -8.05056769  0.44566948]
10:44:15-INFO: mixed forces 1 [ 1.74953231  0.84269171 -1.9433799 ]
10:44:15-INFO: mixed forces 2 [ 0.57018326  0.21531405 -1.19389771]
10:44:15-INFO: mixed forces 3 [ 2.21300714 -0.307623   -0.18596424]
10:44:15-INFO: mixed forces 4 [ 0.05167014 -0.42935679  0.03492843]
10:44:15-INFO: mixed forces 5 [ 0.3110785   1.64148517 -0.44635577]
10:44:15-INFO: mixed forces 6 [-0.00233912  1.20806083  1.85419681]
10:44:15-INFO: mixed forces 7 [-0.15156097  1.39817856  0.35409983]
10:44:15-INFO: mixed forces 8 [ 0.60274565  3.30441294 -4.57505634]
10:44:15-INFO: mixed forces 9 [-0.05245109 -0.45463701 -0.87194031]
10:44:15-INFO: mixed forces 10 [-0.00603133 -1.44119236  0.93563647]
10:44:15-INFO: mixed forces 11 [0.84217925 0.32963897 0.6308818 ]
10:44:15-INFO: mixed forces 12 [4.34010639 2.00140373 0.22070328]
10:44:15-INFO: mixed forces 13 [-1.65338372  3.6294569   1.13493705]
10:44:15-INFO: mixed forces 14 [ 0.80525671 -0.63658846  0.01711419]
10:44:15-INFO: mixed forces 15 [0.43830536 0.95229385 1.41081086]
10:44:15-INFO: mixed forces 16 [ 0.26337982 -0.33964457 -0.24327326]
10:44:15-INFO: mixed forces 17 [-2.26977368 -2.1749639  -0.94063018]
10:44:15-INFO: mixed forces 18 [-2.04178089  1.5933568   1.54643334]
10:44:15-INFO: mixed forces 19 [0.94525843 0.93473723 1.25939287]
10:44:15-INFO: mixed forces 0 [-1.7663496  -7.42372476  0.46232936]
10:44:15-INFO: mixed forces 1 [ 1.45636821  0.414347   -1.90767892]
10:44:15-INFO: mixed forces 2 [ 0.48619301  0.22789288 -1.20459945]
10:44:15-INFO: mixed forces 3 [ 2.18031832 -0.2950119  -0.19934801]
10:44:15-INFO: mixed forces 4 [ 0.03894556 -0.42182178  0.01986327]
10:44:15-INFO: mixed forces 5 [ 0.31411262  1.59045149 -0.44664418]
10:44:15-INFO: mixed forces 6 [-0.01585912  1.14422357  1.80750402]
10:44:15-INFO: mixed forces 7 [-0.15304683  1.36649069  0.3612485 ]
10:44:15-INFO: mixed forces 8 [ 0.56691221  3.2183329  -4.45556601]
10:44:15-INFO: mixed forces 9 [-0.01289575 -0.44143181 -0.8608125 ]
10:44:15-INFO: mixed forces 10 [ 0.02210898 -1.37944368  0.85865389]
10:44:15-INFO: mixed forces 11 [0.82855456 0.19380377 0.55942741]
10:44:15-INFO: mixed forces 12 [4.16394824 1.92453853 0.17251752]
10:44:15-INFO: mixed forces 13 [-1.39484829  3.56907042  1.1607529 ]
10:44:15-INFO: mixed forces 14 [ 0.80241504 -0.61685179  0.0024005 ]
10:44:15-INFO: mixed forces 15 [0.4098158  0.90057999 1.31096322]
10:44:15-INFO: mixed forces 16 [ 0.22206434 -0.41150998 -0.24929591]
10:44:15-INFO: mixed forces 17 [-2.2219292  -2.04861203 -0.92838942]
10:44:15-INFO: mixed forces 18 [-2.04589375  1.58422982  1.52910649]
10:44:15-INFO: mixed forces 19 [0.9338533  0.85814297 1.23302267]
10:44:15-INFO: mixed forces 0 [-1.65755732 -6.9247404   0.48282039]
10:44:15-INFO: mixed forces 1 [ 1.23077498  0.06091691 -1.8844112 ]
10:44:15-INFO: mixed forces 2 [ 0.40576806  0.23925796 -1.21482389]
10:44:15-INFO: mixed forces 3 [ 2.14703706 -0.28144314 -0.21234978]
10:44:15-INFO: mixed forces 4 [ 0.02608689 -0.41420032  0.00462389]
10:44:15-INFO: mixed forces 5 [ 0.31720231  1.53872659 -0.4465955 ]
10:44:15-INFO: mixed forces 6 [-0.02952854  1.07966092  1.75990882]
10:44:15-INFO: mixed forces 7 [-0.15445226  1.33427115  0.36831041]
10:44:15-INFO: mixed forces 8 [ 0.54369916  3.12966492 -4.33231662]
10:44:15-INFO: mixed forces 9 [ 0.02340833 -0.4322053  -0.85136204]
10:44:15-INFO: mixed forces 10 [ 0.0478136  -1.31644839  0.78336682]
10:44:15-INFO: mixed forces 11 [0.8131122  0.06195173 0.48734554]
10:44:15-INFO: mixed forces 12 [4.05227445 1.91352754 0.13835294]
10:44:15-INFO: mixed forces 13 [-1.1481686   3.48625889  1.18295266]
10:44:15-INFO: mixed forces 14 [ 0.8016441  -0.59740033 -0.01001612]
10:44:15-INFO: mixed forces 15 [0.38489125 0.85381085 1.20818463]
10:44:15-INFO: mixed forces 16 [ 0.17875853 -0.47985686 -0.25512634]
10:44:15-INFO: mixed forces 17 [-2.17140698 -1.92333689 -0.91586852]
10:44:15-INFO: mixed forces 18 [-2.04938265  1.57486735  1.51183449]
10:44:15-INFO: mixed forces 19 [0.92151407 0.78142981 1.20562004]
10:44:15-INFO: mixed forces 0 [-1.68003038 -6.55895315  0.50769739]
10:44:15-INFO: mixed forces 1 [ 1.07787944 -0.21541793 -1.87695763]
10:44:15-INFO: mixed forces 2 [ 0.32953339  0.24910499 -1.22453932]
10:44:15-INFO: mixed forces 3 [ 2.11319434 -0.26688655 -0.22491729]
10:44:15-INFO: mixed forces 4 [ 0.01308656 -0.40649253 -0.01077119]
10:44:15-INFO: mixed forces 5 [ 0.32032675  1.48631402 -0.44620465]
10:44:15-INFO: mixed forces 6 [-0.0433423   1.01439525  1.71142622]
10:44:15-INFO: mixed forces 7 [-0.15576268  1.30152405  0.37524719]
10:44:15-INFO: mixed forces 8 [ 0.53484167  3.03817555 -4.20520808]
10:44:15-INFO: mixed forces 9 [ 0.05584779 -0.42753117 -0.84362563]
10:44:15-INFO: mixed forces 10 [ 0.07064969 -1.25213039  0.71020152]
10:44:15-INFO: mixed forces 11 [ 0.79572895 -0.06516646  0.41463896]
10:44:15-INFO: mixed forces 12 [4.00368583 1.97085031 0.12063518]
10:44:15-INFO: mixed forces 13 [-0.9167075   3.38026848  1.20189725]
10:44:15-INFO: mixed forces 14 [ 0.80320047 -0.57834229 -0.01983685]
10:44:15-INFO: mixed forces 15 [0.36413041 0.81280473 1.10263975]
10:44:15-INFO: mixed forces 16 [ 0.13340973 -0.5441322  -0.26075759]
10:44:15-INFO: mixed forces 17 [-2.1180199  -1.79948527 -0.90305986]
10:44:15-INFO: mixed forces 18 [-2.05216066  1.56525857  1.49466937]
10:44:15-INFO: mixed forces 19 [0.90816516 0.70475924 1.17714924]
10:44:15-INFO: mixed forces 0 [-1.83264855 -6.32788511  0.53740925]
10:44:15-INFO: mixed forces 1 [ 1.00180555 -0.41536278 -1.88789629]
10:44:15-INFO: mixed forces 2 [ 0.2579822   0.25712828 -1.23366424]
10:44:15-INFO: mixed forces 3 [ 2.07878674 -0.2512827  -0.23700117]
10:44:15-INFO: mixed forces 4 [-3.18540975e-05 -3.98699861e-01 -2.63219803e-02]
10:44:15-INFO: mixed forces 5 [ 0.32348959  1.4332476  -0.44545277]
10:44:15-INFO: mixed forces 6 [-0.0572921   0.94845037  1.66207906]
10:44:15-INFO: mixed forces 7 [-0.15699739  1.26827444  0.38207232]
10:44:15-INFO: mixed forces 8 [ 0.5419054   2.94372464 -4.0741231 ]
10:44:15-INFO: mixed forces 9 [ 0.08386242 -0.4278975  -0.83764114]
10:44:15-INFO: mixed forces 10 [ 0.09022444 -1.18645943  0.63955034]
10:44:15-INFO: mixed forces 11 [ 0.7762624  -0.18683632  0.34132645]
10:44:15-INFO: mixed forces 12 [4.01454336 2.09778101 0.12112777]
10:44:15-INFO: mixed forces 13 [-0.70328116  3.25075676  1.21798501]
10:44:15-INFO: mixed forces 14 [ 0.80732823 -0.55977125 -0.02681906]
10:44:15-INFO: mixed forces 15 [0.34802484 0.77823825 0.99445907]
10:44:15-INFO: mixed forces 16 [ 0.08603222 -0.60387596 -0.2661818 ]
10:44:15-INFO: mixed forces 17 [-2.06163992 -1.67736229 -0.88998222]
10:44:15-INFO: mixed forces 18 [-2.05416903  1.55539893  1.4776363 ]
10:44:15-INFO: mixed forces 19 [0.8937662  0.62826795 1.14757023]
10:44:15-INFO: mixed forces 0 [-2.112468   -6.23034     0.57226632]
10:44:15-INFO: mixed forces 1 [ 1.00583826 -0.54131046 -1.91950562]
10:44:15-INFO: mixed forces 2 [ 0.19177957  0.26303198 -1.24213355]
10:44:15-INFO: mixed forces 3 [ 2.04383161 -0.2346255  -0.24856343]
10:44:15-INFO: mixed forces 4 [-0.01325579 -0.39082955 -0.04200171]
10:44:15-INFO: mixed forces 5 [ 0.32667268  1.37955039 -0.44433501]
10:44:15-INFO: mixed forces 6 [-0.07136692  0.88190999  1.61188057]
10:44:15-INFO: mixed forces 7 [-0.15812031  1.2345212   0.38875901]
10:44:15-INFO: mixed forces 8 [ 0.56672851  2.84607491 -3.93892534]
10:44:15-INFO: mixed forces 9 [ 0.10681255 -0.43384972 -0.83342595]
10:44:15-INFO: mixed forces 10 [ 0.10612048 -1.11933723  0.57190145]
10:44:15-INFO: mixed forces 11 [ 0.75452981 -0.30225656  0.2674416 ]
10:44:15-INFO: mixed forces 12 [4.08002884 2.29463369 0.14141177]
10:44:15-INFO: mixed forces 13 [-0.510655    3.09710844  1.23154446]
10:44:15-INFO: mixed forces 14 [ 0.81430659 -0.54179895 -0.03067066]
10:44:15-INFO: mixed forces 15 [0.33719345 0.75092176 0.8838193 ]
10:44:15-INFO: mixed forces 16 [ 0.03655122 -0.65853685 -0.27138359]
10:44:15-INFO: mixed forces 17 [-2.00210808 -1.5573405  -0.87662351]
10:44:15-INFO: mixed forces 18 [-2.05532793  1.54527418  1.46078623]
10:44:15-INFO: mixed forces 19 [0.87825182 0.55211301 1.11683806]
10:44:16-INFO: mixed forces 0 [-2.51602197 -6.26379169  0.61262477]
10:44:16-INFO: mixed forces 1 [ 1.09357478 -0.59649577 -1.97363784]
10:44:16-INFO: mixed forces 2 [ 0.13156113  0.26644989 -1.24991844]
10:44:16-INFO: mixed forces 3 [ 2.00836764 -0.21684828 -0.25954148]
10:44:16-INFO: mixed forces 4 [-0.02657865 -0.38287747 -0.05780494]
10:44:16-INFO: mixed forces 5 [ 0.32988059  1.32524407 -0.44284171]
10:44:16-INFO: mixed forces 6 [-0.08555113  0.81473334  1.56084861]
10:44:16-INFO: mixed forces 7 [-0.15916481  1.20027716  0.3952728 ]
10:44:16-INFO: mixed forces 8 [ 0.6112154   2.74503012 -3.79953898]
10:44:16-INFO: mixed forces 9 [ 0.12403498 -0.44592986 -0.83098552]
10:44:16-INFO: mixed forces 10 [ 0.11787831 -1.05069698  0.50773139]
10:44:16-INFO: mixed forces 11 [ 0.73033323 -0.41059819  0.1929716 ]
10:44:16-INFO: mixed forces 12 [4.1943243  2.56115274 0.18265987]
10:44:16-INFO: mixed forces 13 [-0.34144855  2.91871708  1.24284713]
10:44:16-INFO: mixed forces 14 [ 0.82440515 -0.52452671 -0.03107929]
10:44:16-INFO: mixed forces 15 [0.33222557 0.73165901 0.7708656 ]
10:44:16-INFO: mixed forces 16 [-0.01507473 -0.70757799 -0.27634965]
10:44:16-INFO: mixed forces 17 [-1.93924235 -1.43976917 -0.86301111]
10:44:16-INFO: mixed forces 18 [-2.05555467  1.53486916  1.44415175]
10:44:16-INFO: mixed forces 19 [0.86154435 0.4764524  1.0849193 ]
10:44:16-INFO: mixed forces 0 [-3.03486471 -6.41954644  0.65915872]
10:44:16-INFO: mixed forces 1 [ 1.26652512 -0.5864377  -2.05131337]
10:44:16-INFO: mixed forces 2 [ 0.07801496  0.26702562 -1.25692456]
10:44:16-INFO: mixed forces 3 [ 1.97241514 -0.1979512  -0.26989003]
10:44:16-INFO: mixed forces 4 [-0.03998278 -0.37485056 -0.0737161 ]
10:44:16-INFO: mixed forces 5 [ 0.33310613  1.27036638 -0.44097143]
10:44:16-INFO: mixed forces 6 [-0.09983946  0.74701665  1.50900693]
10:44:16-INFO: mixed forces 7 [-0.16012718  1.16554703  0.4016058 ]
10:44:16-INFO: mixed forces 8 [ 0.67748058  2.64033051 -3.65588819]
10:44:16-INFO: mixed forces 9 [ 0.13480788 -0.46470396 -0.83032365]
10:44:16-INFO: mixed forces 10 [ 0.12499805 -0.98044933  0.44758974]
10:44:16-INFO: mixed forces 11 [ 0.70345945 -0.51093002  0.11795019]
10:44:16-INFO: mixed forces 12 [4.34854877 2.89329655 0.24490761]
10:44:16-INFO: mixed forces 13 [-0.19833695  2.7147119   1.25213731]
10:44:16-INFO: mixed forces 14 [ 0.83793971 -0.50807888 -0.02772159]
10:44:16-INFO: mixed forces 15 [0.33379335 0.7213302  0.65575848]
10:44:16-INFO: mixed forces 16 [-0.06889894 -0.75038655 -0.28106362]
10:44:16-INFO: mixed forces 17 [-1.87285568 -1.32502296 -0.8491481 ]
10:44:16-INFO: mixed forces 18 [-2.05476763  1.52418154  1.42777992]
10:44:16-INFO: mixed forces 19 [0.84359466 0.40146187 1.0517847 ]
10:44:16-INFO: mixed forces 0 [-3.65132566 -6.67793866  0.71328401]
10:44:16-INFO: mixed forces 1 [ 1.52186814 -0.52055968 -2.15169874]
10:44:16-INFO: mixed forces 2 [ 0.03177266  0.26444596 -1.2630923 ]
10:44:16-INFO: mixed forces 3 [ 1.9359871  -0.17787576 -0.2795473 ]
10:44:16-INFO: mixed forces 4 [-0.05345588 -0.36674648 -0.08971639]
10:44:16-INFO: mixed forces 5 [ 0.33634259  1.21493716 -0.43870243]
10:44:16-INFO: mixed forces 6 [-0.11422651  0.67873922  1.45636824]
10:44:16-INFO: mixed forces 7 [-0.16099583  1.13034781  0.40773072]
10:44:16-INFO: mixed forces 8 [ 0.76737525  2.53182059 -3.50792132]
10:44:16-INFO: mixed forces 9 [ 0.13849363 -0.49061115 -0.83140986]
10:44:16-INFO: mixed forces 10 [ 0.12704991 -0.90851097  0.39196483]
10:44:16-INFO: mixed forces 11 [ 0.6737033  -0.60243115  0.04240493]
10:44:16-INFO: mixed forces 12 [4.52886425 3.27980087 0.32566976]
10:44:16-INFO: mixed forces 13 [-0.08359178  2.48454534  1.25958658]
10:44:16-INFO: mixed forces 14 [ 0.85517295 -0.4925468  -0.02032166]
10:44:16-INFO: mixed forces 15 [0.34244606 0.72068035 0.53866857]
10:44:16-INFO: mixed forces 16 [-0.12496527 -0.78647131 -0.28551638]
10:44:16-INFO: mixed forces 17 [-1.80279168 -1.21342936 -0.8350263 ]
10:44:16-INFO: mixed forces 18 [-2.05289047  1.51318862  1.4117078 ]
10:44:16-INFO: mixed forces 19 [0.8243204  0.32728001 1.0173694 ]
10:44:16-INFO: mixed forces 0 [-4.33274318 -7.00179091  0.77751967]
10:44:16-INFO: mixed forces 1 [ 1.84825889 -0.41434985 -2.27112498]
10:44:16-INFO: mixed forces 2 [-0.00677374  0.25849153 -1.26837228]
10:44:16-INFO: mixed forces 3 [ 1.8990805  -0.15664414 -0.28849002]
10:44:16-INFO: mixed forces 4 [-0.06698686 -0.35857448 -0.10579481]
10:44:16-INFO: mixed forces 5 [ 0.33959584  1.15900067 -0.43605062]
10:44:16-INFO: mixed forces 6 [-0.12870114  0.60998195  1.40296487]
10:44:16-INFO: mixed forces 7 [-0.16176689  1.0946928   0.41363629]
10:44:16-INFO: mixed forces 8 [ 0.88204622  2.41948897 -3.35569747]
10:44:16-INFO: mixed forces 9 [ 0.13464795 -0.52386842 -0.83421855]
10:44:16-INFO: mixed forces 10 [ 0.12375471 -0.83485869  0.34117868]
10:44:16-INFO: mixed forces 11 [ 0.6408965  -0.6845363  -0.03362218]
10:44:16-INFO: mixed forces 12 [4.71462236 3.6977823  0.41855017]
10:44:16-INFO: mixed forces 13 [1.23388336e-03 2.22827007e+00 1.26538385e+00]
10:44:16-INFO: mixed forces 14 [ 0.87625821 -0.47801958 -0.00872655]
10:44:16-INFO: mixed forces 15 [0.35853856 0.73016783 0.41981916]
10:44:16-INFO: mixed forces 16 [-0.18326356 -0.81551307 -0.28969591]
10:44:16-INFO: mixed forces 17 [-1.72896402 -1.10523036 -0.82066192]
10:44:16-INFO: mixed forces 18 [-2.04988094  1.50189713  1.39594988]
10:44:16-INFO: mixed forces 19 [0.80369227 0.25402541 0.98166319]
10:44:16-INFO: mixed forces 0 [-5.03122845 -7.33581077  0.85562523]
10:44:16-INFO: mixed forces 1 [ 2.22433921 -0.2892815  -2.40236919]
10:44:16-INFO: mixed forces 2 [-0.0376534   0.24919232 -1.27272069]
10:44:16-INFO: mixed forces 3 [ 1.86173518 -0.13420092 -0.29669675]
10:44:16-INFO: mixed forces 4 [-0.08057033 -0.35034252 -0.12193835]
10:44:16-INFO: mixed forces 5 [ 0.3428561   1.10257797 -0.43297017]
10:44:16-INFO: mixed forces 6 [-0.14324613  0.54074269  1.34881712]
10:44:16-INFO: mixed forces 7 [-0.16245259  1.05858742  0.41931339]
10:44:16-INFO: mixed forces 8 [ 1.02122465  2.30362421 -3.19942645]
10:44:16-INFO: mixed forces 9 [ 0.12325419 -0.56423112 -0.83869243]
10:44:16-INFO: mixed forces 10 [ 0.11515607 -0.759547    0.29522781]
10:44:16-INFO: mixed forces 11 [ 0.6049629  -0.75715419 -0.11004961]
10:44:16-INFO: mixed forces 12 [4.87949847 4.1117754  0.51247928]
10:44:16-INFO: mixed forces 13 [0.05624848 1.94748642 1.26962991]
10:44:16-INFO: mixed forces 14 [ 0.90115093 -0.46450642  0.00697583]
10:44:16-INFO: mixed forces 15 [0.38194142 0.74967624 0.29952302]
10:44:16-INFO: mixed forces 16 [-0.24359473 -0.83763754 -0.29356881]
10:44:16-INFO: mixed forces 17 [-1.65149136 -1.00045715 -0.80608417]
10:44:16-INFO: mixed forces 18 [-2.045746    1.4903083   1.38052884]
10:44:16-INFO: mixed forces 19 [0.78174647 0.1817449  0.94471215]
10:44:16-INFO: mixed forces 0 [-5.6890124  -7.6124093   0.95212842]
10:44:16-INFO: mixed forces 1 [ 2.61948151 -0.17061093 -2.53530241]
10:44:16-INFO: mixed forces 2 [-0.06152029  0.23691272 -1.27613561]
10:44:16-INFO: mixed forces 3 [ 1.82395153 -0.11059485 -0.30416166]
10:44:16-INFO: mixed forces 4 [-0.09419644 -0.34206022 -0.13814614]
10:44:16-INFO: mixed forces 5 [ 0.34612349  1.04572278 -0.42946987]
10:44:16-INFO: mixed forces 6 [-0.15784775  0.47111828  1.29397112]
10:44:16-INFO: mixed forces 7 [-0.16302175  1.02207861  0.42475683]
10:44:16-INFO: mixed forces 8 [ 1.18252247  2.18493778 -3.03955996]
10:44:16-INFO: mixed forces 9 [ 0.10488873 -0.61084454 -0.84477749]
10:44:16-INFO: mixed forces 10 [ 0.10178266 -0.68279028  0.25360202]
10:44:16-INFO: mixed forces 11 [ 0.5660077  -0.82096594 -0.18674614]
10:44:16-INFO: mixed forces 12 [4.99588593 4.4771377  0.59285636]
10:44:16-INFO: mixed forces 13 [0.08382627 1.64599742 1.2724749 ]
10:44:16-INFO: mixed forces 14 [ 0.92947758 -0.45193105  0.02633054]
10:44:16-INFO: mixed forces 15 [0.41181557 0.77822949 0.17816075]
10:44:16-INFO: mixed forces 16 [-0.30557509 -0.85357358 -0.2971459 ]
10:44:16-INFO: mixed forces 17 [-1.57073387 -0.89878636 -0.79127649]
10:44:16-INFO: mixed forces 18 [-2.04059262  1.47844699  1.3653904 ]
10:44:16-INFO: mixed forces 19 [0.75860567 0.11036676 0.90660377]
10:44:17-INFO: mixed forces 0 [-6.25179997 -7.76684123  1.07112738]
10:44:17-INFO: mixed forces 1 [ 2.99977618 -0.08211772 -2.65875799]
10:44:17-INFO: mixed forces 2 [-0.07991838  0.2224443  -1.27866257]
10:44:17-INFO: mixed forces 3 [ 1.78571004 -0.08584573 -0.31092886]
10:44:17-INFO: mixed forces 4 [-0.10786434 -0.33376473 -0.15440021]
10:44:17-INFO: mixed forces 5 [ 0.34943505  0.98849935 -0.42551528]
10:44:17-INFO: mixed forces 6 [-0.17249311  0.40114868  1.23847732]
10:44:17-INFO: mixed forces 7 [-0.16344012  0.98520084  0.42998032]
10:44:17-INFO: mixed forces 8 [ 1.36067958  2.06467163 -2.87679876]
10:44:17-INFO: mixed forces 9 [ 0.08094411 -0.66200725 -0.85239819]
10:44:17-INFO: mixed forces 10 [ 0.08482312 -0.60498316  0.21513662]
10:44:17-INFO: mixed forces 11 [ 0.52434946 -0.87769172 -0.26352377]
10:44:17-INFO: mixed forces 12 [5.04195561 4.74974667 0.64463786]
10:44:17-INFO: mixed forces 13 [0.08951207 1.33062222 1.27404081]
10:44:17-INFO: mixed forces 14 [ 0.96044285 -0.44012941  0.04838842]
10:44:17-INFO: mixed forces 15 [0.44640754 0.81371456 0.05629651]
10:44:17-INFO: mixed forces 16 [-0.36854858 -0.86490088 -0.30042512]
10:44:17-INFO: mixed forces 17 [-1.48741361 -0.79958926 -0.77621083]
10:44:17-INFO: mixed forces 18 [-2.03463449  1.46635882  1.35046379]
10:44:17-INFO: mixed forces 19 [0.73450061 0.03967937 0.86752528]
10:44:17-INFO: mixed forces 0 [-6.68269106 -7.7537941   1.21470169]
10:44:17-INFO: mixed forces 1 [ 3.33560619 -0.04081764 -2.76319263]
10:44:17-INFO: mixed forces 2 [-0.09517708  0.20704031 -1.28039107]
10:44:17-INFO: mixed forces 3 [ 1.74699607 -0.06007507 -0.31708543]
10:44:17-INFO: mixed forces 4 [-0.12157601 -0.32548748 -0.17071564]
10:44:17-INFO: mixed forces 5 [ 0.35273315  0.93093342 -0.42106705]
10:44:17-INFO: mixed forces 6 [-0.18716268  0.33094284  1.18238886]
10:44:17-INFO: mixed forces 7 [-0.16368586  0.94800833  0.43500941]
10:44:17-INFO: mixed forces 8 [ 1.54770219  1.94450962 -2.71205793]
10:44:17-INFO: mixed forces 9 [ 0.0535785  -0.71523691 -0.86145617]
10:44:17-INFO: mixed forces 10 [ 0.06603842 -0.5266786   0.17795247]
10:44:17-INFO: mixed forces 11 [ 0.48061258 -0.93002046 -0.34008794]
10:44:17-INFO: mixed forces 12 [5.0080114  4.89748602 0.65649132]
10:44:17-INFO: mixed forces 13 [0.08186023 1.01103571 1.27445382]
10:44:17-INFO: mixed forces 14 [ 0.99284534 -0.42880485  0.07174812]
10:44:17-INFO: mixed forces 15 [ 0.48303627  0.85292173 -0.06542629]
10:44:17-INFO: mixed forces 16 [-0.43155192 -0.87393383 -0.30341868]
10:44:17-INFO: mixed forces 17 [-1.40258715 -0.70178771 -0.76091192]
10:44:17-INFO: mixed forces 18 [-2.02819547  1.45410689  1.33561453]
10:44:17-INFO: mixed forces 19 [ 0.70980535 -0.03068634  0.82771354]
10:44:17-INFO: mixed forces 0 [-6.97113143 -7.55884741  1.38174035]
10:44:17-INFO: mixed forces 1 [ 3.6085777  -0.05355774 -2.84275407]
10:44:17-INFO: mixed forces 2 [-0.11015383  0.19216736 -1.28142608]
10:44:17-INFO: mixed forces 3 [ 1.70777894 -0.0333622  -0.32274527]
10:44:17-INFO: mixed forces 4 [-0.13534824 -0.31726556 -0.1870885 ]
10:44:17-INFO: mixed forces 5 [ 0.35605877  0.87312123 -0.41609433]
10:44:17-INFO: mixed forces 6 [-0.20183424  0.26057222  1.12577923]
10:44:17-INFO: mixed forces 7 [-0.16373009  0.91055568  0.43987412]
10:44:17-INFO: mixed forces 8 [ 1.73395009  1.82641002 -2.54640557]
10:44:17-INFO: mixed forces 9 [ 0.02542357 -0.76759097 -0.8718352 ]
10:44:17-INFO: mixed forces 10 [ 0.04763623 -0.44857009  0.13979217]
10:44:17-INFO: mixed forces 11 [ 0.4355872  -0.98132594 -0.41613357]
10:44:17-INFO: mixed forces 12 [4.89892713 4.9087017  0.62398834]
10:44:17-INFO: mixed forces 13 [0.07121921 0.69850352 1.2738899 ]
10:44:17-INFO: mixed forces 14 [ 1.02523582 -0.41761073  0.09473845]
10:44:17-INFO: mixed forces 15 [ 0.51848942  0.89200438 -0.18628094]
10:44:17-INFO: mixed forces 16 [-0.49345131 -0.88348213 -0.3061528 ]
10:44:17-INFO: mixed forces 17 [-1.31751329 -0.60408881 -0.74533819]
10:44:17-INFO: mixed forces 18 [-2.02167634  1.44177275  1.32068265]
10:44:17-INFO: mixed forces 19 [ 0.68491144 -0.10113646  0.78748576]
10:44:17-INFO: mixed forces 0 [-7.13152231 -7.19804807  1.56786737]
10:44:17-INFO: mixed forces 1 [ 3.81367147 -0.11733162 -2.89596436]
10:44:17-INFO: mixed forces 2 [-0.1276098   0.17924184 -1.28185601]
10:44:17-INFO: mixed forces 3 [ 1.66802925 -0.00582244 -0.327987  ]
10:44:17-INFO: mixed forces 4 [-0.14917777 -0.30913993 -0.20351765]
10:44:17-INFO: mixed forces 5 [ 0.35941812  0.81511376 -0.41054624]
10:44:17-INFO: mixed forces 6 [-0.21648007  0.19016872  1.06871639]
10:44:17-INFO: mixed forces 7 [-0.16350045  0.872886    0.44460403]
10:44:17-INFO: mixed forces 8 [ 1.91009568  1.71207498 -2.38084404]
10:44:17-INFO: mixed forces 9 [-0.00098026 -0.81622034 -0.88334019]
10:44:17-INFO: mixed forces 10 [ 0.03174806 -0.37129277  0.09846522]
10:44:17-INFO: mixed forces 11 [ 0.39012722 -1.03489246 -0.49133842]
10:44:17-INFO: mixed forces 12 [4.73112026 4.79288922 0.55020631]
10:44:17-INFO: mixed forces 13 [0.06762734 0.40366724 1.27248174]
10:44:17-INFO: mixed forces 14 [ 1.05622143 -0.40622727  0.1157553 ]
10:44:17-INFO: mixed forces 15 [ 0.54967508  0.92725799 -0.30558761]
10:44:17-INFO: mixed forces 16 [-0.55322494 -0.89618246 -0.30865574]
10:44:17-INFO: mixed forces 17 [-1.23336784 -0.50530192 -0.72948211]
10:44:17-INFO: mixed forces 18 [-2.01544522  1.42941752  1.30552449]
10:44:17-INFO: mixed forces 19 [ 0.66025657 -0.1721197   0.74714725]
10:44:17-INFO: mixed forces 0 [-7.19376038 -6.70762787  1.76641596]
10:44:17-INFO: mixed forces 1 [ 3.95674506 -0.22260345 -2.92474935]
10:44:17-INFO: mixed forces 2 [-0.14960257  0.16929935 -1.28178246]
10:44:17-INFO: mixed forces 3 [ 1.62774099  0.02250261 -0.33288053]
10:44:17-INFO: mixed forces 4 [-0.16306639 -0.30113919 -0.22000176]
10:44:17-INFO: mixed forces 5 [ 0.36281398  0.75696972 -0.40441099]
10:44:17-INFO: mixed forces 6 [-0.23109492  0.11975394  1.01125148]
10:44:17-INFO: mixed forces 7 [-0.16299346  0.83506655  0.44922072]
10:44:17-INFO: mixed forces 8 [ 2.06895544  1.60265725 -2.21611676]
10:44:17-INFO: mixed forces 9 [-0.02371637 -0.85892857 -0.89571529]
10:44:17-INFO: mixed forces 10 [ 0.02000202 -0.29532396  0.05228618]
10:44:17-INFO: mixed forces 11 [ 0.345004   -1.09322215 -0.56538532]
10:44:17-INFO: mixed forces 12 [4.52640307 4.57441932 0.44365014]
10:44:17-INFO: mixed forces 13 [0.07862971 0.13442093 1.27041774]
10:44:17-INFO: mixed forces 14 [ 1.08474678 -0.39439465  0.13359697]
10:44:17-INFO: mixed forces 15 [ 0.5742269   0.95586424 -0.42278399]
10:44:17-INFO: mixed forces 16 [-0.61003049 -0.9140283  -0.31094907]
10:44:17-INFO: mixed forces 17 [-1.15110262 -0.40451863 -0.71332061]
10:44:17-INFO: mixed forces 18 [-2.00979969  1.41711247  1.29002587]
10:44:17-INFO: mixed forces 19 [ 0.63615877 -0.24393089  0.70690723]
