10:44:38-INFO: mixed forces 0 [-11.90930516  -3.69110459  -2.42445483]
10:44:38-INFO: mixed forces 1 [14.46777781  5.36950737  1.12242147]
10:44:38-INFO: mixed forces 2 [ 2.87639136  0.35120673 -0.78146962]
10:44:38-INFO: mixed forces 3 [ 2.92565548 -0.42260955  0.2340894 ]
10:44:38-INFO: mixed forces 4 [ 0.35136104 -0.62019717  0.39038131]
10:44:38-INFO: mixed forces 5 [ 0.24251726  2.84272759 -0.33759539]
10:44:38-INFO: mixed forces 6 [0.32395553 2.7788727  2.8784286 ]
10:44:38-INFO: mixed forces 7 [-0.07480934  2.12897336  0.15302465]
10:44:38-INFO: mixed forces 8 [ 1.98895138  6.19284768 -7.27146848]
10:44:38-INFO: mixed forces 9 [-1.09740008 -0.80578139 -1.89047502]
10:44:38-INFO: mixed forces 10 [-0.68402065 -3.09634459  2.79419247]
10:44:38-INFO: mixed forces 11 [0.5693594 4.0941485 2.5167881]
10:44:38-INFO: mixed forces 12 [ 2.4852479  -5.83164583  1.5540194 ]
10:44:38-INFO: mixed forces 13 [-3.0097004   0.38077616 -0.78679637]
10:44:38-INFO: mixed forces 14 [ 0.95871816 -1.05065924  0.49672026]
10:44:38-INFO: mixed forces 15 [1.0339586  2.18848939 3.14762403]
10:44:38-INFO: mixed forces 16 [ 0.903698    1.58952935 -0.01734093]
10:44:38-INFO: mixed forces 17 [-3.13277243 -5.39970558 -1.20394299]
10:44:38-INFO: mixed forces 18 [-1.88500283  1.81374716  1.98081672]
10:44:38-INFO: mixed forces 19 [1.10289972 2.79104051 1.77957444]
10:44:39-INFO: mixed forces 0 [-9.13478945 -0.9886898  -2.40967773]
10:44:39-INFO: mixed forces 1 [12.58055301  4.50569838  0.76231132]
10:44:39-INFO: mixed forces 2 [ 3.12865808  0.21274828 -0.76957014]
10:44:39-INFO: mixed forces 3 [ 2.92905154 -0.41321728  0.24517548]
10:44:39-INFO: mixed forces 4 [ 0.35269361 -0.61698884  0.39150563]
10:44:39-INFO: mixed forces 5 [ 0.24168878  2.83905305 -0.34031544]
10:44:39-INFO: mixed forces 6 [0.32305384 2.77281165 2.87482134]
10:44:39-INFO: mixed forces 7 [-0.07806476  2.12485385  0.14922451]
10:44:39-INFO: mixed forces 8 [ 2.79185563  5.9120569  -7.15810958]
10:44:39-INFO: mixed forces 9 [-1.3231711  -1.05100606 -1.87838453]
10:44:39-INFO: mixed forces 10 [-0.86299487 -3.02875204  2.97818244]
10:44:39-INFO: mixed forces 11 [0.55748528 4.35063768 2.50173615]
10:44:39-INFO: mixed forces 12 [ 1.90348896 -7.07222719  1.7635304 ]
10:44:39-INFO: mixed forces 13 [-3.96456669 -0.69654453 -0.75800675]
10:44:39-INFO: mixed forces 14 [ 1.08780043 -1.09034788  0.65942164]
10:44:39-INFO: mixed forces 15 [1.31357818 2.53210098 3.10044554]
10:44:39-INFO: mixed forces 16 [ 0.80441175  1.87125748 -0.0192334 ]
10:44:39-INFO: mixed forces 17 [-3.0208847  -5.53582786 -1.20383598]
10:44:39-INFO: mixed forces 18 [-1.84764383  1.80631968  1.99715629]
10:44:39-INFO: mixed forces 19 [1.06496326 2.83747094 1.74997393]
10:44:39-INFO: mixed forces 0 [-10.17297551  -2.13404419  -2.38154721]
10:44:39-INFO: mixed forces 1 [13.23409521  4.80302648  0.90313602]
10:44:39-INFO: mixed forces 2 [ 2.98758358  0.28565664 -0.77736413]
10:44:39-INFO: mixed forces 3 [ 2.92584757 -0.41834742  0.23817515]
10:44:39-INFO: mixed forces 4 [ 0.35135152 -0.61828161  0.39015892]
10:44:39-INFO: mixed forces 5 [ 0.24227016  2.83850399 -0.33928755]
10:44:39-INFO: mixed forces 6 [0.32284438 2.77259248 2.87477694]
10:44:39-INFO: mixed forces 7 [-0.07656324  2.12555203  0.15173848]
10:44:39-INFO: mixed forces 8 [ 2.35345964  6.05012246 -7.21217555]
10:44:39-INFO: mixed forces 9 [-1.19755831 -0.91848488 -1.88108143]
10:44:39-INFO: mixed forces 10 [-0.76592717 -3.06049262  2.87538021]
10:44:39-INFO: mixed forces 11 [0.56808738 4.20292013 2.50488297]
10:44:39-INFO: mixed forces 12 [ 2.12301667 -6.55845977  1.66672815]
10:44:39-INFO: mixed forces 13 [-3.45477884 -0.09737708 -0.77055572]
10:44:39-INFO: mixed forces 14 [ 1.01807558 -1.06842712  0.57103034]
10:44:39-INFO: mixed forces 15 [1.16348419 2.34590806 3.12358554]
10:44:39-INFO: mixed forces 16 [ 0.85728411  1.71622179 -0.01881937]
10:44:39-INFO: mixed forces 17 [-3.07954119 -5.4560395  -1.2033836 ]
10:44:39-INFO: mixed forces 18 [-1.86808877  1.80980524  1.98744601]
10:44:39-INFO: mixed forces 19 [1.08517895 2.80874753 1.76490428]
10:44:39-INFO: mixed forces 0 [-9.94728596 -2.11097066 -2.3310944 ]
10:44:39-INFO: mixed forces 1 [12.98177797  4.67500303  0.88900792]
10:44:39-INFO: mixed forces 2 [ 2.92215177  0.31497326 -0.78212646]
10:44:39-INFO: mixed forces 3 [ 2.92303914 -0.42059539  0.23411878]
10:44:39-INFO: mixed forces 4 [ 0.35012228 -0.61837288  0.38880574]
10:44:39-INFO: mixed forces 5 [ 0.24265948  2.83561064 -0.33930916]
10:44:39-INFO: mixed forces 6 [0.32202555 2.76883372 2.87266526]
10:44:39-INFO: mixed forces 7 [-0.07619329  2.12424876  0.15329685]
10:44:39-INFO: mixed forces 8 [ 2.16067813  6.09490802 -7.22779264]
10:44:39-INFO: mixed forces 9 [-1.1398838  -0.86156454 -1.87818208]
10:44:39-INFO: mixed forces 10 [-0.72393779 -3.06905772  2.82779775]
10:44:39-INFO: mixed forces 11 [0.57703096 4.13010351 2.50102495]
10:44:39-INFO: mixed forces 12 [ 2.07826244 -6.60881544  1.65989385]
10:44:39-INFO: mixed forces 13 [-3.24204333  0.17766486 -0.77271809]
10:44:39-INFO: mixed forces 14 [ 0.98820806 -1.05853772  0.53266073]
10:44:39-INFO: mixed forces 15 [1.10022416 2.26557482 3.13103149]
10:44:39-INFO: mixed forces 16 [ 0.87912709  1.64690361 -0.01927954]
10:44:39-INFO: mixed forces 17 [-3.1027387  -5.41538365 -1.20265962]
10:44:39-INFO: mixed forces 18 [-1.87710865  1.81074524  1.98236566]
10:44:39-INFO: mixed forces 19 [1.09352893 2.79264731 1.77017494]
10:44:39-INFO: mixed forces 0 [-9.6606214  -2.14664445 -2.25058503]
10:44:39-INFO: mixed forces 1 [12.60351451  4.47234216  0.87836853]
10:44:39-INFO: mixed forces 2 [ 2.8059452   0.36949035 -0.78997108]
10:44:39-INFO: mixed forces 3 [ 2.91873974 -0.42464915  0.22734338]
10:44:39-INFO: mixed forces 4 [ 0.34825741 -0.61879931  0.38678204]
10:44:39-INFO: mixed forces 5 [ 0.24328839  2.83184835 -0.33908495]
10:44:39-INFO: mixed forces 6 [0.32094596 2.76406448 2.8700013 ]
10:44:39-INFO: mixed forces 7 [-0.07535984  2.12278288  0.15585917]
10:44:39-INFO: mixed forces 8 [ 1.81286216  6.18469445 -7.26051434]
10:44:39-INFO: mixed forces 9 [-1.03716138 -0.75795215 -1.87514283]
10:44:39-INFO: mixed forces 10 [-0.6477241  -3.08750351  2.74325566]
10:44:39-INFO: mixed forces 11 [0.59072327 4.00314413 2.49701396]
10:44:39-INFO: mixed forces 12 [ 2.03952473 -6.64625304  1.6442753 ]
10:44:39-INFO: mixed forces 13 [-2.85055438  0.66782711 -0.77834602]
10:44:39-INFO: mixed forces 14 [ 0.93384221 -1.04083347  0.46315786]
10:44:39-INFO: mixed forces 15 [0.98449203 2.11967227 3.14595927]
10:44:39-INFO: mixed forces 16 [ 0.91932092  1.522499   -0.01975643]
10:44:39-INFO: mixed forces 17 [-3.14597741 -5.3451575  -1.20164711]
10:44:39-INFO: mixed forces 18 [-1.89335706  1.8127708   1.97364945]
10:44:39-INFO: mixed forces 19 [1.10887498 2.7655221  1.78038482]
10:44:39-INFO: mixed forces 0 [-8.81344663 -1.79508688 -2.12706443]
10:44:39-INFO: mixed forces 1 [11.74960955  4.03378414  0.80226683]
10:44:39-INFO: mixed forces 2 [ 2.694118    0.41925707 -0.79821449]
10:44:39-INFO: mixed forces 3 [ 2.91377362 -0.42846461  0.22032548]
10:44:39-INFO: mixed forces 4 [ 0.34608403 -0.61889277  0.38438093]
10:44:39-INFO: mixed forces 5 [ 0.24396839  2.82657738 -0.33917488]
10:44:39-INFO: mixed forces 6 [0.31945761 2.75719768 2.86612463]
10:44:39-INFO: mixed forces 7 [-0.07476358  2.12035334  0.15856884]
10:44:39-INFO: mixed forces 8 [ 1.48513336  6.25960884 -7.28621538]
10:44:39-INFO: mixed forces 9 [-0.9387959  -0.66087464 -1.86951346]
10:44:39-INFO: mixed forces 10 [-0.57617649 -3.10146571  2.66199166]
10:44:39-INFO: mixed forces 11 [0.60619058 3.87852979 2.48994613]
10:44:39-INFO: mixed forces 12 [ 1.92272614 -6.82467912  1.64625402]
10:44:39-INFO: mixed forces 13 [-2.48643815  1.13769424 -0.78125644]
10:44:39-INFO: mixed forces 14 [ 0.88301567 -1.023966    0.39791446]
10:44:39-INFO: mixed forces 15 [0.87692792 1.98286181 3.15822188]
10:44:39-INFO: mixed forces 16 [ 0.95632194  1.4044396  -0.02062075]
10:44:39-INFO: mixed forces 17 [-3.18501067 -5.27538107 -1.20035525]
10:44:39-INFO: mixed forces 18 [-1.90868942  1.81430111  1.96490523]
10:44:39-INFO: mixed forces 19 [1.12297392 2.73770178 1.78915358]
10:44:40-INFO: mixed forces 0 [-7.75812543 -1.453434   -1.9489262 ]
10:44:40-INFO: mixed forces 1 [10.66229326  3.47917405  0.69304374]
10:44:40-INFO: mixed forces 2 [ 2.58527011  0.46506254 -0.80691173]
10:44:40-INFO: mixed forces 3 [ 2.90812391 -0.43207445  0.2130044 ]
10:44:40-INFO: mixed forces 4 [ 0.34359469 -0.61866917  0.38159308]
10:44:40-INFO: mixed forces 5 [ 0.24470503  2.81981549 -0.33956199]
10:44:40-INFO: mixed forces 6 [0.31756465 2.74826363 2.86105535]
10:44:40-INFO: mixed forces 7 [-0.07437603  2.11698114  0.16144692]
10:44:40-INFO: mixed forces 8 [ 1.1733927   6.32167874 -7.30563381]
10:44:40-INFO: mixed forces 9 [-0.84368766 -0.56887189 -1.8612867 ]
10:44:40-INFO: mixed forces 10 [-0.50823324 -3.11138086  2.58301108]
10:44:40-INFO: mixed forces 11 [0.62330893 3.7550311  2.47998142]
10:44:40-INFO: mixed forces 12 [ 1.83554299 -6.86990891  1.62244809]
10:44:40-INFO: mixed forces 13 [-2.14304202  1.59296824 -0.78149304]
10:44:40-INFO: mixed forces 14 [ 0.83497091 -1.00770223  0.33598584]
10:44:40-INFO: mixed forces 15 [0.77581549 1.85311648 3.16800557]
10:44:40-INFO: mixed forces 16 [ 0.99068575  1.29109774 -0.02186375]
10:44:40-INFO: mixed forces 17 [-3.22043856 -5.20529868 -1.19877983]
10:44:40-INFO: mixed forces 18 [-1.92330907  1.81538128  1.95604412]
10:44:40-INFO: mixed forces 19 [1.13602771 2.70892347 1.79663807]
10:44:40-INFO: mixed forces 0 [-6.8515136  -1.48676904 -1.71418224]
10:44:40-INFO: mixed forces 1 [9.59534817 2.93946769 0.57915247]
10:44:40-INFO: mixed forces 2 [ 2.48793988  0.50229742 -0.81563148]
10:44:40-INFO: mixed forces 3 [ 2.90191601 -0.43516431  0.20576791]
10:44:40-INFO: mixed forces 4 [ 0.34084142 -0.61803153  0.37846714]
10:44:40-INFO: mixed forces 5 [ 0.24546965  2.81146939 -0.34032644]
10:44:40-INFO: mixed forces 6 [0.31524445 2.73710933 2.85468925]
10:44:40-INFO: mixed forces 7 [-0.07430782  2.11254677  0.16435947]
10:44:40-INFO: mixed forces 8 [ 0.90503551  6.36219302 -7.31519056]
10:44:40-INFO: mixed forces 9 [-0.75963682 -0.49006601 -1.85004702]
10:44:40-INFO: mixed forces 10 [-0.44986294 -3.11508381  2.51254289]
10:44:40-INFO: mixed forces 11 [0.64138155 3.64160011 2.46674552]
10:44:40-INFO: mixed forces 12 [ 1.89035368 -6.52734006  1.53764309]
10:44:40-INFO: mixed forces 13 [-1.85069069  1.99685388 -0.77800489]
10:44:40-INFO: mixed forces 14 [ 0.79399283 -0.99334993  0.28277076]
10:44:40-INFO: mixed forces 15 [0.69032653 1.74184328 3.17362722]
10:44:40-INFO: mixed forces 16 [ 1.01907201  1.19185373 -0.0235396 ]
10:44:40-INFO: mixed forces 17 [-3.24851268 -5.13952902 -1.19692575]
10:44:40-INFO: mixed forces 18 [-1.93596692  1.81577258  1.94761754]
10:44:40-INFO: mixed forces 19 [1.14676058 2.6807759  1.80185931]
10:44:40-INFO: mixed forces 0 [-6.23071339 -1.97047336 -1.43917986]
10:44:40-INFO: mixed forces 1 [8.65688065 2.47075216 0.47180329]
10:44:40-INFO: mixed forces 2 [ 2.40795969  0.52781981 -0.8240699 ]
10:44:40-INFO: mixed forces 3 [ 2.89522883 -0.43750431  0.19888398]
10:44:40-INFO: mixed forces 4 [ 0.33785766 -0.61691015  0.37503389]
10:44:40-INFO: mixed forces 5 [ 0.24624238  2.80148259 -0.34152173]
10:44:40-INFO: mixed forces 6 [0.31248101 2.72361381 2.84695548]
10:44:40-INFO: mixed forces 7 [-0.07462726  2.10696715  0.16721472]
10:44:40-INFO: mixed forces 8 [ 0.69892747  6.37543696 -7.31251676]
10:44:40-INFO: mixed forces 9 [-0.6920777  -0.42996622 -1.835506  ]
10:44:40-INFO: mixed forces 10 [-0.40511481 -3.11114339  2.45491735]
10:44:40-INFO: mixed forces 11 [0.65981392 3.54443964 2.45000759]
10:44:40-INFO: mixed forces 12 [ 2.12198651 -5.763543    1.39360394]
10:44:40-INFO: mixed forces 13 [-1.62933018  2.3238677  -0.77002525]
10:44:40-INFO: mixed forces 14 [ 0.76299705 -0.98178372  0.24192513]
10:44:40-INFO: mixed forces 15 [0.62663056 1.65681389 3.17386489]
10:44:40-INFO: mixed forces 16 [ 1.03918468  1.11305005 -0.02568613]
10:44:40-INFO: mixed forces 17 [-3.266669   -5.08120206 -1.19479595]
10:44:40-INFO: mixed forces 18 [-1.9458084   1.81531711  1.94000445]
10:44:40-INFO: mixed forces 19 [1.15429951 2.65433302 1.80414921]
10:44:40-INFO: mixed forces 0 [-5.60633318 -2.5108627  -1.15167733]
10:44:40-INFO: mixed forces 1 [7.66799031 1.97756286 0.34958038]
10:44:40-INFO: mixed forces 2 [ 2.34717942  0.54067587 -0.8321092 ]
10:44:40-INFO: mixed forces 3 [ 2.88809477 -0.43903568  0.19243546]
10:44:40-INFO: mixed forces 4 [ 0.33465901 -0.61528435  0.37130653]
10:44:40-INFO: mixed forces 5 [ 0.24701577  2.78983696 -0.34315621]
10:44:40-INFO: mixed forces 6 [0.30926792 2.70778875 2.83783862]
10:44:40-INFO: mixed forces 7 [-0.07535756  2.10022222  0.16998137]
10:44:40-INFO: mixed forces 8 [ 0.56122845  6.36006507 -7.29697811]
10:44:40-INFO: mixed forces 9 [-0.64286726 -0.39020413 -1.81759389]
10:44:40-INFO: mixed forces 10 [-0.37522047 -3.09917402  2.4115052 ]
10:44:40-INFO: mixed forces 11 [0.67819039 3.46570378 2.42977545]
10:44:40-INFO: mixed forces 12 [ 2.42069611 -4.87190046  1.23826674]
10:44:40-INFO: mixed forces 13 [-1.48361315  2.56534556 -0.75727329]
10:44:40-INFO: mixed forces 14 [ 0.74286457 -0.97324377  0.21453161]
10:44:40-INFO: mixed forces 15 [0.58649802 1.60039101 3.16820563]
10:44:40-INFO: mixed forces 16 [ 1.05028168  1.05656545 -0.02831182]
10:44:40-INFO: mixed forces 17 [-3.27410156 -5.0312778  -1.19239998]
10:44:40-INFO: mixed forces 18 [-1.95257167  1.81397063  1.9333192 ]
10:44:40-INFO: mixed forces 19 [1.15836892 2.62993027 1.80330738]
10:44:40-INFO: mixed forces 0 [-4.57962695 -2.63635556 -0.87139507]
10:44:40-INFO: mixed forces 1 [6.37340741 1.31847879 0.18674037]
10:44:40-INFO: mixed forces 2 [ 2.30056705  0.54372153 -0.83995469]
10:44:40-INFO: mixed forces 3 [ 2.88043742 -0.43991428  0.18620088]
10:44:40-INFO: mixed forces 4 [ 0.33121694 -0.61321879  0.3672581 ]
10:44:40-INFO: mixed forces 5 [ 0.24780597  2.77659444 -0.34517284]
10:44:40-INFO: mixed forces 6 [0.30562796 2.68972255 2.8273867 ]
10:44:40-INFO: mixed forces 7 [-0.07642739  2.09238969  0.17273848]
10:44:40-INFO: mixed forces 8 [ 0.47617658  6.32229561 -7.2709844 ]
10:44:40-INFO: mixed forces 9 [-0.60769221 -0.36575438 -1.79658932]
10:44:40-INFO: mixed forces 10 [-0.35653815 -3.08062242  2.37865385]
10:44:40-INFO: mixed forces 11 [0.69643033 3.40040473 2.40639612]
10:44:40-INFO: mixed forces 12 [ 2.63537146 -4.19359408  1.11955009]
10:44:40-INFO: mixed forces 13 [-1.39224899  2.74165235 -0.7402602 ]
10:44:40-INFO: mixed forces 14 [ 0.73097718 -0.96689027  0.1972641 ]
10:44:40-INFO: mixed forces 15 [0.56411782 1.56557976 3.15739052]
10:44:40-INFO: mixed forces 16 [ 1.05430005  1.01663141 -0.03137453]
10:44:40-INFO: mixed forces 17 [-3.27301941 -4.9869577  -1.1897368 ]
10:44:40-INFO: mixed forces 18 [-1.9570086   1.81188702  1.92722943]
10:44:40-INFO: mixed forces 19 [1.15971247 2.6066129  1.7999269 ]
10:44:40-INFO: mixed forces 0 [-3.06099101 -2.24320273 -0.60265789]
10:44:40-INFO: mixed forces 1 [ 4.72016985  0.45532588 -0.01573508]
10:44:40-INFO: mixed forces 2 [ 2.26012713  0.54145831 -0.84796489]
10:44:40-INFO: mixed forces 3 [ 2.87214375 -0.4404426   0.17983105]
10:44:40-INFO: mixed forces 4 [ 0.32748281 -0.61081761  0.36284749]
10:44:40-INFO: mixed forces 5 [ 0.24864495  2.7618632  -0.34748813]
10:44:40-INFO: mixed forces 6 [0.30158338 2.66960661 2.81570788]
10:44:40-INFO: mixed forces 7 [-0.07772983  2.08358872  0.17560787]
10:44:40-INFO: mixed forces 8 [ 0.4185459   6.27155182 -7.23819397]
10:44:40-INFO: mixed forces 9 [-0.57958449 -0.34879083 -1.77298159]
10:44:40-INFO: mixed forces 10 [-0.34333106 -3.05768884  2.35048969]
10:44:40-INFO: mixed forces 11 [0.71460335 3.34051219 2.3803948 ]
10:44:40-INFO: mixed forces 12 [ 2.71846467 -3.81156309  1.04487363]
10:44:40-INFO: mixed forces 13 [-1.32309832  2.88519069 -0.71985477]
10:44:40-INFO: mixed forces 14 [ 0.72322252 -0.96142743  0.18493571]
10:44:40-INFO: mixed forces 15 [0.55046508 1.5413962  3.1426862 ]
10:44:40-INFO: mixed forces 16 [ 1.05429919  0.98424144 -0.03480897]
10:44:40-INFO: mixed forces 17 [-3.2669093  -4.94388835 -1.18680235]
10:44:40-INFO: mixed forces 18 [-1.96030112  1.80930423  1.92120927]
10:44:40-INFO: mixed forces 19 [1.15951635 2.58287244 1.79491265]
10:44:41-INFO: mixed forces 0 [-1.24635008 -1.53206039 -0.34470442]
10:44:41-INFO: mixed forces 1 [ 2.84426916 -0.54753258 -0.23597707]
10:44:41-INFO: mixed forces 2 [ 2.22034094  0.53707723 -0.85636906]
10:44:41-INFO: mixed forces 3 [ 2.86311944 -0.44081033  0.17308466]
10:44:41-INFO: mixed forces 4 [ 0.32342656 -0.60815144  0.35804946]
10:44:41-INFO: mixed forces 5 [ 0.24954935  2.74571548 -0.35002818]
10:44:41-INFO: mixed forces 6 [0.29715249 2.64757924 2.80286671]
10:44:41-INFO: mixed forces 7 [-0.07919514  2.07390795  0.17867148]
10:44:41-INFO: mixed forces 8 [ 0.37087217  6.21453852 -7.20119832]
10:44:41-INFO: mixed forces 9 [-0.55376739 -0.33391684 -1.74723061]
10:44:41-INFO: mixed forces 10 [-0.33161278 -3.03196439  2.32298013]
10:44:41-INFO: mixed forces 11 [0.73263988 3.28048575 2.35214576]
10:44:41-INFO: mixed forces 12 [ 2.72231612 -3.60058465  0.99450042]
10:44:41-INFO: mixed forces 13 [-1.25380769  3.01756404 -0.69671314]
10:44:41-INFO: mixed forces 14 [ 0.71674817 -0.95594424  0.17395447]
10:44:41-INFO: mixed forces 15 [0.53925512 1.52020281 3.12499117]
10:44:41-INFO: mixed forces 16 [ 1.05239333  0.95315846 -0.03856047]
10:44:41-INFO: mixed forces 17 [-3.25818871 -4.89905178 -1.18361798]
10:44:41-INFO: mixed forces 18 [-1.96326898  1.80639463  1.914898  ]
10:44:41-INFO: mixed forces 19 [1.15859485 2.55766782 1.78893306]
10:44:41-INFO: mixed forces 0 [ 0.65875744 -0.69948016 -0.10037754]
10:44:41-INFO: mixed forces 1 [ 0.89071348 -1.61659802 -0.45363689]
10:44:41-INFO: mixed forces 2 [ 2.17926477  0.53187739 -0.86522214]
10:44:41-INFO: mixed forces 3 [ 2.85333441 -0.44107593  0.16588328]
10:44:41-INFO: mixed forces 4 [ 0.31903717 -0.60524233  0.35285442]
10:44:41-INFO: mixed forces 5 [ 0.25052538  2.72818447 -0.35276315]
10:44:41-INFO: mixed forces 6 [0.29236163 2.62370361 2.78891068]
10:44:41-INFO: mixed forces 7 [-0.08079284  2.06338592  0.1819548 ]
10:44:41-INFO: mixed forces 8 [ 0.32670621  6.15415348 -7.16102603]
10:44:41-INFO: mixed forces 9 [-0.52856338 -0.31917404 -1.71971022]
10:44:41-INFO: mixed forces 10 [-0.31986761 -3.00412327  2.2946101 ]
10:44:41-INFO: mixed forces 11 [0.75028355 3.21830661 2.32184069]
10:44:41-INFO: mixed forces 12 [ 2.70464163 -3.44017558  0.95205058]
10:44:41-INFO: mixed forces 13 [-1.17585186  3.14516065 -0.67119377]
10:44:41-INFO: mixed forces 14 [ 0.71050184 -0.95008864  0.16299444]
10:44:41-INFO: mixed forces 15 [0.52812714 1.49911991 3.1044774 ]
10:44:41-INFO: mixed forces 16 [ 1.04932272  0.9210802  -0.04259535]
10:44:41-INFO: mixed forces 17 [-3.24772609 -4.85133719 -1.18017413]
10:44:41-INFO: mixed forces 18 [-1.96620818  1.80322228  1.90817086]
10:44:41-INFO: mixed forces 19 [1.15723803 2.53062705 1.78219373]
10:44:41-INFO: mixed forces 0 [2.54955314 0.16952847 0.12447074]
10:44:41-INFO: mixed forces 1 [-1.0590853  -2.70958245 -0.65713764]
10:44:41-INFO: mixed forces 2 [ 2.13663868  0.52621915 -0.87449585]
10:44:41-INFO: mixed forces 3 [ 2.84280491 -0.44124208  0.15822138]
10:44:41-INFO: mixed forces 4 [ 0.31431376 -0.6021026   0.34726299]
10:44:41-INFO: mixed forces 5 [ 0.25157741  2.70928592 -0.35567327]
10:44:41-INFO: mixed forces 6 [0.28718311 2.59799646 2.77378909]
10:44:41-INFO: mixed forces 7 [-0.0825094   2.05202772  0.18546037]
10:44:41-INFO: mixed forces 8 [ 0.28516686  6.09129728 -7.11789786]
10:44:41-INFO: mixed forces 9 [-0.50384194 -0.30434424 -1.69077528]
10:44:41-INFO: mixed forces 10 [-0.30784093 -2.97438382  2.26512141]
10:44:41-INFO: mixed forces 11 [0.76719834 3.15378258 2.28955717]
10:44:41-INFO: mixed forces 12 [ 2.68859906 -3.2860328   0.91210836]
10:44:41-INFO: mixed forces 13 [-1.08809464  3.26680146 -0.64354714]
10:44:41-INFO: mixed forces 14 [ 0.70434052 -0.94378705  0.15188234]
10:44:41-INFO: mixed forces 15 [0.51671118 1.47770059 3.08110602]
10:44:41-INFO: mixed forces 16 [ 1.04511959  0.88769158 -0.04689972]
10:44:41-INFO: mixed forces 17 [-3.23559998 -4.80064082 -1.17648706]
10:44:41-INFO: mixed forces 18 [-1.96915448  1.79980073  1.9010126 ]
10:44:41-INFO: mixed forces 19 [1.15547131 2.50170375 1.77474104]
10:44:41-INFO: mixed forces 0 [4.37885624 1.04785265 0.32367755]
10:44:41-INFO: mixed forces 1 [-2.96031303 -3.80217016 -0.83960555]
10:44:41-INFO: mixed forces 2 [ 2.09282403  0.52021999 -0.88415481]
10:44:41-INFO: mixed forces 3 [ 2.83150263 -0.44127691  0.15012362]
10:44:41-INFO: mixed forces 4 [ 0.30926551 -0.59873338  0.34128392]
10:44:41-INFO: mixed forces 5 [ 0.25269711  2.68903027 -0.35874989]
10:44:41-INFO: mixed forces 6 [0.28163397 2.57048695 2.75753414]
10:44:41-INFO: mixed forces 7 [-0.08434732  2.03982815  0.18917916]
10:44:41-INFO: mixed forces 8 [ 0.24671583  6.02632553 -7.07184598]
10:44:41-INFO: mixed forces 9 [-0.47981326 -0.28969606 -1.66082066]
10:44:41-INFO: mixed forces 10 [-0.29562176 -2.94280809  2.23465063]
10:44:41-INFO: mixed forces 11 [0.78304359 3.08713692 2.25533252]
10:44:41-INFO: mixed forces 12 [ 2.67743422 -3.13293875  0.87415622]
10:44:41-INFO: mixed forces 13 [-0.99186133  3.3795831  -0.61404319]
10:44:41-INFO: mixed forces 14 [ 0.69836726 -0.93704305  0.14075967]
10:44:41-INFO: mixed forces 15 [0.50521575 1.45614302 3.05474879]
10:44:41-INFO: mixed forces 16 [ 1.03966301  0.85322602 -0.05145256]
10:44:41-INFO: mixed forces 17 [-3.22167429 -4.7470875  -1.17256024]
10:44:41-INFO: mixed forces 18 [-1.97207417  1.79613564  1.89343704]
10:44:41-INFO: mixed forces 19 [1.15324858 2.47094954 1.76653573]
10:44:41-INFO: mixed forces 0 [6.11518963 1.92028619 0.49190353]
10:44:41-INFO: mixed forces 1 [-4.77836764 -4.87398988 -0.99571171]
10:44:41-INFO: mixed forces 2 [ 2.0480981   0.51400073 -0.89414805]
10:44:41-INFO: mixed forces 3 [ 2.81944567 -0.44115248  0.14161333]
10:44:41-INFO: mixed forces 4 [ 0.30389052 -0.59513433  0.33491976]
10:44:41-INFO: mixed forces 5 [ 0.25389261  2.66741833 -0.36199221]
10:44:41-INFO: mixed forces 6 [0.27571765 2.54118654 2.74013478]
10:44:41-INFO: mixed forces 7 [-0.08629996  2.02679855  0.19310414]
10:44:41-INFO: mixed forces 8 [ 0.21192502  5.9594751  -7.02286478]
10:44:41-INFO: mixed forces 9 [-0.45668562 -0.27555418 -1.63026839]
10:44:41-INFO: mixed forces 10 [-0.28332558 -2.90946717  2.20329099]
10:44:41-INFO: mixed forces 11 [0.79751432 3.01865012 2.21921536]
10:44:41-INFO: mixed forces 12 [ 2.66943879 -2.98389549  0.83851047]
10:44:41-INFO: mixed forces 13 [-0.8893356   3.48076625 -0.58299179]
10:44:41-INFO: mixed forces 14 [ 0.69272769 -0.92987958  0.12982767]
10:44:41-INFO: mixed forces 15 [0.49397523 1.43472182 3.02533062]
10:44:41-INFO: mixed forces 16 [ 1.03279271  0.81801281 -0.0562287 ]
10:44:41-INFO: mixed forces 17 [-3.20581459 -4.69089939 -1.16841454]
10:44:41-INFO: mixed forces 18 [-1.97492028  1.79222539  1.88547127]
10:44:41-INFO: mixed forces 19 [1.15051208 2.43842925 1.75754392]
10:44:41-INFO: mixed forces 0 [7.73122309 2.77122051 0.62490523]
10:44:41-INFO: mixed forces 1 [-6.48187926 -5.9047476  -1.12102084]
10:44:41-INFO: mixed forces 2 [ 2.00284126  0.50772908 -0.90441705]
10:44:41-INFO: mixed forces 3 [ 2.80662577 -0.44085655  0.13271384]
10:44:41-INFO: mixed forces 4 [ 0.29819693 -0.59131358  0.32818006]
10:44:41-INFO: mixed forces 5 [ 0.2551617   2.644473   -0.36539025]
10:44:41-INFO: mixed forces 6 [0.26944173 2.51014372 2.72159164]
10:44:41-INFO: mixed forces 7 [-0.08835688  2.01294988  0.19722434]
10:44:41-INFO: mixed forces 8 [ 0.18128589  5.89096017 -6.97092742]
10:44:41-INFO: mixed forces 9 [-0.43457787 -0.26224214 -1.59955573]
10:44:41-INFO: mixed forces 10 [-0.27108328 -2.87443335  2.17119193]
10:44:41-INFO: mixed forces 11 [0.81032994 2.94852563 2.18121444]
10:44:41-INFO: mixed forces 12 [ 2.6624156  -2.84203454  0.80534316]
10:44:41-INFO: mixed forces 13 [-0.78325606  3.56816186 -0.55072773]
10:44:41-INFO: mixed forces 14 [ 0.68757246 -0.92231795  0.11928821]
10:44:41-INFO: mixed forces 15 [0.48334685 1.41368742 2.99281184]
10:44:41-INFO: mixed forces 16 [ 1.02439236  0.78240642 -0.0612081 ]
10:44:41-INFO: mixed forces 17 [-3.18787323 -4.63220332 -1.16402704]
10:44:41-INFO: mixed forces 18 [-1.9776464   1.78806534  1.87713763]
10:44:41-INFO: mixed forces 19 [1.1472088  2.40420449 1.74772047]
10:44:41-INFO: mixed forces 0 [9.20246306 3.58330737 0.71972193]
10:44:41-INFO: mixed forces 1 [-8.04225693 -6.87389545 -1.21213925]
10:44:41-INFO: mixed forces 2 [ 1.95732415  0.50155182 -0.91492254]
10:44:41-INFO: mixed forces 3 [ 2.79306186 -0.44034634  0.12346133]
10:44:41-INFO: mixed forces 4 [ 0.29218377 -0.58726193  0.32106283]
10:44:41-INFO: mixed forces 5 [ 0.2565025   2.62019591 -0.36892808]
10:44:41-INFO: mixed forces 6 [0.26280752 2.4773566  2.70190274]
10:44:41-INFO: mixed forces 7 [-0.09052738  1.99827314  0.20152993]
10:44:41-INFO: mixed forces 8 [ 0.15519497  5.8209159  -6.91600149]
10:44:41-INFO: mixed forces 9 [-0.41355385 -0.25007305 -1.56912825]
10:44:41-INFO: mixed forces 10 [-0.25900541 -2.83775072  2.13841714]
10:44:41-INFO: mixed forces 11 [0.8212359  2.87700359 2.14136675]
10:44:41-INFO: mixed forces 12 [ 2.65435499 -2.70963463  0.77466612]
10:44:41-INFO: mixed forces 13 [-0.67669576  3.64029135 -0.51761251]
10:44:41-INFO: mixed forces 14 [ 0.68304651 -0.91439179  0.1093655 ]
10:44:41-INFO: mixed forces 15 [0.47371557 1.39327062 2.95726549]
10:44:41-INFO: mixed forces 16 [ 1.01433474  0.74674614 -0.06637264]
10:44:41-INFO: mixed forces 17 [-3.16770137 -4.57124291 -1.15942606]
10:44:41-INFO: mixed forces 18 [-1.98020101  1.78366068  1.86846678]
10:44:41-INFO: mixed forces 19 [1.14329551 2.36835941 1.7370472 ]
10:44:42-INFO: mixed forces 0 [10.5074471   4.33786482  0.77486416]
10:44:42-INFO: mixed forces 1 [-9.43411998 -7.76092678 -1.26700326]
10:44:42-INFO: mixed forces 2 [ 1.91184844  0.49563755 -0.92563397]
10:44:42-INFO: mixed forces 3 [ 2.77874385 -0.43959142  0.11386962]
10:44:42-INFO: mixed forces 4 [ 0.28586071 -0.58298791  0.31357267]
10:44:42-INFO: mixed forces 5 [ 0.25791466  2.59460428 -0.3725822 ]
10:44:42-INFO: mixed forces 6 [0.2558144  2.44286195 2.68106928]
10:44:42-INFO: mixed forces 7 [-0.09280075  1.98277579  0.20601421]
10:44:42-INFO: mixed forces 8 [ 0.13396368  5.74952293 -6.85805962]
10:44:42-INFO: mixed forces 9 [-0.39361566 -0.23932558 -1.5394024 ]
10:44:42-INFO: mixed forces 10 [-0.24723084 -2.7994937   2.10507303]
10:44:42-INFO: mixed forces 11 [0.83002523 2.80421386 2.09968657]
10:44:42-INFO: mixed forces 12 [ 2.64353071 -2.58824731  0.74634392]
10:44:42-INFO: mixed forces 13 [-0.5728488   3.69631678 -0.48394675]
10:44:42-INFO: mixed forces 14 [ 0.67928691 -0.90614094  0.10026975]
10:44:42-INFO: mixed forces 15 [0.46548354 1.37367085 2.91877218]
10:44:42-INFO: mixed forces 16 [ 1.0025633   0.71138364 -0.07170189]
10:44:42-INFO: mixed forces 17 [-3.1451792  -4.50819995 -1.15460411]
10:44:42-INFO: mixed forces 18 [-1.98255102  1.77900334  1.85948282]
10:44:42-INFO: mixed forces 19 [1.13872845 2.3309511  1.72546937]
10:44:42-INFO: mixed forces 0 [10.96480961  4.78384465 -0.03425174]
10:44:42-INFO: mixed forces 1 [-10.05348362  -8.07779119  -0.5379316 ]
10:44:42-INFO: mixed forces 2 [ 1.46216266  0.47977763 -1.05159852]
10:44:42-INFO: mixed forces 3 [ 2.57261072 -0.40777634 -0.00648447]
10:44:42-INFO: mixed forces 4 [ 0.19698058 -0.52210656  0.20837096]
10:44:42-INFO: mixed forces 5 [ 0.27803114  2.23080806 -0.4167202 ]
10:44:42-INFO: mixed forces 6 [0.15710181 1.95991526 2.37653827]
10:44:42-INFO: mixed forces 7 [-0.12296109  1.76023565  0.26449484]
10:44:42-INFO: mixed forces 8 [ 0.25830795  4.89916375 -6.01227177]
10:44:42-INFO: mixed forces 9 [-0.22910534 -0.26507961 -1.33748378]
10:44:42-INFO: mixed forces 10 [-0.15511723 -2.28682307  1.71224797]
10:44:42-INFO: mixed forces 11 [0.75689531 1.95644911 1.52539881]
10:44:42-INFO: mixed forces 12 [ 2.10868961 -2.1117571   0.51945224]
10:44:42-INFO: mixed forces 13 [-0.19115151  3.32294375 -0.1053002 ]
10:44:42-INFO: mixed forces 14 [ 0.71184681 -0.80369154  0.09343941]
10:44:42-INFO: mixed forces 15 [0.54166457 1.23349508 2.34250168]
10:44:42-INFO: mixed forces 16 [ 0.75766574  0.40302979 -0.13727888]
10:44:42-INFO: mixed forces 17 [-2.72709454 -3.71928319 -1.08654799]
10:44:42-INFO: mixed forces 18 [-1.98765382  1.7109275   1.74498043]
10:44:42-INFO: mixed forces 19 [1.03904343 1.83300466 1.53415269]
10:44:42-INFO: mixed forces 0 [ 9.74417038  4.06635014 -0.06017051]
10:44:42-INFO: mixed forces 1 [-8.76854916 -7.20622262 -0.51819454]
10:44:42-INFO: mixed forces 2 [ 1.42728129  0.48295306 -1.06349416]
10:44:42-INFO: mixed forces 3 [ 2.54951964 -0.40208091 -0.01822376]
10:44:42-INFO: mixed forces 4 [ 0.18726507 -0.51545136  0.19686863]
10:44:42-INFO: mixed forces 5 [ 0.28025253  2.19077713 -0.42059787]
10:44:42-INFO: mixed forces 6 [0.14630394 1.90755774 2.34212938]
10:44:42-INFO: mixed forces 7 [-0.12595339  1.7355303   0.27044377]
10:44:42-INFO: mixed forces 8 [ 0.30220226  4.81743795 -5.91580938]
10:44:42-INFO: mixed forces 9 [-0.21888589 -0.28213099 -1.33282231]
10:44:42-INFO: mixed forces 10 [-0.15087983 -2.23282397  1.67454107]
10:44:42-INFO: mixed forces 11 [0.73456357 1.8775576  1.46325849]
10:44:42-INFO: mixed forces 12 [ 2.01945508 -2.14956214  0.49990523]
10:44:42-INFO: mixed forces 13 [-0.22988136  3.20252275 -0.0689474 ]
10:44:42-INFO: mixed forces 14 [ 0.72171075 -0.79366352  0.10154546]
10:44:42-INFO: mixed forces 15 [0.5649141 1.2278578 2.2780067]
10:44:42-INFO: mixed forces 16 [ 0.72568612  0.38305362 -0.14372667]
10:44:42-INFO: mixed forces 17 [-2.67402552 -3.64058567 -1.07879775]
10:44:42-INFO: mixed forces 18 [-1.98615258  1.70325866  1.7333666 ]
10:44:42-INFO: mixed forces 19 [1.02555069 1.780748   1.51102383]
10:44:43-INFO: mixed forces 0 [ 8.35509533  3.27457062 -0.05925491]
10:44:43-INFO: mixed forces 1 [-7.30971487 -6.23596758 -0.52376754]
10:44:43-INFO: mixed forces 2 [ 1.3931269   0.4864602  -1.07539517]
10:44:43-INFO: mixed forces 3 [ 2.52571866 -0.39581833 -0.03002338]
10:44:43-INFO: mixed forces 4 [ 0.17729744 -0.50863646  0.18506836]
10:44:43-INFO: mixed forces 5 [ 0.28254075  2.14967934 -0.4243862 ]
10:44:43-INFO: mixed forces 6 [0.1352333  1.853963   2.30663339]
10:44:43-INFO: mixed forces 7 [-0.12894852  1.7101393   0.27646943]
10:44:43-INFO: mixed forces 8 [ 0.350997    4.73509199 -5.81602615]
10:44:43-INFO: mixed forces 9 [-0.20979447 -0.30137296 -1.32995694]
10:44:43-INFO: mixed forces 10 [-0.14725838 -2.17772119  1.63643889]
10:44:43-INFO: mixed forces 11 [0.70998491 1.79866022 1.39961588]
10:44:43-INFO: mixed forces 12 [ 1.92620388 -2.20004848  0.47949442]
10:44:43-INFO: mixed forces 13 [-0.27331127  3.06719224 -0.03212055]
10:44:43-INFO: mixed forces 14 [ 0.73244987 -0.78345668  0.110587  ]
10:44:43-INFO: mixed forces 15 [0.59000841 1.22325948 2.21128963]
10:44:43-INFO: mixed forces 16 [ 0.69237246  0.3637354  -0.15022879]
10:44:43-INFO: mixed forces 17 [-2.6188414  -3.56067788 -1.07074749]
10:44:43-INFO: mixed forces 18 [-1.98440274  1.69536684  1.72154603]
10:44:43-INFO: mixed forces 19 [1.01141444 1.72736573 1.48705009]
10:44:43-INFO: mixed forces 0 [ 6.81717388  2.42752471 -0.03216434]
10:44:43-INFO: mixed forces 1 [-5.70034622 -5.18755945 -0.55358099]
10:44:43-INFO: mixed forces 2 [ 1.35952917  0.49012809 -1.08727458]
10:44:43-INFO: mixed forces 3 [ 2.50121156 -0.38898095 -0.04186825]
10:44:43-INFO: mixed forces 4 [ 0.16708661 -0.50167783  0.17298231]
10:44:43-INFO: mixed forces 5 [ 0.28488866  2.10755355 -0.42802845]
10:44:43-INFO: mixed forces 6 [0.12389917 1.79919595 2.27007075]
10:44:43-INFO: mixed forces 7 [-0.13193098  1.68407597  0.28256963]
10:44:43-INFO: mixed forces 8 [ 0.40441106  4.65211241 -5.71296613]
10:44:43-INFO: mixed forces 9 [-0.20196118 -0.32258928 -1.32855747]
10:44:43-INFO: mixed forces 10 [-0.14417036 -2.12151627  1.59792673]
10:44:43-INFO: mixed forces 11 [0.6833454  1.71975493 1.33451524]
10:44:43-INFO: mixed forces 12 [ 1.83070522 -2.26189506  0.45798746]
10:44:43-INFO: mixed forces 13 [-0.3184021   2.91763306  0.00506233]
10:44:43-INFO: mixed forces 14 [ 0.74393561 -0.77305093  0.12034267]
10:44:43-INFO: mixed forces 15 [0.6165106  1.21961743 2.14226607]
10:44:43-INFO: mixed forces 16 [ 0.65779399  0.34477562 -0.1567817 ]
10:44:43-INFO: mixed forces 17 [-2.56167745 -3.47945752 -1.06239148]
10:44:43-INFO: mixed forces 18 [-1.98244564  1.68725823  1.7095063 ]
10:44:43-INFO: mixed forces 19 [0.99669765 1.67284836 1.46224526]
10:44:43-INFO: mixed forces 0 [5.1526602  1.54326912 0.01938479]
10:44:43-INFO: mixed forces 1 [-3.96696884 -4.08201057 -0.60552685]
10:44:43-INFO: mixed forces 2 [ 1.32626991  0.49380534 -1.09910201]
10:44:43-INFO: mixed forces 3 [ 2.47598793 -0.38154125 -0.05374197]
10:44:43-INFO: mixed forces 4 [ 0.15663301 -0.49457612  0.16060082]
10:44:43-INFO: mixed forces 5 [ 0.28729455  2.0644228  -0.4315152 ]
10:44:43-INFO: mixed forces 6 [0.11230981 1.74328699 2.23244966]
10:44:43-INFO: mixed forces 7 [-0.13488153  1.65735259  0.28873975]
10:44:43-INFO: mixed forces 8 [ 0.46208388  4.5684481  -5.60665642]
10:44:43-INFO: mixed forces 9 [-0.19549283 -0.3455185  -1.32825197]
10:44:43-INFO: mixed forces 10 [-0.14153209 -2.06421152  1.55892781]
10:44:43-INFO: mixed forces 11 [0.65487488 1.64086246 1.26802857]
10:44:43-INFO: mixed forces 12 [ 1.73526201 -2.3328472   0.4351907 ]
10:44:43-INFO: mixed forces 13 [-0.36217085  2.75507673  0.04248634]
10:44:43-INFO: mixed forces 14 [ 0.75605671 -0.76243459  0.13059132]
10:44:43-INFO: mixed forces 15 [0.64396943 1.21679903 2.07088467]
10:44:43-INFO: mixed forces 16 [ 0.62210958  0.32587309 -0.16337206]
10:44:43-INFO: mixed forces 17 [-2.50269224 -3.39687138 -1.05371812]
10:44:43-INFO: mixed forces 18 [-1.98030747  1.67894559  1.69724385]
10:44:43-INFO: mixed forces 19 [0.98142435 1.61719181 1.43667283]
10:44:43-INFO: mixed forces 0 [3.38613876 0.6380545  0.09286686]
10:44:43-INFO: mixed forces 1 [-2.13890367 -2.94048451 -0.67672925]
10:44:43-INFO: mixed forces 2 [ 1.29310866  0.49733958 -1.11083994]
10:44:43-INFO: mixed forces 3 [ 2.45006319 -0.37347847 -0.06562632]
10:44:43-INFO: mixed forces 4 [ 0.14594472 -0.48734765  0.14794598]
10:44:43-INFO: mixed forces 5 [ 0.28976791  2.02031674 -0.4348288 ]
10:44:43-INFO: mixed forces 6 [0.10046158 1.68627378 2.19377371]
10:44:43-INFO: mixed forces 7 [-0.13779451  1.62999308  0.29496053]
10:44:43-INFO: mixed forces 8 [ 0.52356138  4.48402494 -5.4971516 ]
10:44:43-INFO: mixed forces 9 [-0.19043559 -0.36982966 -1.32861481]
10:44:43-INFO: mixed forces 10 [-0.13923537 -2.00582273  1.51935961]
10:44:43-INFO: mixed forces 11 [0.62482614 1.56195622 1.20022287]
10:44:43-INFO: mixed forces 12 [ 1.64282109 -2.40933249  0.41096674]
10:44:43-INFO: mixed forces 13 [-0.40183852  2.58144936  0.07998036]
10:44:43-INFO: mixed forces 14 [ 0.76864862 -0.75157307  0.14113206]
10:44:43-INFO: mixed forces 15 [0.67189526 1.21463107 1.99713249]
10:44:43-INFO: mixed forces 16 [ 0.58546723  0.30671573 -0.16999695]
10:44:43-INFO: mixed forces 17 [-2.44207762 -3.31283782 -1.04471782]
10:44:43-INFO: mixed forces 18 [-1.97804286  1.67042423  1.68473304]
10:44:43-INFO: mixed forces 19 [0.96566154 1.56039298 1.41038985]
10:44:43-INFO: mixed forces 0 [ 1.54433693 -0.27426532  0.18513738]
10:44:43-INFO: mixed forces 1 [-0.24789508 -1.78391504 -0.76381518]
10:44:43-INFO: mixed forces 2 [ 1.25979691  0.50061223 -1.12245595]
10:44:43-INFO: mixed forces 3 [ 2.42344951 -0.36476733 -0.07750569]
10:44:43-INFO: mixed forces 4 [ 0.13502273 -0.47999895  0.13501132]
10:44:43-INFO: mixed forces 5 [ 0.29227704  1.97527778 -0.43794337]
10:44:43-INFO: mixed forces 6 [0.0883869  1.62821423 2.15408658]
10:44:43-INFO: mixed forces 7 [-0.14066407  1.60200723  0.30124248]
10:44:43-INFO: mixed forces 8 [ 0.58831222  4.39875968 -5.3845152 ]
10:44:43-INFO: mixed forces 9 [-0.18680143 -0.39515778 -1.32918549]
10:44:43-INFO: mixed forces 10 [-0.13715914 -1.94633729  1.47916228]
10:44:43-INFO: mixed forces 11 [0.5935004  1.48293362 1.13118247]
10:44:43-INFO: mixed forces 12 [ 1.55690729 -2.48615105  0.38524533]
10:44:43-INFO: mixed forces 13 [-0.43508336  2.39921356  0.11736708]
10:44:43-INFO: mixed forces 14 [ 0.78158508 -0.74046254  0.15174231]
10:44:43-INFO: mixed forces 15 [0.69982578 1.21292431 1.92106869]
10:44:43-INFO: mixed forces 16 [ 0.54805068  0.28701326 -0.17664721]
10:44:43-INFO: mixed forces 17 [-2.38000994 -3.22726062 -1.03539745]
10:44:43-INFO: mixed forces 18 [-1.97567881  1.66171488  1.67198184]
10:44:43-INFO: mixed forces 19 [0.94945408 1.50243491 1.3834323 ]
10:44:43-INFO: mixed forces 0 [-0.34186608 -1.18036488  0.29247717]
10:44:43-INFO: mixed forces 1 [ 1.67093119 -0.63373162 -0.86302126]
10:44:43-INFO: mixed forces 2 [ 1.22607808  0.50352225 -1.13391351]
10:44:43-INFO: mixed forces 3 [ 2.39615085 -0.35541135 -0.08937009]
10:44:43-INFO: mixed forces 4 [ 0.12387989 -0.47253975  0.12180965]
10:44:43-INFO: mixed forces 5 [ 0.29485305  1.92930831 -0.44083842]
10:44:43-INFO: mixed forces 6 [0.07607906 1.56916191 2.11339028]
10:44:43-INFO: mixed forces 7 [-0.14347026  1.57341596  0.3075724 ]
10:44:43-INFO: mixed forces 8 [ 0.65570689  4.31247134 -5.26883441]
10:44:43-INFO: mixed forces 9 [-0.18451461 -0.42109456 -1.32950161]
10:44:43-INFO: mixed forces 10 [-0.13516083 -1.88575352  1.43821039]
10:44:43-INFO: mixed forces 11 [0.56121345 1.40372605 1.06100904]
10:44:43-INFO: mixed forces 12 [ 1.48074853 -2.5575387   0.35811967]
10:44:43-INFO: mixed forces 13 [-0.46015928  2.21132382  0.15450862]
10:44:43-INFO: mixed forces 14 [ 0.79473689 -0.72909745  0.16222693]
10:44:43-INFO: mixed forces 15 [0.72730626 1.21143618 1.84281121]
10:44:43-INFO: mixed forces 16 [ 0.510015    0.26649237 -0.18330946]
10:44:43-INFO: mixed forces 17 [-2.31667236 -3.14014017 -1.02574783]
10:44:43-INFO: mixed forces 18 [-1.97326204  1.65281299  1.65896793]
10:44:43-INFO: mixed forces 19 [0.93286455 1.44332329 1.35584253]
10:44:44-INFO: mixed forces 0 [-2.21704542 -2.04667719  0.41020772]
10:44:44-INFO: mixed forces 1 [ 3.56673007  0.48107493 -0.96970403]
10:44:44-INFO: mixed forces 2 [ 1.1918171   0.50592951 -1.14517493]
10:44:44-INFO: mixed forces 3 [ 2.3681724  -0.34537255 -0.10118992]
10:44:44-INFO: mixed forces 4 [ 0.1125194  -0.46497901  0.10834719]
10:44:44-INFO: mixed forces 5 [ 0.29748803  1.88245275 -0.44348512]
10:44:44-INFO: mixed forces 6 [0.06355698 1.5091492  2.07170313]
10:44:44-INFO: mixed forces 7 [-0.14622306  1.54423562  0.31395255]
10:44:44-INFO: mixed forces 8 [ 0.72540837  4.2248552  -5.15019375]
10:44:44-INFO: mixed forces 9 [-0.18352714 -0.44730258 -1.32908224]
10:44:44-INFO: mixed forces 10 [-0.13319084 -1.82400978  1.39646243]
10:44:44-INFO: mixed forces 11 [0.52830013 1.32433037 0.98979663]
10:44:44-INFO: mixed forces 12 [ 1.40929789 -2.6304466   0.32960284]
10:44:44-INFO: mixed forces 13 [-0.47647581  2.02046475  0.1912537 ]
10:44:44-INFO: mixed forces 14 [ 0.80803337 -0.71749885  0.17247932]
10:44:44-INFO: mixed forces 15 [0.75407709 1.21009905 1.76254154]
10:44:44-INFO: mixed forces 16 [ 0.471556    0.24503965 -0.18997113]
10:44:44-INFO: mixed forces 17 [-2.25218983 -3.05141331 -1.01576326]
10:44:44-INFO: mixed forces 18 [-1.97080565  1.64372595  1.64569342]
10:44:44-INFO: mixed forces 19 [0.91591658 1.38307686 1.3276644 ]
10:44:44-INFO: mixed forces 0 [-3.92233706 -2.73581669  0.53129335]
10:44:44-INFO: mixed forces 1 [ 5.32494399  1.49696583 -1.07589618]
10:44:44-INFO: mixed forces 2 [ 1.15790733  0.50719894 -1.15614896]
10:44:44-INFO: mixed forces 3 [ 2.33952963 -0.33458962 -0.11290889]
10:44:44-INFO: mixed forces 4 [ 0.10094807 -0.45730952  0.094639  ]
10:44:44-INFO: mixed forces 5 [ 0.30020081  1.83474432 -0.44588373]
10:44:44-INFO: mixed forces 6 [0.05081603 1.44819924 2.02902849]
10:44:44-INFO: mixed forces 7 [-0.14890491  1.51446476  0.32034056]
10:44:44-INFO: mixed forces 8 [ 0.80020059  4.13463286 -5.02833552]
10:44:44-INFO: mixed forces 9 [-0.18462143 -0.47441215 -1.32746928]
10:44:44-INFO: mixed forces 10 [-0.13188133 -1.76081898  1.35466027]
10:44:44-INFO: mixed forces 11 [0.49498343 1.24576921 0.91759976]
10:44:44-INFO: mixed forces 12 [ 1.29967943 -2.77910703  0.29831568]
10:44:44-INFO: mixed forces 13 [-0.48796563  1.82523226  0.22760152]
10:44:44-INFO: mixed forces 14 [ 0.82191499 -0.7058512   0.18303315]
10:44:44-INFO: mixed forces 15 [0.78103238 1.21014556 1.68027605]
10:44:44-INFO: mixed forces 16 [ 0.43242488  0.22363769 -0.19662693]
10:44:44-INFO: mixed forces 17 [-2.18625499 -2.96169252 -1.00543598]
10:44:44-INFO: mixed forces 18 [-1.96819209  1.63443319  1.63221783]
10:44:44-INFO: mixed forces 19 [0.89851783 1.32190682 1.2988113 ]
10:44:44-INFO: mixed forces 0 [-5.13076104 -2.92693068  0.6463254 ]
10:44:44-INFO: mixed forces 1 [ 6.73030311  2.29756672 -1.16860875]
10:44:44-INFO: mixed forces 2 [ 1.12953476  0.50456023 -1.16656091]
10:44:44-INFO: mixed forces 3 [ 2.31029887 -0.32286737 -0.12426986]
10:44:44-INFO: mixed forces 4 [ 0.08921193 -0.44948286  0.08072361]
10:44:44-INFO: mixed forces 5 [ 0.30291306  1.78612528 -0.44805666]
10:44:44-INFO: mixed forces 6 [0.0378411  1.38627595 1.98530888]
10:44:44-INFO: mixed forces 7 [-0.15156411  1.48405378  0.32665701]
10:44:44-INFO: mixed forces 8 [ 0.89620418  4.03662313 -4.90146869]
10:44:44-INFO: mixed forces 9 [-0.19228759 -0.50707751 -1.32416143]
10:44:44-INFO: mixed forces 10 [-0.1349211  -1.69477971  1.31668952]
10:44:44-INFO: mixed forces 11 [0.46086085 1.17370162 0.84422732]
10:44:44-INFO: mixed forces 12 [ 1.04783236 -3.19989717  0.25841369]
10:44:44-INFO: mixed forces 13 [-0.51537331  1.60669965  0.26381213]
10:44:44-INFO: mixed forces 14 [ 0.83892967 -0.69498674  0.19703967]
10:44:44-INFO: mixed forces 15 [0.81375822 1.21835526 1.59541892]
10:44:44-INFO: mixed forces 16 [ 0.39093016  0.20772653 -0.20328846]
10:44:44-INFO: mixed forces 17 [-2.1167631  -2.87366152 -0.99477594]
10:44:44-INFO: mixed forces 18 [-1.96468039  1.6247785   1.61888102]
10:44:44-INFO: mixed forces 19 [0.87993848 1.26081062 1.26872946]
10:44:44-INFO: mixed forces 0 [-5.65354103 -2.42295134  0.75112802]
10:44:44-INFO: mixed forces 1 [ 7.66195164  2.82754457 -1.24137871]
10:44:44-INFO: mixed forces 2 [ 1.12028893  0.49103321 -1.17575735]
10:44:44-INFO: mixed forces 3 [ 2.28069696 -0.30969648 -0.13465651]
10:44:44-INFO: mixed forces 4 [ 0.07739466 -0.44134342  0.06667458]
10:44:44-INFO: mixed forces 5 [ 0.30560786  1.73649113 -0.45015041]
10:44:44-INFO: mixed forces 6 [0.02464714 1.32312029 1.94041186]
10:44:44-INFO: mixed forces 7 [-0.15437247  1.45282415  0.33269222]
10:44:44-INFO: mixed forces 8 [ 1.05573502  3.91831966 -4.76491131]
10:44:44-INFO: mixed forces 9 [-0.21835539 -0.55784457 -1.31856341]
10:44:44-INFO: mixed forces 10 [-0.15194347 -1.62241429  1.29268667]
10:44:44-INFO: mixed forces 11 [0.42424862 1.12274174 0.76891645]
10:44:44-INFO: mixed forces 12 [ 0.60534195 -4.00998511  0.20212789]
10:44:44-INFO: mixed forces 13 [-0.6115978   1.31172228  0.30068874]
10:44:44-INFO: mixed forces 14 [ 0.86572299 -0.6870265   0.22271161]
10:44:44-INFO: mixed forces 15 [0.86693554 1.25230675 1.50606813]
10:44:44-INFO: mixed forces 16 [ 0.34250792  0.21138679 -0.20996603]
10:44:44-INFO: mixed forces 17 [-2.03813522 -2.79429119 -0.98380648]
10:44:44-INFO: mixed forces 18 [-1.95836645  1.6143947   1.60650867]
10:44:44-INFO: mixed forces 19 [0.8582977  1.20227607 1.23599299]
10:44:44-INFO: mixed forces 0 [-5.99346357 -1.77108399  0.85317933]
10:44:44-INFO: mixed forces 1 [ 8.43238332  3.27802909 -1.31360175]
10:44:44-INFO: mixed forces 2 [ 1.14717005  0.45809254 -1.18293   ]
10:44:44-INFO: mixed forces 3 [ 2.25097589 -0.29444055 -0.14331893]
10:44:44-INFO: mixed forces 4 [ 0.06559784 -0.43272476  0.05259082]
10:44:44-INFO: mixed forces 5 [ 0.30822873  1.68568963 -0.45227067]
10:44:44-INFO: mixed forces 6 [0.01114643 1.25847681 1.89415866]
10:44:44-INFO: mixed forces 7 [-0.15753713  1.42056039  0.33817047]
10:44:44-INFO: mixed forces 8 [ 1.33155595  3.7647326  -4.61297949]
10:44:44-INFO: mixed forces 9 [-0.27763581 -0.64244178 -1.31019521]
10:44:44-INFO: mixed forces 10 [-0.19498887 -1.53943519  1.29533157]
10:44:44-INFO: mixed forces 11 [0.38265173 1.11127462 0.69073233]
10:44:44-INFO: mixed forces 12 [ 0.18746286 -4.82239186  0.13494943]
10:44:44-INFO: mixed forces 13 [-0.8428406   0.87338165  0.33910588]
10:44:44-INFO: mixed forces 14 [ 0.91057087 -0.68461066  0.2702915 ]
10:44:44-INFO: mixed forces 15 [0.95894169 1.33380597 1.40990369]
10:44:44-INFO: mixed forces 16 [ 0.28152328  0.25208479 -0.21665576]
10:44:44-INFO: mixed forces 17 [-1.94338084 -2.73212936 -0.97256356]
10:44:44-INFO: mixed forces 18 [-1.94686851  1.60282185  1.59615304]
10:44:44-INFO: mixed forces 19 [0.83121799 1.14940182 1.198829  ]
10:44:44-INFO: mixed forces 0 [-6.96357721 -1.92979167  0.95648589]
10:44:44-INFO: mixed forces 1 [ 9.52845919  3.92741506 -1.41400765]
10:44:44-INFO: mixed forces 2 [ 1.21588792  0.40314609 -1.18779342]
10:44:44-INFO: mixed forces 3 [ 2.22124173 -0.27691158 -0.14997429]
10:44:44-INFO: mixed forces 4 [ 0.05387787 -0.42354661  0.03851281]
10:44:44-INFO: mixed forces 5 [ 0.31075105  1.63369057 -0.45449866]
10:44:44-INFO: mixed forces 6 [-0.00265075  1.19228166  1.84648208]
10:44:44-INFO: mixed forces 7 [-0.161106    1.38720788  0.34299621]
10:44:44-INFO: mixed forces 8 [ 1.74070246  3.57159471 -4.44431136]
10:44:44-INFO: mixed forces 9 [-0.37481023 -0.76594285 -1.29894526]
10:44:44-INFO: mixed forces 10 [-0.26804978 -1.44445477  1.32888367]
10:44:44-INFO: mixed forces 11 [0.33493625 1.14556359 0.60939614]
10:44:44-INFO: mixed forces 12 [ 0.13028303 -4.94886348  0.08002818]
10:44:44-INFO: mixed forces 13 [-1.23246254  0.27089586  0.37912849]
10:44:44-INFO: mixed forces 14 [ 0.97616584 -0.6886741   0.34310073]
10:44:44-INFO: mixed forces 15 [1.09596796 1.46981703 1.30650844]
10:44:44-INFO: mixed forces 16 [ 0.20635464  0.3354441  -0.2233083 ]
10:44:44-INFO: mixed forces 17 [-1.83031839 -2.69002784 -0.96114475]
10:44:44-INFO: mixed forces 18 [-1.9294087   1.58990039  1.58815274]
10:44:44-INFO: mixed forces 19 [0.79796391 1.10325557 1.15668324]
10:44:44-INFO: mixed forces 0 [-8.43439016 -2.90637942  1.04296159]
10:44:44-INFO: mixed forces 1 [10.815351    4.69838095 -1.53323164]
10:44:44-INFO: mixed forces 2 [ 1.32121744  0.32921405 -1.19055007]
10:44:44-INFO: mixed forces 3 [ 2.1913918  -0.25726307 -0.15483176]
10:44:44-INFO: mixed forces 4 [ 0.0421974  -0.41389156  0.02442629]
10:44:44-INFO: mixed forces 5 [ 0.31317217  1.58056764 -0.45674896]
10:44:44-INFO: mixed forces 6 [-0.01672177  1.12467817  1.79747999]
10:44:45-INFO: mixed forces 7 [-0.16500409  1.3528555   0.34724397]
10:44:45-INFO: mixed forces 8 [ 2.26576416  3.34445842 -4.26149386]
10:44:45-INFO: mixed forces 9 [-0.50484    -0.92309047 -1.28502449]
10:44:45-INFO: mixed forces 10 [-0.36736265 -1.33883632  1.38942252]
10:44:45-INFO: mixed forces 11 [0.281502   1.22004947 0.52534826]
10:44:45-INFO: mixed forces 12 [ 0.43394692 -4.31798925  0.04899641]
10:44:45-INFO: mixed forces 13 [-1.76225667 -0.47216033  0.42007275]
10:44:45-INFO: mixed forces 14 [ 1.05986231 -0.69844796  0.43784333]
10:44:45-INFO: mixed forces 15 [1.27237573 1.65312142 1.19725258]
10:44:45-INFO: mixed forces 16 [ 0.11915286  0.45573202 -0.22986367]
10:44:45-INFO: mixed forces 17 [-1.70130219 -2.66520829 -0.94950717]
10:44:45-INFO: mixed forces 18 [-1.90675231  1.57577822  1.58218296]
10:44:45-INFO: mixed forces 19 [0.75932851 1.06289735 1.11016058]
10:44:45-INFO: mixed forces 0 [-9.14250135 -3.43908236  1.08364577]
10:44:45-INFO: mixed forces 1 [11.42406668  5.11461831 -1.61822608]
10:44:45-INFO: mixed forces 2 [ 1.46474228  0.23587531 -1.19110456]
10:44:45-INFO: mixed forces 3 [ 2.16146458 -0.23545584 -0.15781586]
10:44:45-INFO: mixed forces 4 [ 0.03058885 -0.40375539  0.01034529]
10:44:45-INFO: mixed forces 5 [ 0.31552207  1.52638573 -0.45901681]
10:44:45-INFO: mixed forces 6 [-0.03105703  1.05569964  1.74714047]
10:44:45-INFO: mixed forces 7 [-0.16924364  1.31750157  0.35088324]
10:44:45-INFO: mixed forces 8 [ 2.91070263  3.08293613 -4.06474396]
10:44:45-INFO: mixed forces 9 [-0.66866754 -1.11498211 -1.26857889]
10:44:45-INFO: mixed forces 10 [-0.49401516 -1.22226245  1.47812132]
10:44:45-INFO: mixed forces 11 [0.22167625 1.33657548 0.43857754]
10:44:45-INFO: mixed forces 12 [ 0.70774836 -3.71521791  0.01808472]
10:44:45-INFO: mixed forces 13 [-2.43928705 -1.36000879  0.46169528]
10:44:45-INFO: mixed forces 14 [ 1.16234676 -0.71420767  0.55533021]
10:44:45-INFO: mixed forces 15 [1.48990464 1.88535005 1.08233156]
10:44:45-INFO: mixed forces 16 [ 0.01972643  0.61424177 -0.23624347]
10:44:45-INFO: mixed forces 17 [-1.55586609 -2.65834611 -0.937683  ]
10:44:45-INFO: mixed forces 18 [-1.8787094   1.56043313  1.57832965]
10:44:45-INFO: mixed forces 19 [0.71514771 1.02864387 1.05916382]
10:44:45-INFO: mixed forces 0 [-7.97280192 -2.30459145  1.06719944]
10:44:45-INFO: mixed forces 1 [10.5913023   4.76499629 -1.61905267]
10:44:45-INFO: mixed forces 2 [ 1.64236745  0.12548258 -1.18960515]
10:44:45-INFO: mixed forces 3 [ 2.131424  -0.2116045 -0.1590765]
10:44:45-INFO: mixed forces 4 [ 0.01901493 -0.39319533 -0.0037362 ]
10:44:45-INFO: mixed forces 5 [ 0.31779919  1.4711962  -0.46124139]
10:44:45-INFO: mixed forces 6 [-0.04563541  0.98544238  1.69554506]
10:44:45-INFO: mixed forces 7 [-0.17376986  1.28121741  0.35393474]
10:44:45-INFO: mixed forces 8 [ 3.66173815  2.79160164 -3.85621329]
10:44:45-INFO: mixed forces 9 [-0.86229507 -1.33750285 -1.2499114 ]
10:44:45-INFO: mixed forces 10 [-0.64505113 -1.09582259  1.59191191]
10:44:45-INFO: mixed forces 11 [0.15567793 1.49077254 0.34944541]
10:44:45-INFO: mixed forces 12 [ 0.59553997 -3.9632401  -0.04881113]
10:44:45-INFO: mixed forces 13 [-3.24889071 -2.37429968  0.50339261]
10:44:45-INFO: mixed forces 14 [ 1.28155414 -0.73533428  0.69292683]
10:44:45-INFO: mixed forces 15 [1.74412755 2.16084099 0.96277256]
10:44:45-INFO: mixed forces 16 [-0.09027856  0.80637768 -0.24239044]
10:44:45-INFO: mixed forces 17 [-1.39590175 -2.66723951 -0.9256905 ]
10:44:45-INFO: mixed forces 18 [-1.84590013  1.54397101  1.57631832]
10:44:45-INFO: mixed forces 19 [0.66606166 0.99976034 1.0041789 ]
10:44:45-INFO: mixed forces 0 [-5.46881987  0.09734533  1.02090185]
10:44:45-INFO: mixed forces 1 [ 8.71824129  3.85335547 -1.54606718]
10:44:45-INFO: mixed forces 2 [ 1.79839932  0.02564829 -1.18849464]
10:44:45-INFO: mixed forces 3 [ 2.10045534 -0.1876694  -0.16099702]
10:44:45-INFO: mixed forces 4 [ 0.00716878 -0.38285295 -0.01810575]
10:44:45-INFO: mixed forces 5 [ 0.32019532  1.41564924 -0.46285476]
10:44:45-INFO: mixed forces 6 [-0.06028384  0.91502679  1.6433918 ]
10:44:45-INFO: mixed forces 7 [-0.17788675  1.24480563  0.35728026]
10:44:45-INFO: mixed forces 8 [ 4.34433623  2.51816694 -3.65524302]
10:44:45-INFO: mixed forces 9 [-1.0363988  -1.53855428 -1.22991453]
10:44:45-INFO: mixed forces 10 [-0.78086957 -0.97342886  1.68901793]
10:44:45-INFO: mixed forces 11 [0.09277838 1.62222791 0.26167232]
10:44:45-INFO: mixed forces 12 [ 0.1629881  -4.97128333 -0.14805429]
10:44:45-INFO: mixed forces 13 [-3.98156559 -3.29090539  0.54235964]
10:44:45-INFO: mixed forces 14 [ 1.390394   -0.75330458  0.8170767 ]
10:44:45-INFO: mixed forces 15 [1.97492929 2.40813816 0.84725945]
10:44:45-INFO: mixed forces 16 [-0.19196797  0.97504195 -0.24826998]
10:44:45-INFO: mixed forces 17 [-1.24462125 -2.66401364 -0.91336865]
10:44:45-INFO: mixed forces 18 [-1.81613791  1.52792311  1.57277927]
10:44:45-INFO: mixed forces 19 [0.61991314 0.96627704 0.95114491]
10:44:45-INFO: mixed forces 0 [-11.15589447  -5.70245739   1.11854696]
10:44:45-INFO: mixed forces 1 [12.56255841  5.84643912 -1.72777444]
10:44:45-INFO: mixed forces 2 [ 1.51589711  0.14053248 -1.20641324]
10:44:45-INFO: mixed forces 3 [ 2.06254633 -0.17822398 -0.18154978]
10:44:45-INFO: mixed forces 4 [-0.00736953 -0.37745814 -0.03490223]
10:44:45-INFO: mixed forces 5 [ 0.32409931  1.36425172 -0.45962826]
10:44:45-INFO: mixed forces 6 [-0.07374371  0.8524302   1.59574874]
10:44:45-INFO: mixed forces 7 [-0.17643089  1.21392195  0.36716176]
10:44:45-INFO: mixed forces 8 [ 3.6595431   2.60945763 -3.60044991]
10:44:45-INFO: mixed forces 9 [-0.82384481 -1.33027426 -1.2131664 ]
10:44:45-INFO: mixed forces 10 [-0.6050669  -0.95811311  1.45651448]
10:44:45-INFO: mixed forces 11 [0.10698277 1.27701545 0.20290494]
10:44:45-INFO: mixed forces 12 [ 1.5938641  -1.50259839  0.01943426]
10:44:45-INFO: mixed forces 13 [-3.06717637 -2.44583184  0.56095237]
10:44:45-INFO: mixed forces 14 [ 1.28694667 -0.70439704  0.67854667]
10:44:45-INFO: mixed forces 15 [1.73329645 2.09592448 0.79829116]
10:44:45-INFO: mixed forces 16 [-0.14677192  0.69695998 -0.25428738]
10:44:45-INFO: mixed forces 17 [-1.27396881 -2.44184577 -0.89914027]
10:44:45-INFO: mixed forces 18 [-1.8476385   1.52361609  1.54252009]
10:44:45-INFO: mixed forces 19 [0.63489108 0.85371742 0.94371673]
10:44:46-INFO: mixed forces 0 [-7.08528987 -1.64987894  1.0511467 ]
10:44:46-INFO: mixed forces 1 [ 9.57224433  4.33103294 -1.57027063]
10:44:46-INFO: mixed forces 2 [ 1.62967832  0.05914657 -1.20590785]
10:44:46-INFO: mixed forces 3 [ 2.02977263 -0.1540075  -0.18469902]
10:44:46-INFO: mixed forces 4 [-0.01972525 -0.36755541 -0.04979786]
10:44:46-INFO: mixed forces 5 [ 0.32670471  1.30805105 -0.45995201]
10:44:46-INFO: mixed forces 6 [-0.08848652  0.78181685  1.54254508]
10:44:46-INFO: mixed forces 7 [-0.1796859   1.1772534   0.37100203]
10:44:46-INFO: mixed forces 8 [ 4.21296991  2.36685577 -3.41166238]
10:44:46-INFO: mixed forces 9 [-0.96144377 -1.49157798 -1.18972478]
10:44:46-INFO: mixed forces 10 [-0.71110656 -0.84366897  1.52041404]
10:44:46-INFO: mixed forces 11 [0.05268041 1.36293711 0.11824811]
10:44:46-INFO: mixed forces 12 [ 0.65871305 -3.64719586 -0.12573578]
10:44:46-INFO: mixed forces 13 [-3.65314456 -3.18356962  0.59662192]
10:44:46-INFO: mixed forces 14 [ 1.37609538 -0.71622645  0.77718994]
10:44:46-INFO: mixed forces 15 [1.91843585 2.28988289 0.68968273]
10:44:46-INFO: mixed forces 16 [-0.23368044  0.8213408  -0.25988729]
10:44:46-INFO: mixed forces 17 [-1.13945721 -2.41557307 -0.88598934]
10:44:46-INFO: mixed forces 18 [-1.82377169  1.50835382  1.53607679]
10:44:46-INFO: mixed forces 19 [0.59443366 0.81134121 0.89432188]
10:44:46-INFO: mixed forces 0 [-4.82201298  0.36156445  0.99569645]
10:44:46-INFO: mixed forces 1 [ 7.78272571  3.47250605 -1.4800305 ]
10:44:46-INFO: mixed forces 2 [ 1.72320546 -0.0134249  -1.20559734]
10:44:46-INFO: mixed forces 3 [ 1.99613098 -0.12963307 -0.18839452]
10:44:46-INFO: mixed forces 4 [-0.03231913 -0.35788146 -0.06494275]
10:44:46-INFO: mixed forces 5 [ 0.32941451  1.25157083 -0.45962608]
10:44:46-INFO: mixed forces 6 [-0.10326052  0.71116696  1.48885197]
10:44:46-INFO: mixed forces 7 [-0.18251961  1.14047618  0.37506942]
10:44:46-INFO: mixed forces 8 [ 4.70508559  2.1407816  -3.22894883]
10:44:46-INFO: mixed forces 9 [-1.08207504 -1.63421171 -1.16468524]
10:44:46-INFO: mixed forces 10 [-0.80291444 -0.7333212   1.56838248]
10:44:46-INFO: mixed forces 11 [0.00189308 1.42740152 0.03512695]
10:44:46-INFO: mixed forces 12 [ 0.30579011 -4.45010493 -0.20653822]
10:44:46-INFO: mixed forces 13 [-4.16911559 -3.83643527  0.63049099]
10:44:46-INFO: mixed forces 14 [ 1.45574726 -0.72511433  0.86344022]
10:44:46-INFO: mixed forces 15 [2.08148268 2.45788011 0.58456977]
10:44:46-INFO: mixed forces 16 [-0.31331781  0.92407286 -0.26529931]
10:44:46-INFO: mixed forces 17 [-1.01320193 -2.37804024 -0.87242709]
10:44:46-INFO: mixed forces 18 [-1.80277125  1.49347895  1.52823878]
10:44:46-INFO: mixed forces 19 [0.55677895 0.76468083 0.84673579]
10:44:46-INFO: mixed forces 0 [-2.55448954  2.38050605  0.94106813]
10:44:46-INFO: mixed forces 1 [ 5.96088103  2.5831469  -1.37656797]
10:44:46-INFO: mixed forces 2 [ 1.77296922 -0.06579203 -1.20650899]
10:44:46-INFO: mixed forces 3 [ 1.9612929  -0.1059038  -0.19362549]
10:44:46-INFO: mixed forces 4 [-0.0452748  -0.34870692 -0.08043906]
10:44:46-INFO: mixed forces 5 [ 0.33229819  1.19509392 -0.45838495]
10:44:46-INFO: mixed forces 6 [-0.11799056  0.64094984  1.43497561]
10:44:46-INFO: mixed forces 7 [-0.18463938  1.10392978  0.37969554]
10:44:46-INFO: mixed forces 8 [ 5.06303741  1.95049518 -3.05988805]
10:44:46-INFO: mixed forces 9 [-1.16514584 -1.73645215 -1.13828094]
10:44:46-INFO: mixed forces 10 [-0.86377914 -0.63292149  1.58270659]
10:44:46-INFO: mixed forces 11 [-0.04097666  1.44472803 -0.04482973]
10:44:46-INFO: mixed forces 12 [-0.07690658 -5.31368213 -0.28476897]
10:44:46-INFO: mixed forces 13 [-4.52638375 -4.31181545  0.66178218]
10:44:46-INFO: mixed forces 14 [ 1.51454333 -0.72748437  0.92332493]
10:44:46-INFO: mixed forces 15 [2.19713072 2.57008217 0.4864139 ]
10:44:46-INFO: mixed forces 16 [-0.37797045  0.98149282 -0.27057084]
10:44:46-INFO: mixed forces 17 [-0.90487819 -2.31776213 -0.85837695]
10:44:46-INFO: mixed forces 18 [-1.78790315  1.47962538  1.51759261]
10:44:46-INFO: mixed forces 19 [0.5251921  0.70957207 0.80338489]
10:44:46-INFO: mixed forces 0 [-0.92185321  3.71083962  0.89139413]
10:44:46-INFO: mixed forces 1 [ 4.56189381  1.90705907 -1.2904612 ]
10:44:46-INFO: mixed forces 2 [ 1.78480627 -0.10104726 -1.20836846]
10:44:46-INFO: mixed forces 3 [ 1.92532138 -0.08262128 -0.20011491]
10:44:46-INFO: mixed forces 4 [-0.05855197 -0.33997135 -0.09624993]
10:44:46-INFO: mixed forces 5 [ 0.33534472  1.13860156 -0.45629967]
10:44:46-INFO: mixed forces 6 [-0.13267764  0.57111964  1.38087888]
10:44:46-INFO: mixed forces 7 [-0.18609657  1.06753923  0.38479775]
10:44:46-INFO: mixed forces 8 [ 5.30561077  1.79044031 -2.90209743]
10:44:46-INFO: mixed forces 9 [-1.2159756  -1.80396599 -1.11034509]
10:44:46-INFO: mixed forces 10 [-0.89783879 -0.54110171  1.56771244]
10:44:46-INFO: mixed forces 11 [-0.07650929  1.42117799 -0.12189313]
10:44:46-INFO: mixed forces 12 [-0.29801526 -5.77257003 -0.33689848]
10:44:46-INFO: mixed forces 13 [-4.74691523 -4.63485452  0.69107005]
10:44:46-INFO: mixed forces 14 [ 1.55537835 -0.72423433  0.96047655]
10:44:46-INFO: mixed forces 15 [2.27170177 2.63419652 0.39421023]
10:44:46-INFO: mixed forces 16 [-0.42981072  0.99988291 -0.27574555]
10:44:46-INFO: mixed forces 17 [-0.81201878 -2.2378379  -0.84380701]
10:44:46-INFO: mixed forces 18 [-1.77833132  1.46664084  1.50453447]
10:44:46-INFO: mixed forces 19 [0.49883564 0.64714801 0.7636243 ]
10:44:46-INFO: mixed forces 0 [0.12377861 4.39327932 0.84340917]
10:44:46-INFO: mixed forces 1 [ 3.55767872  1.4308329  -1.22218618]
10:44:46-INFO: mixed forces 2 [ 1.76754728 -0.12361489 -1.21078184]
10:44:46-INFO: mixed forces 3 [ 1.88838165 -0.05944432 -0.20747139]
10:44:46-INFO: mixed forces 4 [-0.07209175 -0.33158853 -0.11231476]
10:44:46-INFO: mixed forces 5 [ 0.33851689  1.08201999 -0.45340757]
10:44:46-INFO: mixed forces 6 [-0.14732939  0.50151323  1.32648876]
10:44:46-INFO: mixed forces 7 [-0.18698665  1.03122282  0.39021135]
10:44:46-INFO: mixed forces 8 [ 5.4605874   1.65301746 -2.75245028]
10:44:46-INFO: mixed forces 9 [-1.24240377 -1.84503004 -1.08078749]
10:44:46-INFO: mixed forces 10 [-0.91135007 -0.45572366  1.52997223]
10:44:46-INFO: mixed forces 11 [-0.10603643  1.36629724 -0.19655697]
10:44:46-INFO: mixed forces 12 [-0.365591   -5.83627639 -0.36272354]
10:44:46-INFO: mixed forces 13 [-4.86362537 -4.8419442   0.71892524]
10:44:46-INFO: mixed forces 14 [ 1.58253118 -0.71671466  0.98023451]
10:44:46-INFO: mixed forces 15 [2.31466372 2.66155216 0.30653992]
10:44:46-INFO: mixed forces 16 [-0.47189059  0.98838246 -0.28083087]
10:44:46-INFO: mixed forces 17 [-0.73096419 -2.14279148 -0.82876452]
10:44:46-INFO: mixed forces 18 [-1.77281571  1.45428982  1.48961024]
10:44:46-INFO: mixed forces 19 [0.47648515 0.57903563 0.72652535]
10:44:46-INFO: mixed forces 0 [0.66137984 4.49625891 0.79348363]
10:44:46-INFO: mixed forces 1 [ 2.89359888  1.12954226 -1.17037489]
10:44:46-INFO: mixed forces 2 [ 1.73102111 -0.13827009 -1.21330742]
10:44:46-INFO: mixed forces 3 [ 1.85063067 -0.03601971 -0.21524385]
10:44:46-INFO: mixed forces 4 [-0.08582374 -0.32344002 -0.12858287]
10:44:46-INFO: mixed forces 5 [ 0.34177962  1.02528708 -0.44982815]
10:44:46-INFO: mixed forces 6 [-0.16196449  0.43203097  1.27171623]
10:44:46-INFO: mixed forces 7 [-0.18744366  0.99485327  0.3957941 ]
10:44:46-INFO: mixed forces 8 [ 5.55875369  1.53006224 -2.60761611]
10:44:46-INFO: mixed forces 9 [-1.25310939 -1.86880056 -1.04956566]
10:44:46-INFO: mixed forces 10 [-0.9112996  -0.37444857  1.47684553]
10:44:46-INFO: mixed forces 11 [-0.13122874  1.29080403 -0.2694095 ]
10:44:46-INFO: mixed forces 12 [-0.29068828 -5.52942452 -0.36358985]
10:44:46-INFO: mixed forces 13 [-4.91314476 -4.97308837  0.74582619]
10:44:46-INFO: mixed forces 14 [ 1.60076641 -0.70643632  0.98852101]
10:44:46-INFO: mixed forces 15 [2.3365983  2.66473518 0.22191386]
10:44:46-INFO: mixed forces 16 [-0.50748464  0.95708079 -0.28583712]
10:44:46-INFO: mixed forces 17 [-0.65766867 -2.03763223 -0.81326015]
10:44:46-INFO: mixed forces 18 [-1.76997004  1.44231581  1.47342963]
10:44:46-INFO: mixed forces 19 [0.45677739 0.50703653 0.69107523]
10:44:46-INFO: mixed forces 0 [0.81840331 4.14463152 0.73860312]
10:44:46-INFO: mixed forces 1 [ 2.4793958   0.9591234  -1.13088648]
10:44:46-INFO: mixed forces 2 [ 1.68328303 -0.14883176 -1.21557708]
10:44:46-INFO: mixed forces 3 [ 1.81219046 -0.01207591 -0.22305797]
10:44:46-INFO: mixed forces 4 [-0.09969237 -0.31546177 -0.14498318]
10:44:46-INFO: mixed forces 5 [ 0.34513888  0.96836334 -0.44561524]
10:44:46-INFO: mixed forces 6 [-0.1765961   0.36252421  1.21649291]
10:44:46-INFO: mixed forces 7 [-0.18754127  0.95834058  0.40140801]
10:44:46-INFO: mixed forces 8 [ 5.62512949  1.41512566 -2.46494342]
10:44:46-INFO: mixed forces 9 [-1.25513042 -1.88266154 -1.01673691]
10:44:46-INFO: mixed forces 10 [-0.90338309 -0.29537706  1.41435991]
10:44:46-INFO: mixed forces 11 [-0.15356881  1.2035078  -0.34090223]
10:44:46-INFO: mixed forces 12 [-0.09965548 -4.91787906 -0.34336116]
10:44:46-INFO: mixed forces 13 [-4.92514187 -5.06071856  0.77211332]
10:44:46-INFO: mixed forces 14 [ 1.6139538  -0.6946312   0.99013598]
10:44:46-INFO: mixed forces 15 [2.34609971 2.6539173  0.1391128 ]
10:44:46-INFO: mixed forces 16 [-0.53930831  0.9141632  -0.29074721]
10:44:46-INFO: mixed forces 17 [-0.58884619 -1.92642659 -0.79732173]
10:44:46-INFO: mixed forces 18 [-1.76867248  1.43050095  1.45649585]
10:44:46-INFO: mixed forces 19 [0.43858414 0.43264759 0.65641049]
10:44:47-INFO: mixed forces 0 [0.72502428 3.47469183 0.67721624]
10:44:47-INFO: mixed forces 1 [ 2.22334095  0.87321126 -1.09899959]
10:44:47-INFO: mixed forces 2 [ 1.62966881 -0.15772899 -1.21737565]
10:44:47-INFO: mixed forces 3 [ 1.77314315  0.0125706  -0.23066585]
10:44:47-INFO: mixed forces 4 [-0.11365389 -0.30759634 -0.16149046]
10:44:47-INFO: mixed forces 5 [ 0.34851069  0.91119447 -0.44081849]
10:44:47-INFO: mixed forces 6 [-0.19122625  0.29296069  1.16078759]
10:44:47-INFO: mixed forces 7 [-0.1873399   0.92164029  0.40696478]
10:44:47-INFO: mixed forces 8 [ 5.67621331  1.30404702 -2.32276171]
10:44:47-INFO: mixed forces 9 [-1.25306252 -1.89143912 -0.98243939]
10:44:47-INFO: mixed forces 10 [-0.89139335 -0.21728241  1.34655058]
10:44:47-INFO: mixed forces 11 [-0.17410795  1.11025307 -0.41134741]
10:44:47-INFO: mixed forces 12 [ 0.17606282 -4.08188119 -0.30690158]
10:44:47-INFO: mixed forces 13 [-4.91902101 -5.12628398  0.79797602]
10:44:47-INFO: mixed forces 14 [ 1.62464781 -0.68210361  0.98825903]
10:44:47-INFO: mixed forces 15 [2.34889396 2.63582699 0.0573507 ]
10:44:47-INFO: mixed forces 16 [-0.56910649  0.86506227 -0.295549  ]
10:44:47-INFO: mixed forces 17 [-0.52232252 -1.81186704 -0.78098538]
10:44:47-INFO: mixed forces 18 [-1.76817198  1.41871862  1.43913655]
10:44:47-INFO: mixed forces 19 [0.42118874 0.35686228 0.62197494]
10:44:47-INFO: mixed forces 0 [0.48757051 2.60564689 0.60931696]
10:44:47-INFO: mixed forces 1 [ 2.05211224  0.83341778 -1.07086786]
10:44:47-INFO: mixed forces 2 [ 1.57309655 -0.16622817 -1.21856833]
10:44:47-INFO: mixed forces 3 [ 1.73354625  0.03800489 -0.2379266 ]
10:44:47-INFO: mixed forces 4 [-0.12769009 -0.29981379 -0.17807168]
10:44:47-INFO: mixed forces 5 [ 0.35191581  0.8538123  -0.43546032]
10:44:47-INFO: mixed forces 6 [-0.2058531   0.22331225  1.10460712]
10:44:47-INFO: mixed forces 7 [-0.18689157  0.88472629  0.41240516]
10:44:47-INFO: mixed forces 8 [ 5.72092912  1.19471627 -2.18018791]
10:44:47-INFO: mixed forces 9 [-1.24936929 -1.8977171  -0.94688896]
10:44:47-INFO: mixed forces 10 [-0.87739539 -0.13954608  1.2755877 ]
10:44:47-INFO: mixed forces 11 [-0.193484    1.01426104 -0.48088757]
10:44:47-INFO: mixed forces 12 [ 0.50709435 -3.09708122 -0.25895007]
10:44:47-INFO: mixed forces 13 [-4.90506254 -5.18154666  0.82349826]
10:44:47-INFO: mixed forces 14 [ 1.63423996 -0.66930853  0.98464034]
10:44:47-INFO: mixed forces 15 [ 2.34810442  2.61412397 -0.02378205]
10:44:47-INFO: mixed forces 16 [-0.5978629   0.81274747 -0.30023444]
10:44:47-INFO: mixed forces 17 [-0.45688007 -1.69550096 -0.76426904]
10:44:47-INFO: mixed forces 18 [-1.76806603  1.40689405  1.42154397]
10:44:47-INFO: mixed forces 19 [0.40416954 0.28027667 0.58749813]
10:44:47-INFO: mixed forces 0 [0.17807324 1.62575133 0.53603956]
10:44:47-INFO: mixed forces 1 [ 1.91816557  0.81384158 -1.04398638]
10:44:47-INFO: mixed forces 2 [ 1.51493407 -0.17476307 -1.2191187 ]
10:44:47-INFO: mixed forces 3 [ 1.69343658  0.06430401 -0.24476415]
10:44:47-INFO: mixed forces 4 [-0.14177613 -0.29211582 -0.19470892]
10:44:47-INFO: mixed forces 5 [ 0.35534866  0.7962297  -0.42951834]
10:44:47-INFO: mixed forces 6 [-0.22045802  0.1536065   1.04795942]
10:44:47-INFO: mixed forces 7 [-0.18618185  0.84758952  0.41770588]
10:44:47-INFO: mixed forces 8 [ 5.76320089  1.08626533 -2.03685198]
10:44:47-INFO: mixed forces 9 [-1.24506539 -1.90258407 -0.91033073]
10:44:47-INFO: mixed forces 10 [-0.86231694 -0.06195134  1.20249644]
10:44:47-INFO: mixed forces 11 [-0.21203432  0.91700976 -0.54955629]
10:44:47-INFO: mixed forces 12 [ 0.87026088 -2.02365912 -0.20346632]
10:44:47-INFO: mixed forces 13 [-4.88748338 -5.23179961  0.84872754]
10:44:47-INFO: mixed forces 14 [ 1.64334247 -0.65643093  0.98007974]
10:44:47-INFO: mixed forces 15 [ 2.34513525  2.59040744 -0.10449435]
10:44:47-INFO: mixed forces 16 [-0.62601923  0.75859317 -0.30479829]
10:44:47-INFO: mixed forces 17 [-0.39200375 -1.57806459 -0.74716049]
10:44:47-INFO: mixed forces 18 [-1.7681604   1.39500378  1.40380427]
10:44:47-INFO: mixed forces 19 [0.38735007 0.20316452 0.55282382]
10:44:47-INFO: mixed forces 0 [-0.1621986   0.59299079  0.45914318]
10:44:47-INFO: mixed forces 1 [ 1.79684333  0.80036393 -1.01714084]
10:44:47-INFO: mixed forces 2 [ 1.45567083 -0.18338011 -1.21901976]
10:44:47-INFO: mixed forces 3 [ 1.65282077  0.09145822 -0.25113188]
10:44:47-INFO: mixed forces 4 [-0.1558977  -0.28450248 -0.21138357]
10:44:47-INFO: mixed forces 5 [ 0.35880409  0.73847715 -0.42302293]
10:44:47-INFO: mixed forces 6 [-0.23504344  0.08386969  0.99086993]
10:44:47-INFO: mixed forces 7 [-0.18521585  0.8102609   0.42284477]
10:44:47-INFO: mixed forces 8 [ 5.80425876  0.97855145 -1.89269389]
10:44:47-INFO: mixed forces 9 [-1.24040127 -1.90635788 -0.87307792]
10:44:47-INFO: mixed forces 10 [-0.84647321  0.01551786  1.12761833]
10:44:47-INFO: mixed forces 11 [-0.22996028  0.81901229 -0.6173324 ]
10:44:47-INFO: mixed forces 12 [ 1.24909698 -0.90482386 -0.14347426]
10:44:47-INFO: mixed forces 13 [-4.86736333 -5.27887843  0.87370094]
10:44:47-INFO: mixed forces 14 [ 1.65216516 -0.64355292  0.97486446]
10:44:47-INFO: mixed forces 15 [ 2.34048515  2.56520341 -0.18483768]
10:44:47-INFO: mixed forces 16 [-0.65370282  0.70311399 -0.30924518]
10:44:47-INFO: mixed forces 17 [-0.32749295 -1.45988501 -0.72968328]
10:44:47-INFO: mixed forces 18 [-1.7683905   1.38304656  1.38596757]
10:44:47-INFO: mixed forces 19 [0.37065957 0.12568574 0.5179044 ]
