      Step          Pe(mixed)          E_total                Temp                  Pe                  Ke   Speed(ns/day)
         0     5058.2511888201     5058.2511888201        0.0000000000     5060.8627277342        0.0000000000      0.00000000
         1     5058.0001431898     5058.2514674632        1.8003048085     5060.6820633380        0.2513242734      0.49157334
         2     5057.2577392422     5058.2558683321        7.1498728532     5060.1409081615        0.9981290899      0.49242500
         3     5056.0604144429     5058.2714175159       15.8380223663     5059.2394058870        2.2110030730      0.48990532
         4     5054.4706271042     5058.3040564359       27.4599073324     5057.9721119518        3.8334293318      0.50076743
         5     5052.5515387132     5058.3489377842       41.5283620694     5056.3234162039        5.7973990709      0.49125348
reaction would have occurred
         6     5050.3226187216     5058.3891605259       57.7828547939     5054.2667057294        8.0665418043      0.49953183
reaction would have occurred
         7     5047.7456875959     5058.4116730635       76.4033838117     5051.7710891145       10.6659854676      0.50078127
reaction would have occurred
         8     5044.7639975314     5058.4182160090       97.8089177187     5048.8133249210       13.6542184775      0.50161309
reaction would have occurred
         9     5041.3456423882     5058.4169033524      122.2861316995     5045.3874963832       17.0712609642      0.49974194
reaction would have occurred
        10     5037.4967549417     5058.4147598680      149.8414153867     5041.5085605763       20.9180049263      0.49516686
reaction would have occurred
        11     5033.2688446542     5058.4235332672      180.1899444361     5037.2130718152       25.1546886130      0.50251037
reaction would have occurred
        12     5028.7756146607     5058.4626340076      212.6562744975     5032.5605270530       29.6870193468      0.49549861
        13     5024.1711056813     5058.5373240016      246.1746621027     5027.6317356391       34.3662183202      0.50228401
        14     5019.5441745656     5058.6143585761      279.8704605040     5022.5167196147       39.0701840104      0.51907993
        15     5014.8404042470     5058.6556205192      313.8604300383     5017.2938646700       43.8152162722      0.51876784
        16     5009.9463519515     5058.6649474587      348.9846824388     5012.0160595576       48.7185955072      0.51815589
        17     5004.8055898151     5058.6645645263      385.8066307204     5006.7150951775       53.8589747112      0.51029045
        18     4999.4215210613     5058.6619887717      424.3557433502     5001.4166849277       59.2404677104      0.50581394
        19     4993.8236457868     5058.6598406562      464.4394741162     4996.1523885184       64.8361948694      0.51620365
        20     4988.0942648880     5058.6824173374      505.6423263032     4990.9619919115       70.5881524494      0.51268364
        21     4982.4346431411     5058.7736958936      546.8376049254     4985.8834699542       76.3390527524      0.51018269
reaction would have occurred
        22     4977.0970842007     5058.9222566696      586.1361874717     4980.9288657054       81.8251724689      0.50721570
reaction would have occurred
        23     4972.1135095249     5059.0292819830      622.6015535631     4976.0595466102       86.9157724581      0.51484325
reaction would have occurred
        24     4967.2504249987     5059.0539760652      657.6140543904     4971.1950297809       91.8035510665      0.50164780
reaction would have occurred
        25     4962.3203329638     5059.0503084144      692.9033855249     4966.2643122926       96.7299754507      0.50003845
reaction would have occurred
        26     4957.3028883142     5059.0481402393      728.8291885895     4961.2485630093      101.7452519251      0.50547881
reaction would have occurred
        27     4952.2319748679     5059.0389467128      765.0876788115     4956.1776880814      106.8069718450      0.51063559
reaction would have occurred
        28     4947.1560774550     5059.0325695545      801.4020449730     4951.1089984347      111.8764920994      0.51499324
reaction would have occurred
        29     4942.2326875518     5059.0909955505      837.0881607462     4946.1194567578      116.8583079987      0.50637230
        30     4937.7836216720     5059.2651271559      870.2053943080     4941.3064331131      121.4815054839      0.50630862
        31     4934.0209416978     5059.4547218479      898.5166234174     4936.7740976645      125.4337801501      0.50174852
        32     4930.7351364403     5059.5153687345      922.4881793837     4932.5997795798      128.7802322942      0.49881674
        33     4927.6074192148     5059.4819726690      944.6536518522     4928.8111500465      131.8745534543      0.51198466
        34     4924.5744651184     5059.4446105484      966.1119000526     4925.3985908253      134.8701454300      0.50377127
        35     4921.7167361697     5059.4257324707      986.4473686643     4922.3424860317      137.7089963011      0.49720500
        36     4919.1042917804     5059.4182721603     1005.1075852003     4919.6283038618      140.3139803799      0.50553522
        37     4916.7737434470     5059.4157591223     1021.7839415241     4917.2479344659      142.6420156753      0.50661652
        38     4914.7418056660     5059.4151591938     1036.3349725630     4915.1968340722      144.6733535278      0.50427250
        39     4913.0149345848     5059.4151810795     1048.7051812560     4913.4717155147      146.4002464947      0.50371525
        40     4911.5936122009     5059.4152097121     1058.8867090268     4912.0693247977      147.8215975112      0.50520398
        41     4910.4739813366     5059.4148139293     1066.9040973656     4910.9859540507      148.9408325927      0.50092318
        42     4909.6481956260     5059.4134779912     1072.8098575593     4910.2174175600      149.7652823652      0.50399197
        43     4909.1038952195     5059.4103727990     1076.6865875437     4909.7593630706      150.3064775795      0.50125230
        44     4908.8227721744     5059.4041054641     1078.6554544982     4909.6078774488      150.5813332898      0.49992118
        45     4908.7782470405     5059.3926192082     1078.8921210566     4909.7603590700      150.6143721677      0.49959037
        46     4908.9337957675     5059.3741942099     1077.6458994725     4910.2164891018      150.4403984424      0.51078674
        47     4909.2489761611     5059.3522421315     1075.2309269664     4910.9786048189      150.1032659704      0.50848252
        48     4909.7093081426     5059.3461765567     1071.8899931527     4912.0495433231      149.6368684141      0.50902534
        49     4910.3838817043     5059.3953819574     1067.4103092294     4913.4246294425      149.0115002531      0.50665194
        50     4911.4344820888     5059.5199085250     1060.7765880903     4915.0763917748      148.0854264363      0.47278569
reaction would have occurred
        51     4912.9590787416     5059.6606145985     1050.8633997200     4916.9406366542      146.7015358568      0.50908970
reaction would have occurred
        52     4914.8225515053     5059.7324165770     1038.0291697208     4918.9235064777      144.9098650717      0.51321366
reaction would have occurred
        53     4916.7853837742     5059.7361485397     1023.9955960691     4920.9350839500      142.9507647654      0.50617779
reaction would have occurred
        54     4918.7276555174     5059.7233770112     1009.9910840710     4922.9199848643      140.9957214938      0.49080770
reaction would have occurred
        55     4920.6464205075     5059.7182632627      996.2098121840     4924.8563409055      139.0718427552      0.51524952
reaction would have occurred
        56     4922.5551706740     5059.7178567019      982.5339981079     4926.7344677212      137.1626860279      0.50688580
reaction would have occurred
        57     4924.4381950384     5059.7123740008      969.0061032317     4928.5401180454      135.2741789624      0.50870736
reaction would have occurred
        58     4926.2442666253     5059.6917047098      955.9206565244     4930.2495443253      133.4474380845      0.50966965
reaction would have occurred
        59     4927.8974331181     5059.6530132755      943.8014134447     4931.8340187045      131.7555801573      0.44790946
reaction would have occurred
        60     4929.3585948066     5059.6276938107      933.1533406131     4933.2745819182      130.2690990041      0.51698794
reaction would have occurred
        61     4930.7707029248     5059.7045402738      923.5884945857     4934.5858985211      128.9338373489      0.51538142
        62     4932.4985803820     5059.9335866876      912.8519560989     4935.8295595614      127.4350063056      0.50917911
        63     4934.7050425133     5060.1507008749      898.6017103099     4937.0845778948      125.4456583617      0.51604928
        64     4936.9984293592     5060.1801006775      882.3841492091     4938.3855629710      123.1816713183      0.51326818
        65     4938.9625724548     5060.1049171856      867.7758926674     4939.6972284141      121.1423447308      0.50838265
        66     4940.5518862052     5060.0422685757      855.9424324925     4940.9490826592      119.4903823705      0.50613537
        67     4941.8495456507     5060.0078761602      846.4005791026     4942.0764744632      118.1583305095      0.50596224
        68     4942.8981616972     5059.9891591554      838.7549792630     4943.0327217669      117.0909974581      0.50230837
        69     4943.7037851153     5059.9781575330      832.9052697745     4943.7844590730      116.2743724177      0.50754958
        70     4944.2581771387     5059.9713467993      828.8852202650     4944.3061252649      115.7131696606      0.50794086
        71     4944.5489480712     5059.9671415497      826.7722248437     4944.5768863956      115.4181934785      0.51163770
        72     4944.5631493723     5059.9647033475      826.6530315103     4944.5790631629      115.4015539751      0.51401440
        73     4944.2883740272     5059.9634753953      828.6125266281     4944.2972759450      115.6751013680      0.51328635
        74     4943.7130271975     5059.9630302817      832.7307055440     4943.7179713984      116.2500030841      0.51369745
        75     4942.8264392414     5059.9630367203      839.0816247374     4942.8292096347      117.1365974788      0.51211490
        76     4941.6190603664     5059.9632534370      847.7319636834     4941.6206568758      118.3441930706      0.51219814
        77     4940.0827677187     5059.9635171950      858.7387393034     4940.0837336303      119.8807494762      0.50741456
        78     4938.2112350508     5059.9637236105      872.1465205180     4938.2118610212      121.7524885597      0.50980230
        79     4936.0003038550     5059.9638082722      887.9846344630     4936.0007461542      123.9635044171      0.51083354
        80     4933.4483075996     5059.9637328806      906.2647446145     4933.4486530836      126.5154252810      0.50590926
        81     4930.5563149232     5059.9634767988      926.9790481908     4930.5566158697      129.4071618756      0.50823649
        82     4927.3282687848     5059.9630323260      950.0992455321     4927.3285619945      132.6347635412      0.50472551
        83     4923.7710084356     5059.9624018224      975.5763621092     4923.7713269667      136.1913933868      0.44222495
        84     4919.8941712589     5059.9615953715     1003.3414349302     4919.8945536933      140.0674241127      0.50743232
        85     4915.7099819065     5059.9606282967     1033.3070052201     4915.7104823326      144.2506463902      0.50254173
        86     4911.2329458153     5059.9595184054     1065.3692941106     4911.2336468009      148.7265725901      0.50250340
        87     4906.4794721970     5059.9582834056     1099.4108847579     4906.4805018904      153.4788112087      0.50871094
        88     4901.4674575845     5059.9569395892     1135.3036960828     4901.4690094200      158.4894820047      0.51036232
        89     4896.2158646876     5059.9555033338     1172.9120103047     4896.2182128738      163.7396386462      0.51520923
        90     4890.7443310909     5059.9539963129     1212.0953132634     4890.7478278194      169.2096652220      0.51757865
        91     4885.0728345815     5059.9524525674     1252.7107424268     4885.0778704713      174.8796179859      0.50376427
        92     4879.2214236928     5059.9509216789     1294.6150398091     4879.2283396524      180.7294979861      0.51717608
        93     4873.2099983709     5059.9494612899     1337.6660695390     4873.2189595090      186.7394629190      0.50929361
        94     4867.0581121632     5059.9481179114     1381.7240973566     4867.0689842214      192.8900057482      0.50423391
        95     4860.7847788696     5059.9469045667     1426.6530154793     4860.7970644263      199.1621256972      0.50308241
        96     4854.4082995956     5059.9457887329     1472.3214950901     4854.4211786129      205.5374891373      0.11317353
        97     4847.9461580531     5059.9446994277     1518.6037870937     4847.9586380322      211.9985413747      0.41028912
        98     4841.4150405097     5059.9435521009     1565.3797575139     4841.4261750671      218.5285115912      0.38576319
        99     4834.8310154080     5059.9422811056     1612.5338334364     4834.8401184223      225.1112656976      0.47511635
