      Step          Pe(mixed)          E_total                Temp                  Pe                  Ke   Speed(ns/day)
         0   -31457.7915523168   -31457.7915523168        0.0000000000   -31456.8121320928        0.0000000000      0.00000000
         0   -31459.2702198329   -31457.8147827677       10.4256955008   -31457.8866951956        1.4554370651     79.43687924
reaction occured at step 1 for id pairs: (array([1, 3]),)
        50   -31541.7071846675   -31456.5392438153      610.0813556474   -31541.7071455186       85.1679408522      2.42149597
       100   -31546.6296148383   -31456.5709230828      645.1151478392   -31546.6296148383       90.0586917555      3.24403116
       150   -31527.8753393848   -31456.6210562573      510.4140033347   -31527.8104690386       71.2542831276      3.08492394
reaction occured at step 176 for id pairs: (array([  1, 654]),)
reaction occured at step 184 for id pairs: (array([1, 3]),)
reaction occured at step 187 for id pairs: (array([  1, 654]),)
       200   -31542.5699356036   -31454.7861760666      628.8191834421   -31542.5699356036       87.7837595370      1.79381693
       250   -31534.1894159872   -31454.8891643333      568.0494860875   -31534.1893564218       79.3002516540      3.06787326
       300   -31523.3092954344   -31455.7273061482      484.1083537831   -31523.3092954344       67.5819892862      2.27856823
       350   -31536.5192679125   -31455.7411463619      578.6358741223   -31536.5192679125       80.7781215506      3.61657607
       400   -31532.2711783466   -31455.7353913965      548.2468660253   -31532.2711783466       76.5357869501      2.81517818
       450   -31532.6339549368   -31455.7460941658      550.7688675179   -31532.6339549368       76.8878607710      2.02003145
       500   -31536.1533316989   -31455.7355601193      576.0545882936   -31536.1533316989       80.4177715796      2.71431049
       550   -31534.7644327985   -31455.7360930960      566.1017060864   -31534.7644327985       79.0283397026      3.74996989
       600   -31537.6520125360   -31455.7471473306      586.7070484347   -31537.6520125360       81.9048652054      4.63493623
       650   -31535.1382197537   -31455.7508672480      568.6734134148   -31535.1382197537       79.3873525057      2.17109279
       700   -31532.7852087146   -31455.7414326860      551.8857313381   -31532.7852087146       77.0437760287      3.14423776
       750   -31534.9919663403   -31455.7465422687      567.6567410544   -31534.9919663403       79.2454240716      3.93927600
       800   -31530.6641158305   -31455.7382605673      536.7144831093   -31530.6641132845       74.9258552631      2.78861230
       850   -31530.8150933744   -31455.7372475030      537.8032335871   -31530.8150933744       75.0778458713      3.03565799
       900   -31535.8653359562   -31455.7412026370      573.9511767730   -31535.8653359562       80.1241333192      3.61605568
       950   -31533.8315302497   -31455.7473824053      559.3382004403   -31533.8315302497       78.0841478444      3.08194931
      1000   -31532.6866438559   -31455.7470849519      551.1391954462   -31532.6866438559       76.9395589040      2.33184280
      1050   -31533.9888474189   -31455.7449392081      560.4826078303   -31533.9888474189       78.2439082108      3.91332458
      1100   -31533.1807244060   -31455.7448878825      554.6941683605   -31533.1807244060       77.4358365236      3.80234874
      1150   -31534.2598088452   -31455.7443555406      562.4277599296   -31534.2598088451       78.5154533046      3.61538539
      1200   -31538.4789824708   -31455.7583725642      592.5504518109   -31538.4789746503       82.7206099066      1.92909439
      1250   -31531.4864863792   -31455.7473139918      542.5404970856   -31531.4864863706       75.7391723874      1.94453274
      1300   -31533.6692859042   -31455.7456622997      558.1883212150   -31533.6692859042       77.9236236046      2.63185662
      1350   -31538.6698614746   -31455.7500983151      593.9770412678   -31538.6698614745       82.9197631594      3.26692172
      1400   -31528.7758926895   -31455.7439370581      523.1479597997   -31528.7758926895       73.0319556314      3.75868541
      1450   -31531.6277675045   -31455.7441675489      543.5750714306   -31531.6277675045       75.8835999556      3.33159637
      1500   -31536.5630070260   -31455.7519362805      578.8718982564   -31536.5630070260       80.8110707455      3.77045981
      1550   -31530.4855287391   -31455.7478880668      535.3662502932   -31530.4854979258       74.7376406723      2.04055471
      1600   -31535.2741722907   -31455.7481483765      569.6667548067   -31535.2741722907       79.5260239142      2.20055918
      1650   -31536.1682571435   -31455.7560605054      576.0146534561   -31536.1682571433       80.4121966381      3.34539277
      1700   -31534.4004528773   -31455.7523983514      563.3776189032   -31534.4004528673       78.6480545259      2.40866453
      1750   -31531.0357559894   -31455.7429384197      539.3431349145   -31531.0357559894       75.2928175697      2.93044082
      1800   -31534.0543534029   -31455.7502190432      560.9140242791   -31534.0543534029       78.3041343597      3.22920807
      1850   -31535.8127279293   -31455.7667255582      573.3915033298   -31535.5776905434       80.0460023712      2.03960079
reaction occured at step 1862 for id pairs: (array([1, 3]),)
reaction occured at step 1865 for id pairs: (array([  1, 654]),)
reaction occured at step 1898 for id pairs: (array([1, 3]),)
      1900   -31530.0034117748   -31454.4955935242      540.8832438519   -31530.0030429876       75.5078182506      1.64970247
reaction occured at step 1906 for id pairs: (array([  1, 654]),)
      1950   -31534.7851168495   -31454.4733868592      575.2949832596   -31534.7851168495       80.3117299902      2.62923413
      2000   -31531.9571480118   -31454.4656754129      555.0927048513   -31531.9571480118       77.4914725989      3.59143934
      2050   -31532.1408452068   -31454.4663849955      556.4034953851   -31532.1408452068       77.6744602113      2.80964779
      2100   -31534.3684153290   -31454.4723705810      572.3173156823   -31534.3684153290       79.8960447480      3.18013920
      2150   -31530.5521127392   -31454.4904941818      544.8502675764   -31530.5521127392       76.0616185574      3.59301039
      2200   -31533.6875367126   -31454.7670807262      565.3289053923   -31533.6874773317       78.9204559864      2.38866570
      2250   -31531.9829735381   -31454.7650521408      553.1331824508   -31531.9829735381       77.2179213973      2.43426797
      2300   -31532.2976103655   -31454.7688339834      555.3599220974   -31532.2976103654       77.5287763821      3.51454128
      2350   -31534.5038861127   -31454.7673842511      571.1744661618   -31534.5038861127       79.7365018617      2.08104151
      2400   -31531.1133394817   -31454.7544509923      546.9796937580   -31531.1133394817       76.3588884894      3.39398822
      2450   -31531.9633973485   -31454.7632327469      553.0059856454   -31531.9633973485       77.2001646016      3.91892004
      2500   -31535.1754685276   -31454.7615259359      576.0271602015   -31535.1754685276       80.4139425917      3.69357117
      2550   -31535.4211142491   -31454.7710974175      577.7182248306   -31535.4211142491       80.6500168316      3.07773046
      2600   -31533.9379603985   -31454.7813828686      567.0203088699   -31533.9379603985       79.1565775299      3.56877042
      2650   -31532.9693864334   -31454.7604883360      560.2318207712   -31532.9693864334       78.2088980974      3.82313833
      2700   -31535.0379051758   -31454.7660948174      575.0090279708   -31535.0379051758       80.2718103584      2.95928580
      2750   -31533.0960381894   -31454.8117030654      560.7721969146   -31533.0950271471       78.2843351240      1.80087833
      2800   -31535.1032783866   -31454.8400051484      574.9478742337   -31535.1032783866       80.2632732382      2.02524525
      2850   -31531.6016681381   -31454.8340739678      549.9073648206   -31531.6016681381       76.7675941703      4.27788314
      2900   -31533.9926733224   -31454.8334703846      567.0391153880   -31533.9926702340       79.1592029378      2.33559247
      2950   -31533.9680764841   -31454.8417771704      566.8034176903   -31533.9680764841       79.1262993137      2.75415965
      3000   -31530.7025049366   -31454.8349372052      543.4602282051   -31530.7025049366       75.8675677315      3.34820550
      3050   -31534.3349401276   -31454.8472438289      569.3922035683   -31534.3349400227       79.4876962987      1.96794523
      3100   -31533.7753245079   -31454.8477009715      565.3802485223   -31533.7753245079       78.9276235365      2.84275230
      3150   -31533.5923882090   -31454.8540672163      564.0242224010   -31533.5923882090       78.7383209927      3.07964868
      3200   -31532.6481401596   -31454.8601916307      557.2164433784   -31532.6412625736       77.7879485289      1.73166439
      3250   -31533.2804804654   -31454.8628517811      561.7270153029   -31533.2804804654       78.4176286843      2.65427475
      3300   -31533.9177726681   -31454.8709090615      566.2343978996   -31533.9177726681       79.0468636066      3.31830583
      3350   -31535.5956021790   -31454.8687004110      578.2689727498   -31535.5956021790       80.7269017680      3.63264860
      3400   -31534.3677971694   -31454.8664144763      569.4902429706   -31534.3658629002       79.5013826931      2.65103246
      3450   -31531.2925065798   -31454.8625735410      547.4886053810   -31531.2925065798       76.4299330388      1.89669127
      3500   -31535.1948346115   -31454.8730333223      575.3671267414   -31535.1948346115       80.3218012893      2.66542726
      3550   -31536.0451992309   -31454.8693552806      581.4848689247   -31536.0451992309       81.1758439503      2.64242341
      3600   -31533.6475620332   -31454.8685272560      564.3158664233   -31533.6475620332       78.7790347773      3.42432735
      3650   -31532.9906778976   -31454.8689193907      559.6076159476   -31532.9906778976       78.1217585069      3.46801497
      3700   -31534.0046094409   -31454.8793665654      566.7958501332   -31533.9412784325       79.1252428755      2.69622755
      3750   -31535.8230881834   -31454.6065163969      581.7766136029   -31535.5888775873       81.2165717865      2.09209441
reaction occured at step 3760 for id pairs: (array([1, 3]),)
reaction occured at step 3763 for id pairs: (array([  1, 654]),)
      3800   -31529.8956629959   -31453.6311367744      546.3037509126   -31529.8952258220       76.2645262216      1.59714208
      3850   -31534.0870469481   -31454.1634962071      572.5143486656   -31534.0870469481       79.9235507409      2.25300324
      3900   -31534.1186180395   -31454.2306967081      572.2591254182   -31534.0310568358       79.8879213315      2.80019467
      3950   -31533.5002541907   -31454.1680261930      568.2785414214   -31533.5002541907       79.3322279977      2.37672812
      4000   -31533.1144691598   -31454.1690128280      565.5079897343   -31533.1144691598       78.9454563319      3.01715578
      4050   -31530.8613374326   -31454.1620934164      549.4177538908   -31530.8613070175       76.6992440162      3.48821970
      4100   -31535.2324614632   -31454.1723530941      580.6558231645   -31535.2324614632       81.0601083691      2.44135674
      4150   -31532.4786695318   -31454.1682302495      560.9591881717   -31532.4786695318       78.3104392823      3.91875815
      4200   -31534.8650866041   -31454.1703039051      578.0388950356   -31534.8650772931       80.6947826990      3.07280177
      4250   -31532.0620645566   -31454.1615720955      558.0226264801   -31532.0620645565       77.9004924611      1.95673941
      4300   -31532.8142290856   -31454.1665032426      563.3752644569   -31532.8142290856       78.6477258430      3.23488676
      4350   -31535.2526420691   -31454.1733090908      580.7935343209   -31535.2526344925       81.0793329783      2.00774084
      4400   -31534.2479140833   -31454.1773793771      573.5672351842   -31534.2479140833       80.0705347061      2.66882752
      4450   -31532.3642113338   -31454.1705425011      560.1227293640   -31532.3642101397       78.1936688326      3.53621034
      4500   -31533.3335466411   -31454.1636878816      567.1154459663   -31533.3335465779       79.1698587595      2.03268347
      4550   -31530.5743878101   -31454.1605657693      547.3731978770   -31530.5743878101       76.4138220408      2.47190782
      4600   -31533.4802758736   -31454.1718845799      568.1077925630   -31533.4802758736       79.3083912937      3.59550794
      4650   -31531.8824712315   -31454.1622499487      556.7312945100   -31531.8824712315       77.7202212827      4.26039736
      4700   -31535.4941528370   -31454.1713830227      582.5373392484   -31535.4941528370       81.3227698143      3.79369586
      4750   -31530.1135452803   -31454.1665514252      544.0291793461   -31530.1135452803       75.9469938550      3.27657661
      4800   -31533.0782031748   -31454.1645425132      565.2802286139   -31533.0782031748       78.9136606616      3.03949144
      4850   -31531.9501181943   -31454.1712318696      557.1515283202   -31531.9501181943       77.7788863246      2.98229463
      4900   -31532.6518996831   -31454.1694030298      562.1916823834   -31532.6518996831       78.4824966533      4.18370818
      4950   -31537.9565744085   -31454.1742388764      600.1558841189   -31537.9565744085       83.7823355321      3.63888030
      5000   -31532.8880356427   -31454.1671520290      563.8993136646   -31532.8880356427       78.7208836137      4.64421918
      5050   -31534.1409139162   -31454.1689089670      572.8614394696   -31534.1409139162       79.9720049492      4.45289451
      5100   -31533.2106353006   -31454.1697843211      566.1913278004   -31533.2106353006       79.0408509796      3.12273147
      5150   -31531.6041855771   -31454.1222781533      555.0241868746   -31531.6041476841       77.4819074238      1.86807363
      5200   -31535.1217141976   -31454.1256916380      580.1967589065   -31535.1217141976       80.9960225596      2.28741719
      5250   -31534.5577099855   -31454.1246501139      576.1641025283   -31534.5577099855       80.4330598715      3.37264306
      5300   -31531.8744240083   -31454.1412632151      556.8239837776   -31531.8743166310       77.7331607932      1.98596247
      5350   -31532.8582342971   -31454.1441642400      563.8505062871   -31532.8582342971       78.7140700571      3.53298416
      5400   -31533.6157426334   -31454.1432128079      569.2835619543   -31533.6157426334       79.4725298255      3.62671257
      5450   -31531.4847635387   -31454.1449752774      554.0061482734   -31531.4847635387       77.3397882612      2.80475674
      5500   -31534.5022609701   -31454.1497272005      575.5872719401   -31534.5008630786       80.3525337696      2.15759230
      5550   -31533.4467041765   -31454.1508476196      568.0180028004   -31533.4467041765       79.2958565570      2.85176006
      5600   -31533.4750729577   -31454.1496304776      568.2299348954   -31533.4725577830       79.3254424802      2.29723331
      5650   -31535.6626379600   -31454.1514710551      583.8868793603   -31535.6625900674       81.5111669049      2.02576987
reaction occured at step 5676 for id pairs: (array([1, 3]),)
      5700   -31531.9855208304   -31453.7374691697      560.5122885007   -31531.9855194934       78.2480516608      2.02313680
      5750   -31534.4973758776   -31453.7410821965      578.4795150972   -31534.4973758776       80.7562936811      3.49710712
      5800   -31533.2716831956   -31453.7331545696      569.7563294925   -31533.2716831956       79.5385286261      4.36191566
      5850   -31531.4913810187   -31453.7206803811      557.0928919955   -31531.4913810187       77.7707006376      3.90737766
      5900   -31537.4393996579   -31453.7371000992      599.5825644557   -31537.4393996579       83.7022995587      3.25473857
      5950   -31533.4283356305   -31453.7406621643      570.8246949513   -31533.4283356305       79.6876734661      3.47045072
      6000   -31531.4815076221   -31453.7323715625      556.9384189993   -31531.4814964005       77.7491360596      2.25920667
reaction occured at step 6022 for id pairs: (array([  1, 659]),)
reaction occured at step 6025 for id pairs: (array([1, 3]),)
reaction occured at step 6033 for id pairs: (array([  1, 659]),)
      6050   -31533.8322800565   -31452.7307192576      580.9527583059   -31533.6746273400       81.1015607989      1.64072344
      6100   -31532.1384240762   -31452.9358154632      567.3500421635   -31532.1384240762       79.2026086131      2.22156913
      6150   -31531.4944392128   -31452.9409303924      562.7003620426   -31531.4878926665       78.5535088203      2.57935311
      6200   -31533.8173741866   -31452.9571070430      579.2243055702   -31533.8173741866       80.8602671436      2.05881585
      6250   -31532.5687717508   -31452.9561387000      570.2871598430   -31532.5687717508       79.6126330508      2.75526445
      6300   -31533.9900703774   -31452.9595423006      580.4439314049   -31533.9900703774       81.0305280768      3.55871503
      6350   -31533.2534738937   -31452.9555613578      575.1960050385   -31533.2534738937       80.2979125359      3.05738806
      6400   -31532.0339885178   -31452.9580689491      566.4425337373   -31532.0339885178       79.0759195687      3.08831010
      6450   -31533.4844074821   -31452.9589042313      576.8262998478   -31533.4844074821       80.5255032508      3.74684176
      6500   -31534.7462648287   -31452.9540260334      585.9002745204   -31534.7462648287       81.7922387953      2.56626530
      6550   -31531.6454087496   -31452.9531705562      563.6941186507   -31531.6454087496       78.6922381934      3.83792267
      6600   -31531.1374552486   -31452.9549867400      560.0424983660   -31531.1348621519       78.1824685085      3.14394970
reaction occured at step 6621 for id pairs: (array([1, 3]),)
reaction occured at step 6625 for id pairs: (array([  1, 659]),)
reaction occured at step 6633 for id pairs: (array([1, 3]),)
      6650   -31531.8511544995   -31451.3158161688      576.8967512268   -31531.8338722140       80.5353383307      1.67376485
      6700   -31531.5630374911   -31451.3965452926      574.2546050615   -31531.5630374911       80.1664921985      3.03654064
      6750   -31530.6704412446   -31451.9599265137      563.8250385088   -31530.4442054871       78.7105147309      2.71352922
reaction occured at step 6752 for id pairs: (array([  1, 654]),)
reaction occured at step 6755 for id pairs: (array([1, 3]),)
reaction occured at step 6762 for id pairs: (array([  1, 654]),)
      6800   -31532.2688847988   -31451.1538833501      581.0490373721   -31532.2688847988       81.1150014487      2.13145686
      6850   -31531.0149947612   -31451.1241672132      572.2799434463   -31531.0146989868       79.8908275481      3.45903423
      6900   -31533.2639180980   -31451.1230203793      588.3978141643   -31533.2639180980       82.1408977187      2.48746114
      6950   -31533.4323190621   -31451.1249453519      589.5903274220   -31533.4323190621       82.3073737102      4.12700610
      7000   -31529.5884020603   -31451.1407756018      561.9418975994   -31529.5884020603       78.4476264585      2.98191770
      7050   -31529.5809512927   -31451.3582150147      560.3309474596   -31529.5809497937       78.2227362779      1.73903615
      7100   -31530.1414947034   -31451.3610946297      564.3256464165   -31530.1414947034       78.7804000737      2.12427909
      7150   -31535.5006369873   -31451.3772182583      602.5991567520   -31535.5006369873       84.1234187289      3.20675829
      7200   -31532.4614263924   -31451.3791564354      580.8145727062   -31532.4614263562       81.0822699570      2.36430722
      7250   -31531.7309284020   -31451.3867486763      575.5274296292   -31531.7309284020       80.3441797258      2.80772517
      7300   -31531.4500992225   -31451.4555979821      573.0225865829   -31531.1944692837       79.9945012404      2.25965295
reaction occured at step 7334 for id pairs: (array([ 1, 12]),)
reaction occured at step 7342 for id pairs: (array([  1, 654]),)
reaction occured at step 7345 for id pairs: (array([ 1, 12]),)
      7350   -31533.1564456629   -31450.2481419106      593.8949543866   -31533.1564422851       82.9083037523      1.55169548
reaction occured at step 7367 for id pairs: (array([  1, 654]),)
      7400   -31530.3964190442   -31450.1864402133      574.5661117543   -31530.3964089758       80.2099788308      1.79665981
      7450   -31530.0766772930   -31450.1957483600      572.2090369473   -31530.0766772930       79.8809289330      2.84769228
      7500   -31530.5016756425   -31450.1886701548      575.3041199978   -31530.5016756425       80.3130054876      2.92081510
      7550   -31534.4961744503   -31450.2046529941      603.8033227650   -31534.4961733971       84.2915214563      2.62541268
      7600   -31529.9260822160   -31450.2080047140      571.0424874128   -31529.9260822160       79.7180775021      1.94507505
      7650   -31530.7242148748   -31450.1970281214      576.8383592390   -31530.7242148748       80.5271867533      2.46053584
      7700   -31530.8764136008   -31450.2091564895      577.8417216898   -31530.8763891602       80.6672571113      2.26862571
      7750   -31530.6768794957   -31450.2125543561      576.3880642320   -31530.6768794957       80.4643251396      3.43733647
      7800   -31529.5301154083   -31450.2027276217      568.2438696598   -31529.5297555459       79.3273877866      3.15120541
      7850   -31529.2855791700   -31450.2076782178      566.4567269321   -31529.2855791700       79.0779009522      2.26029733
      7900   -31532.5175327350   -31450.2147134469      589.5577028454   -31532.5175327350       82.3028192881      4.27971604
      7950   -31533.0617952859   -31450.2090793688      593.4967634537   -31533.0617867101       82.8527159171      2.65902879
      8000   -31531.6077551549   -31450.2308381139      582.9252107079   -31531.6068823654       81.3769170411      1.91724253
      8050   -31530.3253246350   -31450.2302786264      573.7428163772   -31530.3253246350       80.0950460086      1.80735371
      8100   -31533.4666066554   -31450.2362720062      596.2017501613   -31533.4665880482       83.2303346491      2.20569330
      8150   -31531.5500761362   -31450.2338792928      582.4902552526   -31531.5500761362       81.3161968434      1.92395323
      8200   -31530.5244462879   -31450.2271406292      575.1916578111   -31530.5244462879       80.2973056588      2.99568179
      8250   -31530.3839547003   -31450.2310832269      574.1570360659   -31530.3839547003       80.1528714734      3.01443171
      8300   -31529.0586149733   -31450.2279250418      564.6858864829   -31529.0586149733       78.8306899315      2.78860501
      8350   -31532.7623229160   -31450.2326962988      591.1823860474   -31532.7623178338       82.5296266173      3.08442663
      8400   -31530.7460924357   -31450.2359078237      576.7165682300   -31530.7460827805       80.5101846120      2.18240602
      8450   -31532.6853505686   -31450.2322049488      590.6345316536   -31532.6850404781       82.4531456198      2.26885978
      8500   -31532.2431132615   -31450.2291849599      587.4882973516   -31532.2431132615       82.0139283016      2.44405441
      8550   -31531.4169405757   -31450.2393827741      581.4971457123   -31531.4169405757       81.1775578016      3.38192745
      8600   -31529.4392190680   -31450.2246560501      567.4356748490   -31529.4392170854       79.2145630179      2.02720770
      8650   -31528.2465992447   -31450.2256122118      558.8857621976   -31528.2253565436       78.0209870329      1.90153590
reaction occured at step 8671 for id pairs: (array([ 1, 12]),)
reaction occured at step 8674 for id pairs: (array([  1, 654]),)
      8700   -31527.9524582400   -31448.1270319917      571.8114559703   -31527.9462117873       79.8254262483      1.77881827
      8750   -31531.6658768319   -31448.2596647532      597.4616085024   -31531.6658768319       83.4062120787      2.80254602
      8800   -31530.5328881789   -31448.8246237396      585.2987431407   -31530.5328864426       81.7082644392      1.83068999
      8850   -31533.7610304886   -31449.0870574695      606.5429283673   -31533.7610304886       84.6739730190      1.88976416
      8900   -31529.7841661708   -31449.0705608647      578.1737265409   -31529.7841660042       80.7136053061      2.99201727
reaction occured at step 8935 for id pairs: (array([ 1, 12]),)
reaction occured at step 8939 for id pairs: (array([  1, 654]),)
      8950   -31531.7523750207   -31448.2378620225      598.2373977391   -31530.1031279626       83.5145129983      1.91577328
reaction occured at step 8950 for id pairs: (array([ 1, 12]),)
reaction occured at step 8957 for id pairs: (array([  1, 654]),)
      9000   -31528.7300697037   -31445.0453990336      599.4562838843   -31528.6964747698       83.6846706701      1.48950181
      9050   -31530.6774222658   -31445.1173767296      612.8901092086   -31530.6774222658       85.5600455362      4.09031346
      9100   -31529.3342228124   -31446.3563712131      594.3931447190   -31528.3357261342       82.9778515993      2.57453446
      9150   -31529.4062487431   -31445.9553781940      597.7815093929   -31529.4062487431       83.4508705490      3.57138079
      9200   -31527.7540226910   -31445.9893498317      585.7028121486   -31527.7530343481       81.7646728593      2.73203814
      9250   -31527.1423723839   -31446.1032851937      580.5052426855   -31527.1423723839       81.0390871902      2.27988878
      9300   -31528.7999984273   -31446.1167780026      592.2826206813   -31528.7999984273       82.6832204247      3.68568839
      9350   -31528.8446151722   -31446.1360697689      592.4640304599   -31528.8446072115       82.7085454033      3.68744054
      9400   -31530.9852980463   -31446.1640320616      607.5980283411   -31530.9852328682       84.8212659847      1.86612334
      9450   -31527.5071925210   -31446.1667405913      582.6640010979   -31527.5071925210       81.3404519297      3.91971016
      9500   -31531.1148013524   -31446.1727608381      608.4631694732   -31531.1148013524       84.9420405143      4.49318394
      9550   -31527.8745506418   -31446.1926892057      585.1096111766   -31527.8745506418       81.6818614361      2.66121852
      9600   -31528.1664410798   -31446.1828450107      587.2710192379   -31528.1664410798       81.9835960691      3.48430238
      9650   -31530.6201291161   -31446.3010186978      604.0009500787   -31530.6181678842       84.3191104183      2.61687637
      9700   -31533.6797600248   -31446.3344770888      625.6782551012   -31533.6797600248       87.3452829360      2.16806764
reaction occured at step 9746 for id pairs: (array([ 1, 12]),)
      9750   -31525.5606739037   -31445.3847530750      574.3221449294   -31525.5603836523       80.1759208287      2.08540470
      9800   -31532.2858014364   -31445.7429602827      619.9301441870   -31532.2858014364       86.5428411537      2.02603308
      9850   -31531.2950255230   -31445.7419520989      612.8401660542   -31531.2950075739       85.5530734241      2.74862515
      9900   -31529.8519311907   -31445.7857983536      602.1888021723   -31529.8517690618       84.0661328371      2.53445134
reaction occured at step 9930 for id pairs: (array([  1, 639]),)
reaction occured at step 9938 for id pairs: (array([ 1, 12]),)
reaction occured at step 9947 for id pairs: (array([  1, 639]),)
      9950   -31526.8914083714   -31443.7279993516      595.7223434944   -31526.8914083714       83.1634090198      1.60719562
reaction occured at step 9956 for id pairs: (array([ 1, 12]),)
reaction occured at step 9963 for id pairs: (array([  1, 639]),)
     10000   -31528.3152217911   -31441.7767380464      619.8989308696   -31528.3152217911       86.5384837447      2.66233058
     10050   -31526.4237764470   -31441.7484372457      606.5527147066   -31526.4237764470       84.6753392014      3.31678727
     10100   -31529.6543215287   -31442.4404517596      624.7369064883   -31529.6532801415       87.2138697691      2.29469525
     10150   -31525.7000927123   -31442.3723430693      596.8995605223   -31525.6821408023       83.3277496430      2.04398359
     10200   -31526.4498545957   -31442.3760002432      602.2441135079   -31526.4498545957       84.0738543524      2.22377296
     10250   -31526.7830382084   -31442.3787344681      604.6112132464   -31526.7830382084       84.4043037403      3.35877710
     10300   -31528.1615126994   -31442.3838471696      614.4489810027   -31528.1615111365       85.7776655299      2.07167306
     10350   -31528.3580831568   -31442.3835992384      615.8588451846   -31528.3580818498       85.9744839183      2.79938264
     10400   -31526.2786054716   -31442.3823748183      600.9717461583   -31526.2786052763       83.8962306533      1.92988502
     10450   -31524.7678190515   -31442.3875534852      590.1124718105   -31524.7678190515       82.3802655663      3.63276003
