h_pos [ 7.72698576  9.33797731 10.62596387] x_pos [ 8.17600687 10.59801269 10.41501435] y_pos [ 6.45700189  8.69500116 10.46497795]
h_pos [ 7.72470585  9.33727068 10.62549974] x_pos [ 8.17603685 10.59794234 10.4150331 ] y_pos [ 6.45717642  8.69506594 10.46499149]
h_pos [ 7.71993505  9.33731471 10.62407989] x_pos [ 8.17609555 10.59765484 10.41510214] y_pos [ 6.45760927  8.69521676 10.46501732]
h_pos [ 7.71331095  9.33873844 10.62170545] x_pos [ 8.17617306 10.5971278  10.41522498] y_pos [ 6.45827239  8.69544047 10.46505089]
h_pos [ 7.70450718  9.34112511 10.61839987] x_pos [ 8.17627392 10.59637591 10.4153987 ] y_pos [ 6.45918     8.69574458 10.46509447]
h_pos [ 7.69388048  9.34474349 10.6141848 ] x_pos [ 8.17639252 10.59539001 10.41562428] y_pos [ 6.46031619  8.69612247 10.46514534]
h_pos [ 7.68137066  9.34939248 10.60909576] x_pos [ 8.17652954 10.59417773 10.41589972] y_pos [ 6.46168325  8.69657659 10.46520371]
h_pos [ 7.66725209  9.35519281 10.6031706 ] x_pos [ 8.17668072 10.59273573 10.41622474] y_pos [ 6.46326869  8.69710254 10.4652673 ]
h_pos [ 7.65160603  9.36203387 10.59645655] x_pos [ 8.1768448  10.59106912 10.41659751] y_pos [ 6.46506839  8.69770017 10.46533519]
h_pos [ 7.6346943   9.36996921 10.58900392] x_pos [ 8.17701789 10.58917757 10.417017  ] y_pos [ 6.46707023  8.69836562 10.46540509]
h_pos [ 7.61667938  9.37892467 10.58086933] x_pos [ 8.17719771 10.58706564 10.41748125] y_pos [ 6.46926636  8.69909716 10.46547543]
h_pos [ 7.59782813  9.38891579 10.57211167] x_pos [ 8.17738055 10.58473508 10.41798869] y_pos [ 6.47164429  8.69989084 10.46554389]
h_pos [ 7.57834805  9.39987871 10.56279347] x_pos [ 8.17756373 10.58219084 10.41853714] y_pos [ 6.47419404  8.70074388 10.46560856]
h_pos [ 7.55850842  9.41180133 10.55297797] x_pos [ 8.17774384 10.57943643 10.41912462] y_pos [ 6.47690284  8.701652   10.46566712]
h_pos [ 7.53853549  9.42461664 10.54272949] x_pos [ 8.17791829 10.57647764 10.41974871] y_pos [ 6.47975974  8.70261163 10.46571761]
h_pos [ 7.51869045  9.43828871 10.53211116] x_pos [ 8.1780842  10.57331955 10.42040713] y_pos [ 6.48275218  8.70361821 10.46575783]
h_pos [ 7.49919608  9.45273939 10.52118487] x_pos [ 8.17823949 10.569969   10.4210973 ] y_pos [ 6.4858692   8.70466771 10.46578592]
h_pos [ 7.4802906   9.4679087  10.51000944] x_pos [ 8.17838206 10.56643243 10.42181675] y_pos [ 6.48909914  8.70575553 10.46579995]
h_pos [ 7.46217158  9.48369923 10.49864064] x_pos [ 8.17851068 10.56271778 10.4225628 ] y_pos [ 6.49243205  8.70687769 10.46579828]
h_pos [ 7.44503606  9.5000213  10.48712983] x_pos [ 8.17862431 10.55883273 10.4233329 ] y_pos [ 6.495858    8.70803014 10.46577928]
h_pos [ 7.42903438  9.51674658 10.47552438] x_pos [ 8.17872292 10.55478633 10.42412438] y_pos [ 6.4993691   8.70920975 10.46574158]
h_pos [ 7.41430362  9.53374498 10.46386687] x_pos [ 8.17880688 10.5505875  10.42493471] y_pos [ 6.50295797  8.71041381 10.46568383]
h_pos [ 7.40092786  9.55084376 10.45219588] x_pos [ 8.17887774 10.5462465  10.42576132] y_pos [ 6.50661944  8.71164096 10.46560487]
h_pos [ 7.38897025  9.56786201 10.44054566] x_pos [ 8.1789377  10.54177358 10.42660183] y_pos [ 6.51034911  8.71289055 10.46550345]
h_pos [ 7.37843853  9.58457489 10.42894694] x_pos [ 8.17899027 10.53718031 10.42745386] y_pos [ 6.51414469  8.71416348 10.46537845]
h_pos [ 7.36931906  9.60075036 10.41742666] x_pos [ 8.17903982 10.53247828 10.42831531] y_pos [ 6.51800442  8.71546137 10.46522859]
h_pos [ 7.36154807  9.6161201  10.40600853] x_pos [ 8.17909203 10.52768019 10.42918418] y_pos [ 6.52192823  8.71678713 10.46505261]
h_pos [ 7.35504903  9.63042059 10.39471247] x_pos [ 8.17915328 10.52279854 10.43005879] y_pos [ 6.52591605  8.71814394 10.46484907]
h_pos [ 7.34971084  9.64337207 10.38355493] x_pos [ 8.17923092 10.51784642 10.43093761] y_pos [ 6.52996877  8.71953558 10.46461654]
h_pos [ 7.34542621  9.65472092 10.37254833] x_pos [ 8.17933249 10.51283612 10.43181946] y_pos [ 6.53408664  8.72096538 10.46435346]
h_pos [ 7.34207649  9.66422526 10.3617015 ] x_pos [ 8.17946564 10.50777971 10.43270334] y_pos [ 6.53827007  8.7224363  10.46405831]
h_pos [ 7.3395648   9.67169068 10.35101955] x_pos [ 8.17963743 10.50268779 10.43358847] y_pos [ 6.54251837  8.72395013 10.4637296 ]
h_pos [ 7.33780477  9.67695876 10.34050477] x_pos [ 8.17985413 10.49756991 10.43447417] y_pos [ 6.54683041  8.72550758 10.46336596]
h_pos [ 7.33674249  9.67992967 10.33015713] x_pos [ 8.18012073 10.49243377 10.43535985] y_pos [ 6.55120382  8.72710778 10.46296615]
h_pos [ 7.33634743  9.68055171 10.31997529] x_pos [ 8.18044089 10.48728557 10.43624488] y_pos [ 6.55563549  8.7287484  10.4625292 ]
h_pos [ 7.3366234   9.67883193 10.30995721] x_pos [ 8.18081669 10.4821296  10.43712857] y_pos [ 6.56012111  8.73042544 10.46205434]
h_pos [ 7.33760274  9.67482878 10.30010086] x_pos [ 8.18124875 10.47696859 10.43801008] y_pos [ 6.56465544  8.7321333  10.46154117]
h_pos [ 7.33935126  9.66865629 10.29040438] x_pos [ 8.18173614 10.47180358 10.43888837] y_pos [ 6.56923206  8.73386471 10.46098959]
h_pos [ 7.34196454  9.66047903 10.2808661 ] x_pos [ 8.18227663 10.46663417 10.43976217] y_pos [ 6.57384345  8.73561071 10.46039995]
h_pos [ 7.34556729  9.6505101  10.27148415] x_pos [ 8.18286683 10.46145868 10.44062997] y_pos [ 6.57848096  8.7373608  10.45977303]
h_pos [ 7.35030627  9.639002   10.26225593] x_pos [ 8.18350259 10.45627449 10.44149002] y_pos [ 6.58313489  8.73910311 10.45911007]
h_pos [ 7.35634236  9.62623599 10.25317755] x_pos [ 8.1841794  10.45107838 10.44234042] y_pos [ 6.58779468  8.74082479 10.45841274]
h_pos [ 7.3638386   9.61250681 10.24424345] x_pos [ 8.18489288 10.44586701 10.44317917] y_pos [ 6.59244927  8.74251252 10.45768309]
h_pos [ 7.3729482   9.59810682 10.23544665] x_pos [ 8.18563923 10.44063731 10.44400428] y_pos [ 6.5970875   8.74415315 10.45692341]
h_pos [ 7.38380189  9.58330954 10.22677956] x_pos [ 8.18641554 10.43538684 10.44481387] y_pos [ 6.60169861  8.74573435 10.45613611]
h_pos [ 7.39649683  9.56835514 10.21823564] x_pos [ 8.18722004 10.43011404 10.44560627] y_pos [ 6.60627279  8.74724525 10.45532346]
h_pos [ 7.41108646  9.55343808 10.20981168] x_pos [ 8.18805219 10.42481845 10.44638002] y_pos [ 6.61080177  8.74867706 10.45448743]
h_pos [ 7.42757258  9.53869813 10.20151022] x_pos [ 8.18891268 10.41950075 10.44713401] y_pos [ 6.61527936  8.75002348 10.45362948]
h_pos [ 7.44589952  9.52421509 10.19334178] x_pos [ 8.18980341 10.41416284 10.44786746] y_pos [ 6.61970186  8.75128098 10.45275033]
h_pos [ 7.46595182  9.51000803 10.18532623] x_pos [ 8.1907274  10.40880787 10.44857993] y_pos [ 6.62406839  8.75244878 10.45184985]
h_pos [ 7.48755589  9.49603907 10.17749315] x_pos [ 8.19168861 10.40344018 10.44927141] y_pos [ 6.62838086  8.75352864 10.45092705]
h_pos [ 7.51048638  9.48222184 10.1698811 ] x_pos [ 8.19269177 10.39806521 10.44994223] y_pos [ 6.63264387  8.75452439 10.44998009]
h_pos [ 7.53447733  9.46843422 10.16253608] x_pos [ 8.19374209 10.39268928 10.45059308] y_pos [ 6.63686423  8.75544134 10.44900641]
h_pos [ 7.55923754  9.45453483 10.15550997] x_pos [ 8.19484492 10.38731915 10.45122485] y_pos [ 6.64105044  8.75628557 10.44800298]
h_pos [ 7.5844688   9.44038216 10.14885915] x_pos [ 8.19600526 10.38196153 10.45183853] y_pos [ 6.64521192  8.7570633  10.44696649]
h_pos [ 7.60988462  9.42585409 10.14264375] x_pos [ 8.19722737 10.37662238 10.45243491] y_pos [ 6.64935828  8.75778024 10.44589362]
h_pos [ 7.63522634  9.41086481 10.13692741] x_pos [ 8.19851441 10.37130622 10.45301445] y_pos [ 6.65349866  8.75844113 10.44478131]
h_pos [ 7.66027361  9.395376   10.13177712] x_pos [ 8.19986828 10.36601571 10.45357706] y_pos [ 6.65764115  8.75904953 10.44362688]
h_pos [ 7.68484799  9.37940029 10.12726288] x_pos [ 8.20128965 10.36075142 10.45412205] y_pos [ 6.66179256  8.75960767 10.44242816]
h_pos [ 7.70881025  9.36299773 10.12345676] x_pos [ 8.20277818 10.35551189 10.45464815] y_pos [ 6.66595831  8.76011659 10.44118352]
