h_pos [ 7.72698576  9.33797731 10.62596387] x_pos [ 8.17600687 10.59801269 10.41501435] y_pos [ 6.45700189  8.69500116 10.46497795]
h_pos [ 7.72470585  9.33727068 10.62549974] x_pos [ 6.45717642  8.69506594 10.46499149] y_pos [ 8.17603685 10.59794234 10.4150331 ]
h_pos [ 7.71763859  9.33490504 10.62411224] x_pos [ 6.45770915  8.69526446 10.46503398] y_pos [ 8.17613003 10.59773862 10.41508804]
h_pos [ 7.70565465  9.33069152 10.6218166 ] x_pos [ 6.45860386  8.69559844 10.46510652] y_pos [ 8.17628876 10.59740753 10.41517797]
h_pos [ 7.68891489  9.32468632 10.61863906] x_pos [ 6.45985055  8.69606309 10.46520794] y_pos [ 8.17651198 10.59694815 10.41530276]
h_pos [ 7.66763791  9.31695395 10.61461823] x_pos [ 6.46143494  8.69665139 10.46533672] y_pos [ 8.17679854 10.59635972 10.41546215]
h_pos [ 7.64219278  9.30765037 10.60980736] x_pos [ 6.46333435  8.69735216 10.46549023] y_pos [ 8.17714623 10.59563985 10.41565602]
h_pos [ 7.61302694  9.29694417 10.604276  ] x_pos [ 6.46552092  8.69815163 10.46566509] y_pos [ 8.17755311 10.59478795 10.41588388]
h_pos [ 7.58059259  9.28494407 10.59810962] x_pos [ 6.46796487  8.69903509 10.46585762] y_pos [ 8.17801898 10.59380838 10.41614443]
h_pos [ 7.54531515  9.2716827  10.5914055 ] x_pos [ 6.47063612  8.69998765 10.466064  ] y_pos [ 8.17854576 10.59271091 10.41643559]
h_pos [ 7.50764397  9.25719106 10.58426635] x_pos [ 6.47350237  8.70099312 10.46628009] y_pos [ 8.17913629 10.59150715 10.41675509]
h_pos [ 7.46812389  9.24158825 10.57679532] x_pos [ 6.47652624  8.70203245 10.46650116] y_pos [ 8.17979251 10.59020645 10.41710105]
h_pos [ 7.42740692  9.22510061 10.56909386] x_pos [ 6.47966501  8.70308331 10.46672197] y_pos [ 8.18051486 10.58881487 10.41747208]
h_pos [ 7.3862086   9.20802212 10.56126045] x_pos [ 6.48287258  8.70412104 10.4669371 ] y_pos [ 8.18130299 10.58733658 10.41786709]
h_pos [ 7.34526208  9.1906754  10.5533886 ] x_pos [ 6.48610165  8.70511978 10.46714129] y_pos [ 8.18215638 10.58577531 10.41828507]
h_pos [ 7.3052917   9.17339356 10.54556442] x_pos [ 6.48930516  8.70605315 10.46732962] y_pos [ 8.18307465 10.58413476 10.41872506]
h_pos [ 7.26699788  9.15651291 10.53786416] x_pos [ 6.49243726  8.70689478 10.4674977 ] y_pos [ 8.18405751 10.58241862 10.41918613]
h_pos [ 7.23104544  9.14036751 10.53035225] x_pos [ 6.49545406  8.70761881 10.46764175] y_pos [ 8.18510478 10.58063049 10.41966744]
h_pos [ 7.19805312  9.12528314 10.52307959] x_pos [ 6.49831447  8.70820038 10.46775876] y_pos [ 8.18621629 10.57877379 10.42016818]
h_pos [ 7.16858422  9.11157074 10.5160825 ] x_pos [ 6.50098085  8.7086161  10.46784652] y_pos [ 8.18739184 10.5768517  10.42068761]
h_pos [ 7.16416129  9.10503671 10.45469387] x_pos [ 6.51158539  8.69836536 10.46701578] y_pos [ 8.20437754 10.55201243 10.42746851]
h_pos [ 7.19323757  9.11799307 10.44968322] x_pos [ 6.51081169  8.69606611 10.46682545] y_pos [ 8.2062599  10.54944556 10.42816927]
h_pos [ 7.22604469  9.13250635 10.44464953] x_pos [ 6.50982642  8.69359299 10.46662262] y_pos [ 8.20819099 10.54682682 10.42888209]
h_pos [ 7.26205079  9.1482734  10.43959315] x_pos [ 6.5086648   8.69096942 10.46640714] y_pos [ 8.21016855 10.544155   10.42960649]
h_pos [ 7.30066703  9.16496989 10.43452446] x_pos [ 6.50736563  8.68822068 10.46617831] y_pos [ 8.21219028 10.54142861 10.43034193]
h_pos [ 7.34125612  9.18225726 10.42946318] x_pos [ 6.50597076  8.68537345 10.46593488] y_pos [ 8.21425388 10.53864593 10.43108788]
h_pos [ 7.38314169  9.19978894 10.42443747] x_pos [ 6.50452428  8.68245528 10.46567511] y_pos [ 8.21635712 10.53580512 10.43184373]
h_pos [ 7.42561852  9.21721557 10.41948264] x_pos [ 6.50307182  8.67949407 10.46539691] y_pos [ 8.21849792 10.53290433 10.43260889]
h_pos [ 7.46796384  9.23418966 10.41463981] x_pos [ 6.5016597   8.67651758 10.4650979 ] y_pos [ 8.22067446 10.52994186 10.43338268]
h_pos [ 7.50945359  9.25037342 10.4099542 ] x_pos [ 6.5003339   8.67355285 10.46477547] y_pos [ 8.22288516 10.52691619 10.43416443]
h_pos [ 7.54939864  9.26546588 10.40547295] x_pos [ 6.49913825  8.67062519 10.46442699] y_pos [ 8.22512822 10.52382523 10.43495342]
h_pos [ 7.58721314  9.27926469 10.40124243] x_pos [ 6.49811146  8.66775659 10.46405   ] y_pos [ 8.22740039 10.52066411 10.43574881]
h_pos [ 7.62245578  9.29170365 10.39730661] x_pos [ 6.49728528  8.66496489 10.46364226] y_pos [ 8.22969646 10.51742388 10.4365496 ]
h_pos [ 7.65473769  9.30274728 10.39370767] x_pos [ 6.49668805  8.66226599 10.46320164] y_pos [ 8.23201179 10.51409631 10.43735469]
h_pos [ 7.68357085  9.31220718 10.39048606] x_pos [ 6.49635035  8.65967717 10.46272577] y_pos [ 8.2343464  10.51068226 10.43816316]
h_pos [ 7.70839876  9.31974298 10.38767639] x_pos [ 6.49630308  8.65721602 10.46221214] y_pos [ 8.23670487 10.50719246 10.43897442]
h_pos [ 7.72884609  9.32510975 10.38530131] x_pos [ 6.49656661  8.65489453 10.46165885] y_pos [ 8.2390915  10.50363786 10.43978797]
h_pos [ 7.74493867  9.32839971 10.3833692 ] x_pos [ 6.49714138  8.65271404 10.46106519] y_pos [ 8.24150583 10.50001931 10.44060286]
h_pos [ 7.75780491  9.33069981 10.3818578 ] x_pos [ 8.24393536 10.49630908 10.44141631] y_pos [ 6.49797755  8.65065109 10.46043247]
h_pos [ 7.76909605  9.33355475 10.38073306] x_pos [ 8.24636259 10.49246385 10.44222455] y_pos [ 6.49899694  8.64866753 10.45976408]
h_pos [ 7.77954806  9.33767174 10.37998297] x_pos [ 8.24877833 10.48846289 10.44302571] y_pos [ 6.50016311  8.64674528 10.45906204]
h_pos [ 7.78955224  9.34335746 10.37959623] x_pos [ 8.25118046 10.48430226 10.44381877] y_pos [ 6.50145397  8.64487415 10.45832758]
h_pos [ 7.79949994  9.35090695 10.37955993] x_pos [ 8.25356667 10.47997809 10.44460284] y_pos [ 6.50284695  8.64304358 10.45756213]
h_pos [ 7.80965832  9.36046718 10.37986024] x_pos [ 8.2559369  10.47549242 10.44537744] y_pos [ 6.50432447  8.64124555 10.45676692]
h_pos [ 7.82017848  9.37204326 10.38048169] x_pos [ 8.25829327 10.47085317 10.44614251] y_pos [ 6.5058736   8.63947444 10.45594299]
h_pos [ 7.83111009  9.38551144 10.38140649] x_pos [ 8.26064003 10.46607392 10.44689841] y_pos [ 6.5074854   8.6377267  10.45509121]
h_pos [ 7.84242592  9.40064416 10.38261409] x_pos [ 8.2629832  10.46117296 10.44764584] y_pos [ 6.50915383  8.63600035 10.45421231]
h_pos [ 7.85404719  9.41713828 10.38408108] x_pos [ 8.26533013 10.4561723  10.44838578] y_pos [ 6.51087466  8.63429437 10.45330697]
h_pos [ 7.86586463  9.43464079 10.38578142] x_pos [ 8.26768912 10.45109649 10.44911945] y_pos [ 6.51264457  8.63260825 10.4523758 ]
h_pos [ 7.87775301  9.45276895 10.38768702] x_pos [ 8.27006906 10.44597172 10.44984821] y_pos [ 6.51446065  8.6309417  10.45141946]
